icm20948.c:482:13:cs_low	8	static
icm20948.c:477:13:cs_high	8	static
icm20948.c:487:13:select_user_bank	16	static
icm20948.c:512:13:write_single_icm20948_reg	16	static
icm20948.c:560:13:write_single_ak09916_reg	16	static
icm20948.c:539:13:write_multiple_icm20948_reg	40	static
icm20948.c:498:16:read_single_icm20948_reg	24	static
icm20948.c:550:16:read_single_ak09916_reg	8	static
icm20948.c:129:6:setup_wom	8	static
icm20948.c:135:6:icm20948_who_am_i	8	static
icm20948.c:145:6:ak09916_who_am_i	8	static
icm20948.c:155:6:icm20948_device_reset	8	static
icm20948.c:161:6:ak09916_soft_reset	8	static
icm20948.c:167:6:icm20948_wakeup	8	static
icm20948.c:176:6:icm20948_sleep	8	static
icm20948.c:185:6:icm20948_spi_slave_enable	8	static
icm20948.c:193:6:icm20948_i2c_master_reset	8	static
icm20948.c:201:6:icm20948_i2c_master_enable	8	static
icm20948.c:210:6:icm20948_i2c_master_clk_frq	8	static
icm20948.c:218:6:icm20948_clock_source	8	static
icm20948.c:226:6:icm20948_odr_align_enable	8	static
icm20948.c:231:6:icm20948_gyro_low_pass_filter	8	static
icm20948.c:239:6:icm20948_accel_low_pass_filter	8	static
icm20948.c:247:6:icm20948_gyro_fchoice	8	static
icm20948.c:255:6:icm20948_accel_fchoice	8	static
icm20948.c:263:6:icm20948_gyro_dutyCycle	8	static
icm20948.c:272:6:icm20948_accel_dutyCycle	8	static
icm20948.c:280:6:icm20948_set_wakeOnMotion	8	static
icm20948.c:297:6:icm20948_gyro_sample_rate_divider	8	static
icm20948.c:302:6:icm20948_accel_sample_rate_divider	8	static
icm20948.c:311:6:ak09916_operation_mode_setting	8	static
icm20948.c:422:6:icm20948_gyro_full_scale_select	8	static
icm20948.c:449:6:icm20948_accel_full_scale_select	8	static
icm20948.c:525:10:read_multiple_icm20948_reg	32	static
icm20948.c:25:6:icm20948_gyro_read_raw	8	static
icm20948.c:33:6:icm20948_accel_read_raw	8	static
icm20948.c:60:6:icm20948_gyro_read	16	static
icm20948.c:98:6:icm20948_gyro_read_dps	16	static
icm20948.c:317:6:icm20948_gyro_calibration	56	static
icm20948.c:69:6:icm20948_accel_read	16	static
icm20948.c:107:6:icm20948_accel_read_g	16	static
icm20948.c:352:6:icm20948_accel_calibration	80	static
icm20948.c:568:10:read_multiple_ak09916_reg	16	static
icm20948.c:41:6:ak09916_mag_read_raw	16	static
icm20948.c:78:6:ak09916_mag_read	16	static
icm20948.c:116:6:ak09916_mag_read_uT	32	static
