main.c:72:6:initialize_gpioa	0	static
main.c:79:6:initialize_gpiob	0	static
main.c:86:6:setup_gpio	16	static
main.c:202:6:setup_alt	8	static
main.c:216:6:toggle_on	0	static
main.c:221:6:toggle_off	0	static
main.c:226:5:get_gpio	0	static
main.c:236:6:setup_tim2	8	static
main.c:255:6:setup_tim6	12	static
main.c:270:6:PWM_config	0	static
main.c:294:6:ADC_config	12	static
main.c:333:11:get_buff	0	static
main.c:338:6:battery	8	static
main.c:343:6:sample	8	static
main.c:374:6:debug_imu	112	static
main.c:385:9:go_goDipSwitch	8	static
main.c:396:6:reset_reg	16	static
main.c:417:6:darkness	8	static
main.c:425:6:my_old_friend	8	static
main.c:434:6:set_sleepcnt	0	static
main.c:439:6:reset_sleepcnt	0	static
main.c:444:5:get_sleepcnt	0	static
main.c:449:6:process_ble_data	16	static
main.c:557:6:SystemClock_Config	112	static,ignoring_inline_asm
main.c:472:5:main	16	static,ignoring_inline_asm
main.c:607:6:Error_Handler	0	static,ignoring_inline_asm
