Archive member included to satisfy reference by file (symbol)

c:/st/stm32cubeide_1.7.0/stm32cubeide/plugins/com.st.stm32cube.ide.mcu.externaltools.gnu-tools-for-stm32.9-2020-q2-update.win32_2.0.0.202105311346/tools/bin/../lib/gcc/arm-none-eabi/9.3.1/../../../../arm-none-eabi/lib/thumb/v6-m/nofp\libc_nano.a(lib_a-errno.o)
                              ./Core/Src/syscalls.o (__errno)
c:/st/stm32cubeide_1.7.0/stm32cubeide/plugins/com.st.stm32cube.ide.mcu.externaltools.gnu-tools-for-stm32.9-2020-q2-update.win32_2.0.0.202105311346/tools/bin/../lib/gcc/arm-none-eabi/9.3.1/../../../../arm-none-eabi/lib/thumb/v6-m/nofp\libc_nano.a(lib_a-exit.o)
                              c:/st/stm32cubeide_1.7.0/stm32cubeide/plugins/com.st.stm32cube.ide.mcu.externaltools.gnu-tools-for-stm32.9-2020-q2-update.win32_2.0.0.202105311346/tools/bin/../lib/gcc/arm-none-eabi/9.3.1/../../../../arm-none-eabi/lib/thumb/v6-m/nofp/crt0.o (exit)
c:/st/stm32cubeide_1.7.0/stm32cubeide/plugins/com.st.stm32cube.ide.mcu.externaltools.gnu-tools-for-stm32.9-2020-q2-update.win32_2.0.0.202105311346/tools/bin/../lib/gcc/arm-none-eabi/9.3.1/../../../../arm-none-eabi/lib/thumb/v6-m/nofp\libc_nano.a(lib_a-impure.o)
                              c:/st/stm32cubeide_1.7.0/stm32cubeide/plugins/com.st.stm32cube.ide.mcu.externaltools.gnu-tools-for-stm32.9-2020-q2-update.win32_2.0.0.202105311346/tools/bin/../lib/gcc/arm-none-eabi/9.3.1/../../../../arm-none-eabi/lib/thumb/v6-m/nofp\libc_nano.a(lib_a-exit.o) (_global_impure_ptr)
c:/st/stm32cubeide_1.7.0/stm32cubeide/plugins/com.st.stm32cube.ide.mcu.externaltools.gnu-tools-for-stm32.9-2020-q2-update.win32_2.0.0.202105311346/tools/bin/../lib/gcc/arm-none-eabi/9.3.1/../../../../arm-none-eabi/lib/thumb/v6-m/nofp\libc_nano.a(lib_a-init.o)
                              c:/st/stm32cubeide_1.7.0/stm32cubeide/plugins/com.st.stm32cube.ide.mcu.externaltools.gnu-tools-for-stm32.9-2020-q2-update.win32_2.0.0.202105311346/tools/bin/../lib/gcc/arm-none-eabi/9.3.1/../../../../arm-none-eabi/lib/thumb/v6-m/nofp/crt0.o (__libc_init_array)
c:/st/stm32cubeide_1.7.0/stm32cubeide/plugins/com.st.stm32cube.ide.mcu.externaltools.gnu-tools-for-stm32.9-2020-q2-update.win32_2.0.0.202105311346/tools/bin/../lib/gcc/arm-none-eabi/9.3.1/../../../../arm-none-eabi/lib/thumb/v6-m/nofp\libc_nano.a(lib_a-memset.o)
                              c:/st/stm32cubeide_1.7.0/stm32cubeide/plugins/com.st.stm32cube.ide.mcu.externaltools.gnu-tools-for-stm32.9-2020-q2-update.win32_2.0.0.202105311346/tools/bin/../lib/gcc/arm-none-eabi/9.3.1/../../../../arm-none-eabi/lib/thumb/v6-m/nofp/crt0.o (memset)
c:/st/stm32cubeide_1.7.0/stm32cubeide/plugins/com.st.stm32cube.ide.mcu.externaltools.gnu-tools-for-stm32.9-2020-q2-update.win32_2.0.0.202105311346/tools/bin/../lib/gcc/arm-none-eabi/9.3.1/../../../../arm-none-eabi/lib/thumb/v6-m/nofp\libc_nano.a(lib_a-sprintf.o)
                              ./Core/Src/ble.o (sprintf)
c:/st/stm32cubeide_1.7.0/stm32cubeide/plugins/com.st.stm32cube.ide.mcu.externaltools.gnu-tools-for-stm32.9-2020-q2-update.win32_2.0.0.202105311346/tools/bin/../lib/gcc/arm-none-eabi/9.3.1/../../../../arm-none-eabi/lib/thumb/v6-m/nofp\libc_nano.a(lib_a-nano-svfprintf.o)
                              c:/st/stm32cubeide_1.7.0/stm32cubeide/plugins/com.st.stm32cube.ide.mcu.externaltools.gnu-tools-for-stm32.9-2020-q2-update.win32_2.0.0.202105311346/tools/bin/../lib/gcc/arm-none-eabi/9.3.1/../../../../arm-none-eabi/lib/thumb/v6-m/nofp\libc_nano.a(lib_a-sprintf.o) (_svfprintf_r)
c:/st/stm32cubeide_1.7.0/stm32cubeide/plugins/com.st.stm32cube.ide.mcu.externaltools.gnu-tools-for-stm32.9-2020-q2-update.win32_2.0.0.202105311346/tools/bin/../lib/gcc/arm-none-eabi/9.3.1/../../../../arm-none-eabi/lib/thumb/v6-m/nofp\libc_nano.a(lib_a-nano-vfprintf_i.o)
                              c:/st/stm32cubeide_1.7.0/stm32cubeide/plugins/com.st.stm32cube.ide.mcu.externaltools.gnu-tools-for-stm32.9-2020-q2-update.win32_2.0.0.202105311346/tools/bin/../lib/gcc/arm-none-eabi/9.3.1/../../../../arm-none-eabi/lib/thumb/v6-m/nofp\libc_nano.a(lib_a-nano-svfprintf.o) (_printf_i)
c:/st/stm32cubeide_1.7.0/stm32cubeide/plugins/com.st.stm32cube.ide.mcu.externaltools.gnu-tools-for-stm32.9-2020-q2-update.win32_2.0.0.202105311346/tools/bin/../lib/gcc/arm-none-eabi/9.3.1/../../../../arm-none-eabi/lib/thumb/v6-m/nofp\libc_nano.a(lib_a-memchr-stub.o)
                              c:/st/stm32cubeide_1.7.0/stm32cubeide/plugins/com.st.stm32cube.ide.mcu.externaltools.gnu-tools-for-stm32.9-2020-q2-update.win32_2.0.0.202105311346/tools/bin/../lib/gcc/arm-none-eabi/9.3.1/../../../../arm-none-eabi/lib/thumb/v6-m/nofp\libc_nano.a(lib_a-nano-svfprintf.o) (memchr)
c:/st/stm32cubeide_1.7.0/stm32cubeide/plugins/com.st.stm32cube.ide.mcu.externaltools.gnu-tools-for-stm32.9-2020-q2-update.win32_2.0.0.202105311346/tools/bin/../lib/gcc/arm-none-eabi/9.3.1/../../../../arm-none-eabi/lib/thumb/v6-m/nofp\libc_nano.a(lib_a-memcpy-stub.o)
[...]
Memory Configuration

Name             Origin             Length             Attributes
RAM              0x0000000020000000 0x0000000000005000 xrw
FLASH            0x0000000008000000 0x0000000000030000 xr
*default*        0x0000000000000000 0xffffffffffffffff

Linker script and memory map

LOAD c:/st/stm32cubeide_1.7.0/stm32cubeide/plugins/com.st.stm32cube.ide.mcu.externaltools.gnu-tools-for-stm32.9-2020-q2-update.win32_2.0.0.202105311346/tools/bin/../lib/gcc/arm-none-eabi/9.3.1/thumb/v6-m/nofp/crti.o
LOAD c:/st/stm32cubeide_1.7.0/stm32cubeide/plugins/com.st.stm32cube.ide.mcu.externaltools.gnu-tools-for-stm32.9-2020-q2-update.win32_2.0.0.202105311346/tools/bin/../lib/gcc/arm-none-eabi/9.3.1/thumb/v6-m/nofp/crtbegin.o
LOAD c:/st/stm32cubeide_1.7.0/stm32cubeide/plugins/com.st.stm32cube.ide.mcu.externaltools.gnu-tools-for-stm32.9-2020-q2-update.win32_2.0.0.202105311346/tools/bin/../lib/gcc/arm-none-eabi/9.3.1/../../../../arm-none-eabi/lib/thumb/v6-m/nofp/crt0.o
LOAD ./Core/Src/ble.o
LOAD ./Core/Src/gpio.o
LOAD ./Core/Src/i2c.o
LOAD ./Core/Src/icm20948.o
LOAD ./Core/Src/icu.o
LOAD ./Core/Src/main.o
LOAD ./Core/Src/pwm.o
LOAD ./Core/Src/spi.o
LOAD ./Core/Src/stm32l0xx_hal_msp.o
LOAD ./Core/Src/stm32l0xx_it.o
LOAD ./Core/Src/syscalls.o
LOAD ./Core/Src/sysmem.o
LOAD ./Core/Src/system_stm32l0xx.o
LOAD ./Core/Src/tim.o
LOAD ./Core/Src/usart.o
LOAD ./Core/Startup/startup_stm32l081kztx.o
LOAD ./Drivers/STM32L0xx_HAL_Driver/Src/stm32l0xx_hal.o
LOAD ./Drivers/STM32L0xx_HAL_Driver/Src/stm32l0xx_hal_cortex.o
LOAD ./Drivers/STM32L0xx_HAL_Driver/Src/stm32l0xx_hal_dma.o
LOAD ./Drivers/STM32L0xx_HAL_Driver/Src/stm32l0xx_hal_exti.o
LOAD ./Drivers/STM32L0xx_HAL_Driver/Src/stm32l0xx_hal_flash.o
LOAD ./Drivers/STM32L0xx_HAL_Driver/Src/stm32l0xx_hal_flash_ex.o
LOAD ./Drivers/STM32L0xx_HAL_Driver/Src/stm32l0xx_hal_flash_ramfunc.o
LOAD ./Drivers/STM32L0xx_HAL_Driver/Src/stm32l0xx_hal_gpio.o
LOAD ./Drivers/STM32L0xx_HAL_Driver/Src/stm32l0xx_hal_i2c.o
LOAD ./Drivers/STM32L0xx_HAL_Driver/Src/stm32l0xx_hal_i2c_ex.o
LOAD ./Drivers/STM32L0xx_HAL_Driver/Src/stm32l0xx_hal_pwr.o
LOAD ./Drivers/STM32L0xx_HAL_Driver/Src/stm32l0xx_hal_pwr_ex.o
LOAD ./Drivers/STM32L0xx_HAL_Driver/Src/stm32l0xx_hal_rcc.o
LOAD ./Drivers/STM32L0xx_HAL_Driver/Src/stm32l0xx_hal_rcc_ex.o
LOAD ./Drivers/STM32L0xx_HAL_Driver/Src/stm32l0xx_hal_spi.o
LOAD ./Drivers/STM32L0xx_HAL_Driver/Src/stm32l0xx_hal_tim.o
LOAD ./Drivers/STM32L0xx_HAL_Driver/Src/stm32l0xx_hal_tim_ex.o
LOAD ./Drivers/STM32L0xx_HAL_Driver/Src/stm32l0xx_hal_uart.o
LOAD ./Drivers/STM32L0xx_HAL_Driver/Src/stm32l0xx_hal_uart_ex.o
START GROUP
LOAD c:/st/stm32cubeide_1.7.0/stm32cubeide/plugins/com.st.stm32cube.ide.mcu.externaltools.gnu-tools-for-stm32.9-2020-q2-update.win32_2.0.0.202105311346/tools/bin/../lib/gcc/arm-none-eabi/9.3.1/../../../../arm-none-eabi/lib/thumb/v6-m/nofp\libc_nano.a
LOAD c:/st/stm32cubeide_1.7.0/stm32cubeide/plugins/com.st.stm32cube.ide.mcu.externaltools.gnu-tools-for-stm32.9-2020-q2-update.win32_2.0.0.202105311346/tools/bin/../lib/gcc/arm-none-eabi/9.3.1/../../../../arm-none-eabi/lib/thumb/v6-m/nofp\libm.a
END GROUP
START GROUP
LOAD c:/st/stm32cubeide_1.7.0/stm32cubeide/plugins/com.st.stm32cube.ide.mcu.externaltools.gnu-tools-for-stm32.9-2020-q2-update.win32_2.0.0.202105311346/tools/bin/../lib/gcc/arm-none-eabi/9.3.1/thumb/v6-m/nofp\libgcc.a
LOAD c:/st/stm32cubeide_1.7.0/stm32cubeide/plugins/com.st.stm32cube.ide.mcu.externaltools.gnu-tools-for-stm32.9-2020-q2-update.win32_2.0.0.202105311346/tools/bin/../lib/gcc/arm-none-eabi/9.3.1/../../../../arm-none-eabi/lib/thumb/v6-m/nofp\libc_nano.a
END GROUP
START GROUP
LOAD c:/st/stm32cubeide_1.7.0/stm32cubeide/plugins/com.st.stm32cube.ide.mcu.externaltools.gnu-tools-for-stm32.9-2020-q2-update.win32_2.0.0.202105311346/tools/bin/../lib/gcc/arm-none-eabi/9.3.1/thumb/v6-m/nofp\libgcc.a
LOAD c:/st/stm32cubeide_1.7.0/stm32cubeide/plugins/com.st.stm32cube.ide.mcu.externaltools.gnu-tools-for-stm32.9-2020-q2-update.win32_2.0.0.202105311346/tools/bin/../lib/gcc/arm-none-eabi/9.3.1/../../../../arm-none-eabi/lib/thumb/v6-m/nofp\libc_nano.a
LOAD c:/st/stm32cubeide_1.7.0/stm32cubeide/plugins/com.st.stm32cube.ide.mcu.externaltools.gnu-tools-for-stm32.9-2020-q2-update.win32_2.0.0.202105311346/tools/bin/../lib/gcc/arm-none-eabi/9.3.1/../../../../arm-none-eabi/lib/thumb/v6-m/nofp\libnosys.a
END GROUP
START GROUP
LOAD c:/st/stm32cubeide_1.7.0/stm32cubeide/plugins/com.st.stm32cube.ide.mcu.externaltools.gnu-tools-for-stm32.9-2020-q2-update.win32_2.0.0.202105311346/tools/bin/../lib/gcc/arm-none-eabi/9.3.1/thumb/v6-m/nofp\libgcc.a
LOAD c:/st/stm32cubeide_1.7.0/stm32cubeide/plugins/com.st.stm32cube.ide.mcu.externaltools.gnu-tools-for-stm32.9-2020-q2-update.win32_2.0.0.202105311346/tools/bin/../lib/gcc/arm-none-eabi/9.3.1/../../../../arm-none-eabi/lib/thumb/v6-m/nofp\libc_nano.a
LOAD c:/st/stm32cubeide_1.7.0/stm32cubeide/plugins/com.st.stm32cube.ide.mcu.externaltools.gnu-tools-for-stm32.9-2020-q2-update.win32_2.0.0.202105311346/tools/bin/../lib/gcc/arm-none-eabi/9.3.1/../../../../arm-none-eabi/lib/thumb/v6-m/nofp\libnosys.a
END GROUP
LOAD c:/st/stm32cubeide_1.7.0/stm32cubeide/plugins/com.st.stm32cube.ide.mcu.externaltools.gnu-tools-for-stm32.9-2020-q2-update.win32_2.0.0.202105311346/tools/bin/../lib/gcc/arm-none-eabi/9.3.1/thumb/v6-m/nofp/crtend.o
LOAD c:/st/stm32cubeide_1.7.0/stm32cubeide/plugins/com.st.stm32cube.ide.mcu.externaltools.gnu-tools-for-stm32.9-2020-q2-update.win32_2.0.0.202105311346/tools/bin/../lib/gcc/arm-none-eabi/9.3.1/thumb/v6-m/nofp/crtn.o
                0x0000000020005000                _estack = (ORIGIN (RAM) + LENGTH (RAM))
                0x0000000000000200                _Min_Heap_Size = 0x200
                0x0000000000000400                _Min_Stack_Size = 0x400

.isr_vector     0x0000000008000000       0xc0
                0x0000000008000000                . = ALIGN (0x4)
 *(.isr_vector)
 .isr_vector    0x0000000008000000       0xc0 ./Core/Startup/startup_stm32l081kztx.o
                0x0000000008000000                g_pfnVectors
                0x00000000080000c0                . = ALIGN (0x4)

.text           0x00000000080000c0     0x52a8
                0x00000000080000c0                . = ALIGN (0x4)
 *(.text)
 .text          0x00000000080000c0       0x48 c:/st/stm32cubeide_1.7.0/stm32cubeide/plugins/com.st.stm32cube.ide.mcu.externaltools.gnu-tools-for-stm32.9-2020-q2-update.win32_2.0.0.202105311346/tools/bin/../lib/gcc/arm-none-eabi/9.3.1/thumb/v6-m/nofp/crtbegin.o
 .text          0x0000000008000108      0x114 c:/st/stm32cubeide_1.7.0/stm32cubeide/plugins/com.st.stm32cube.ide.mcu.externaltools.gnu-tools-for-stm32.9-2020-q2-update.win32_2.0.0.202105311346/tools/bin/../lib/gcc/arm-none-eabi/9.3.1/thumb/v6-m/nofp\libgcc.a(_udivsi3.o)
                0x0000000008000108                __aeabi_uidiv
                0x0000000008000108                __udivsi3
                0x0000000008000214                __aeabi_uidivmod
 .text          0x000000000800021c      0x1d4 c:/st/stm32cubeide_1.7.0/stm32cubeide/plugins/com.st.stm32cube.ide.mcu.externaltools.gnu-tools-for-stm32.9-2020-q2-update.win32_2.0.0.202105311346/tools/bin/../lib/gcc/arm-none-eabi/9.3.1/thumb/v6-m/nofp\libgcc.a(_divsi3.o)
                0x000000000800021c                __divsi3
                0x000000000800021c                __aeabi_idiv
                0x00000000080003e8                __aeabi_idivmod
 .text          0x00000000080003f0        0x4 c:/st/stm32cubeide_1.7.0/stm32cubeide/plugins/com.st.stm32cube.ide.mcu.externaltools.gnu-tools-for-stm32.9-2020-q2-update.win32_2.0.0.202105311346/tools/bin/../lib/gcc/arm-none-eabi/9.3.1/thumb/v6-m/nofp\libgcc.a(_dvmd_tls.o)
                0x00000000080003f0                __aeabi_idiv0
                0x00000000080003f0                __aeabi_ldiv0
 .text          0x00000000080003f4       0x40 c:/st/stm32cubeide_1.7.0/stm32cubeide/plugins/com.st.stm32cube.ide.mcu.externaltools.gnu-tools-for-stm32.9-2020-q2-update.win32_2.0.0.202105311346/tools/bin/../lib/gcc/arm-none-eabi/9.3.1/thumb/v6-m/nofp\libgcc.a(_aeabi_uldivmod.o)
                0x00000000080003f4                __aeabi_uldivmod
 .text          0x0000000008000434       0x50 c:/st/stm32cubeide_1.7.0/stm32cubeide/plugins/com.st.stm32cube.ide.mcu.externaltools.gnu-tools-for-stm32.9-2020-q2-update.win32_2.0.0.202105311346/tools/bin/../lib/gcc/arm-none-eabi/9.3.1/thumb/v6-m/nofp\libgcc.a(_muldi3.o)
                0x0000000008000434                __muldi3
                0x0000000008000434                __aeabi_lmul
 .text          0x0000000008000484      0x198 c:/st/stm32cubeide_1.7.0/stm32cubeide/plugins/com.st.stm32cube.ide.mcu.externaltools.gnu-tools-for-stm32.9-2020-q2-update.win32_2.0.0.202105311346/tools/bin/../lib/gcc/arm-none-eabi/9.3.1/thumb/v6-m/nofp\libgcc.a(_udivmoddi4.o)
                0x0000000008000484                __udivmoddi4
 .text          0x000000000800061c      0x338 c:/st/stm32cubeide_1.7.0/stm32cubeide/plugins/com.st.stm32cube.ide.mcu.externaltools.gnu-tools-for-stm32.9-2020-q2-update.win32_2.0.0.202105311346/tools/bin/../lib/gcc/arm-none-eabi/9.3.1/thumb/v6-m/nofp\libgcc.a(addsf3.o)
                0x000000000800061c                __aeabi_fadd
 .text          0x0000000008000954       0x40 c:/st/stm32cubeide_1.7.0/stm32cubeide/plugins/com.st.stm32cube.ide.mcu.externaltools.gnu-tools-for-stm32.9-2020-q2-update.win32_2.0.0.202105311346/tools/bin/../lib/gcc/arm-none-eabi/9.3.1/thumb/v6-m/nofp\libgcc.a(fixsfsi.o)
                0x0000000008000954                __aeabi_f2iz
 .text          0x0000000008000994       0x8c c:/st/stm32cubeide_1.7.0/stm32cubeide/plugins/com.st.stm32cube.ide.mcu.externaltools.gnu-tools-for-stm32.9-2020-q2-update.win32_2.0.0.202105311346/tools/bin/../lib/gcc/arm-none-eabi/9.3.1/thumb/v6-m/nofp\libgcc.a(floatsisf.o)
                0x0000000008000994                __aeabi_i2f
 .text          0x0000000008000a20       0x3c c:/st/stm32cubeide_1.7.0/stm32cubeide/plugins/com.st.stm32cube.ide.mcu.externaltools.gnu-tools-for-stm32.9-2020-q2-update.win32_2.0.0.202105311346/tools/bin/../lib/gcc/arm-none-eabi/9.3.1/thumb/v6-m/nofp\libgcc.a(_clzsi2.o)
                0x0000000008000a20                __clzsi2
 .text          0x0000000008000a5c       0x18 c:/st/stm32cubeide_1.7.0/stm32cubeide/plugins/com.st.stm32cube.ide.mcu.externaltools.gnu-tools-for-stm32.9-2020-q2-update.win32_2.0.0.202105311346/tools/bin/../lib/gcc/arm-none-eabi/9.3.1/thumb/v6-m/nofp\libgcc.a(_clzdi2.o)
                0x0000000008000a5c                __clzdi2
 *(.text*)
 .text.BLE_Init
                0x0000000008000a74      0x12c ./Core/Src/ble.o
                0x0000000008000a74                BLE_Init
 .text.MX_GPIO_Init
                0x0000000008000ba0       0x44 ./Core/Src/gpio.o
                0x0000000008000ba0                MX_GPIO_Init
 .text.MX_I2C1_Init
                0x0000000008000be4       0x80 ./Core/Src/i2c.o
                0x0000000008000be4                MX_I2C1_Init
 .text.HAL_I2C_MspInit
                0x0000000008000c64       0x88 ./Core/Src/i2c.o
                0x0000000008000c64                HAL_I2C_MspInit
 .text.icm20948_gyro_read
                0x0000000008000cec       0x82 ./Core/Src/icm20948.o
                0x0000000008000cec                icm20948_gyro_read
 *fill*         0x0000000008000d6e        0x2 
 .text.icm20948_accel_read
                0x0000000008000d70       0x98 ./Core/Src/icm20948.o
                0x0000000008000d70                icm20948_accel_read
 .text.icm20948_who_am_i
                0x0000000008000e08       0x2a ./Core/Src/icm20948.o
                0x0000000008000e08                icm20948_who_am_i
 .text.ak09916_who_am_i
                0x0000000008000e32       0x28 ./Core/Src/icm20948.o
                0x0000000008000e32                ak09916_who_am_i
 .text.icm20948_device_reset
                0x0000000008000e5a       0x1a ./Core/Src/icm20948.o
                0x0000000008000e5a                icm20948_device_reset
 .text.ak09916_soft_reset
                0x0000000008000e74       0x18 ./Core/Src/icm20948.o
                0x0000000008000e74                ak09916_soft_reset
 .text.icm20948_wakeup
                0x0000000008000e8c       0x3c ./Core/Src/icm20948.o
                0x0000000008000e8c                icm20948_wakeup
 .text.icm20948_spi_slave_enable
                0x0000000008000ec8       0x36 ./Core/Src/icm20948.o
                0x0000000008000ec8                icm20948_spi_slave_enable
 .text.icm20948_i2c_master_reset
                0x0000000008000efe       0x36 ./Core/Src/icm20948.o
                0x0000000008000efe                icm20948_i2c_master_reset
 .text.icm20948_i2c_master_enable
                0x0000000008000f34       0x3c ./Core/Src/icm20948.o
                0x0000000008000f34                icm20948_i2c_master_enable
 .text.icm20948_i2c_master_clk_frq
                0x0000000008000f70       0x42 ./Core/Src/icm20948.o
                0x0000000008000f70                icm20948_i2c_master_clk_frq
 .text.icm20948_clock_source
                0x0000000008000fb2       0x42 ./Core/Src/icm20948.o
                0x0000000008000fb2                icm20948_clock_source
 .text.icm20948_odr_align_enable
                0x0000000008000ff4       0x14 ./Core/Src/icm20948.o
                0x0000000008000ff4                icm20948_odr_align_enable
 .text.icm20948_gyro_low_pass_filter
                0x0000000008001008       0x48 ./Core/Src/icm20948.o
                0x0000000008001008                icm20948_gyro_low_pass_filter
 .text.icm20948_accel_low_pass_filter
                0x0000000008001050       0x48 ./Core/Src/icm20948.o
                0x0000000008001050                icm20948_accel_low_pass_filter
 .text.icm20948_gyro_sample_rate_divider
                0x0000000008001098       0x22 ./Core/Src/icm20948.o
                0x0000000008001098                icm20948_gyro_sample_rate_divider
 .text.icm20948_accel_sample_rate_divider
                0x00000000080010ba       0x4e ./Core/Src/icm20948.o
                0x00000000080010ba                icm20948_accel_sample_rate_divider
 .text.ak09916_operation_mode_setting
                0x0000000008001108       0x26 ./Core/Src/icm20948.o
                0x0000000008001108                ak09916_operation_mode_setting
 .text.icm20948_gyro_calibration
                0x000000000800112e      0x18a ./Core/Src/icm20948.o
                0x000000000800112e                icm20948_gyro_calibration
 .text.icm20948_accel_calibration
                0x00000000080012b8      0x2a8 ./Core/Src/icm20948.o
                0x00000000080012b8                icm20948_accel_calibration
 .text.icm20948_gyro_full_scale_select
                0x0000000008001560       0xb8 ./Core/Src/icm20948.o
                0x0000000008001560                icm20948_gyro_full_scale_select
 .text.icm20948_accel_full_scale_select
                0x0000000008001618       0xb0 ./Core/Src/icm20948.o
                0x0000000008001618                icm20948_accel_full_scale_select
 .text.cs_high  0x00000000080016c8       0x1a ./Core/Src/icm20948.o
 .text.cs_low   0x00000000080016e2       0x1a ./Core/Src/icm20948.o
 .text.select_user_bank
                0x00000000080016fc       0x3c ./Core/Src/icm20948.o
 .text.read_single_icm20948_reg
                0x0000000008001738       0x64 ./Core/Src/icm20948.o
 .text.write_single_icm20948_reg
                0x000000000800179c       0x5c ./Core/Src/icm20948.o
 .text.read_multiple_icm20948_reg
                0x00000000080017f8       0x74 ./Core/Src/icm20948.o
 .text.write_multiple_icm20948_reg
                0x000000000800186c       0x68 ./Core/Src/icm20948.o
 .text.read_single_ak09916_reg
                0x00000000080018d4       0x46 ./Core/Src/icm20948.o
 *fill*         0x000000000800191a        0x2 
 .text.write_single_ak09916_reg
                0x000000000800191c       0x84 ./Core/Src/icm20948.o
 .text.icm20948_init
                0x00000000080019a0       0x60 ./Core/Src/icu.o
 .text.ak09916_init
                0x0000000008001a00       0x36 ./Core/Src/icu.o
 .text.IMU_Init
                0x0000000008001a36       0x16 ./Core/Src/icu.o
                0x0000000008001a36                IMU_Init
 .text.initialize_gpioa
                0x0000000008001a4c       0x34 ./Core/Src/main.o
                0x0000000008001a4c                initialize_gpioa
 .text.initialize_gpiob
                0x0000000008001a80       0x34 ./Core/Src/main.o
                0x0000000008001a80                initialize_gpiob
 .text.setup_gpio
                0x0000000008001ab4       0xbc ./Core/Src/main.o
                0x0000000008001ab4                setup_gpio
 .text.toggle_on
                0x0000000008001b70       0x24 ./Core/Src/main.o
                0x0000000008001b70                toggle_on
 .text.toggle_off
                0x0000000008001b94       0x26 ./Core/Src/main.o
                0x0000000008001b94                toggle_off
 *fill*         0x0000000008001bba        0x2 
 .text.main     0x0000000008001bbc       0x68 ./Core/Src/main.o
                0x0000000008001bbc                main
 .text.SystemClock_Config
                0x0000000008001c24       0xd4 ./Core/Src/main.o
                0x0000000008001c24                SystemClock_Config
 .text.Error_Handler
                0x0000000008001cf8        0xa ./Core/Src/main.o
                0x0000000008001cf8                Error_Handler
 *fill*         0x0000000008001d02        0x2 
 .text.MX_SPI1_Init
                0x0000000008001d04       0x7c ./Core/Src/spi.o
                0x0000000008001d04                MX_SPI1_Init
 .text.HAL_SPI_MspInit
                0x0000000008001d80       0x88 ./Core/Src/spi.o
                0x0000000008001d80                HAL_SPI_MspInit
 .text.HAL_MspInit
                0x0000000008001e08       0x28 ./Core/Src/stm32l0xx_hal_msp.o
                0x0000000008001e08                HAL_MspInit
 .text.NMI_Handler
                0x0000000008001e30        0x6 ./Core/Src/stm32l0xx_it.o
                0x0000000008001e30                NMI_Handler
 .text.HardFault_Handler
                0x0000000008001e36        0x6 ./Core/Src/stm32l0xx_it.o
                0x0000000008001e36                HardFault_Handler
 .text.SVC_Handler
                0x0000000008001e3c        0xa ./Core/Src/stm32l0xx_it.o
                0x0000000008001e3c                SVC_Handler
 .text.PendSV_Handler
                0x0000000008001e46        0xa ./Core/Src/stm32l0xx_it.o
                0x0000000008001e46                PendSV_Handler
 .text.SysTick_Handler
                0x0000000008001e50        0xe ./Core/Src/stm32l0xx_it.o
                0x0000000008001e50                SysTick_Handler
 *fill*         0x0000000008001e5e        0x2 
 .text.TIM3_IRQHandler
                0x0000000008001e60       0x18 ./Core/Src/stm32l0xx_it.o
                0x0000000008001e60                TIM3_IRQHandler
 .text.TIM6_IRQHandler
                0x0000000008001e78       0x4c ./Core/Src/stm32l0xx_it.o
                0x0000000008001e78                TIM6_IRQHandler
 .text.SystemInit
                0x0000000008001ec4        0xa ./Core/Src/system_stm32l0xx.o
                0x0000000008001ec4                SystemInit
 *fill*         0x0000000008001ece        0x2 
 .text.MX_TIM6_Init
                0x0000000008001ed0       0x74 ./Core/Src/tim.o
                0x0000000008001ed0                MX_TIM6_Init
 .text.HAL_TIM_Base_MspInit
                0x0000000008001f44       0x6c ./Core/Src/tim.o
                0x0000000008001f44                HAL_TIM_Base_MspInit
 .text.MX_USART1_UART_Init
                0x0000000008001fb0       0x64 ./Core/Src/usart.o
                0x0000000008001fb0                MX_USART1_UART_Init
 .text.HAL_UART_MspInit
                0x0000000008002014       0x88 ./Core/Src/usart.o
                0x0000000008002014                HAL_UART_MspInit
 .text.Reset_Handler
                0x000000000800209c       0x50 ./Core/Startup/startup_stm32l081kztx.o
                0x000000000800209c                Reset_Handler
 .text.Default_Handler
                0x00000000080020ec        0x2 ./Core/Startup/startup_stm32l081kztx.o
                0x00000000080020ec                ADC1_COMP_IRQHandler
                0x00000000080020ec                PVD_IRQHandler
                0x00000000080020ec                I2C1_IRQHandler
                0x00000000080020ec                SPI1_IRQHandler
                0x00000000080020ec                EXTI2_3_IRQHandler
                0x00000000080020ec                AES_LPUART1_IRQHandler
                0x00000000080020ec                I2C2_IRQHandler
                0x00000000080020ec                RTC_IRQHandler
                0x00000000080020ec                DMA1_Channel4_5_6_7_IRQHandler
                0x00000000080020ec                EXTI4_15_IRQHandler
                0x00000000080020ec                RCC_IRQHandler
                0x00000000080020ec                DMA1_Channel1_IRQHandler
                0x00000000080020ec                USART4_5_IRQHandler
                0x00000000080020ec                Default_Handler
                0x00000000080020ec                TIM22_IRQHandler
                0x00000000080020ec                TIM7_IRQHandler
                0x00000000080020ec                EXTI0_1_IRQHandler
                0x00000000080020ec                I2C3_IRQHandler
                0x00000000080020ec                SPI2_IRQHandler
                0x00000000080020ec                TIM21_IRQHandler
                0x00000000080020ec                WWDG_IRQHandler
                0x00000000080020ec                TIM2_IRQHandler
                0x00000000080020ec                DMA1_Channel2_3_IRQHandler
                0x00000000080020ec                USART2_IRQHandler
                0x00000000080020ec                FLASH_IRQHandler
                0x00000000080020ec                USART1_IRQHandler
                0x00000000080020ec                LPTIM1_IRQHandler
 *fill*         0x00000000080020ee        0x2 
 .text.HAL_Init
                0x00000000080020f0       0x40 ./Drivers/STM32L0xx_HAL_Driver/Src/stm32l0xx_hal.o
                0x00000000080020f0                HAL_Init
 .text.HAL_InitTick
                0x0000000008002130       0x68 ./Drivers/STM32L0xx_HAL_Driver/Src/stm32l0xx_hal.o
                0x0000000008002130                HAL_InitTick
 .text.HAL_IncTick
                0x0000000008002198       0x24 ./Drivers/STM32L0xx_HAL_Driver/Src/stm32l0xx_hal.o
                0x0000000008002198                HAL_IncTick
 .text.HAL_GetTick
                0x00000000080021bc       0x14 ./Drivers/STM32L0xx_HAL_Driver/Src/stm32l0xx_hal.o
                0x00000000080021bc                HAL_GetTick
 .text.HAL_Delay
                0x00000000080021d0       0x48 ./Drivers/STM32L0xx_HAL_Driver/Src/stm32l0xx_hal.o
                0x00000000080021d0                HAL_Delay
 .text.__NVIC_EnableIRQ
                0x0000000008002218       0x34 ./Drivers/STM32L0xx_HAL_Driver/Src/stm32l0xx_hal_cortex.o
 .text.__NVIC_SetPriority
                0x000000000800224c       0xdc ./Drivers/STM32L0xx_HAL_Driver/Src/stm32l0xx_hal_cortex.o
 .text.SysTick_Config
                0x0000000008002328       0x48 ./Drivers/STM32L0xx_HAL_Driver/Src/stm32l0xx_hal_cortex.o
 .text.HAL_NVIC_SetPriority
                0x0000000008002370       0x2a ./Drivers/STM32L0xx_HAL_Driver/Src/stm32l0xx_hal_cortex.o
                0x0000000008002370                HAL_NVIC_SetPriority
 .text.HAL_NVIC_EnableIRQ
                0x000000000800239a       0x20 ./Drivers/STM32L0xx_HAL_Driver/Src/stm32l0xx_hal_cortex.o
                0x000000000800239a                HAL_NVIC_EnableIRQ
 .text.HAL_SYSTICK_Config
                0x00000000080023ba       0x1a ./Drivers/STM32L0xx_HAL_Driver/Src/stm32l0xx_hal_cortex.o
                0x00000000080023ba                HAL_SYSTICK_Config
 .text.HAL_GPIO_Init
                0x00000000080023d4      0x2fc ./Drivers/STM32L0xx_HAL_Driver/Src/stm32l0xx_hal_gpio.o
                0x00000000080023d4                HAL_GPIO_Init
 .text.HAL_GPIO_WritePin
                0x00000000080026d0       0x3a ./Drivers/STM32L0xx_HAL_Driver/Src/stm32l0xx_hal_gpio.o
                0x00000000080026d0                HAL_GPIO_WritePin
 *fill*         0x000000000800270a        0x2 
 .text.HAL_I2C_Init
                0x000000000800270c      0x12c ./Drivers/STM32L0xx_HAL_Driver/Src/stm32l0xx_hal_i2c.o
                0x000000000800270c                HAL_I2C_Init
 .text.HAL_I2CEx_ConfigAnalogFilter
                0x0000000008002838       0x98 ./Drivers/STM32L0xx_HAL_Driver/Src/stm32l0xx_hal_i2c_ex.o
                0x0000000008002838                HAL_I2CEx_ConfigAnalogFilter
 .text.HAL_I2CEx_ConfigDigitalFilter
                0x00000000080028d0       0x98 ./Drivers/STM32L0xx_HAL_Driver/Src/stm32l0xx_hal_i2c_ex.o
                0x00000000080028d0                HAL_I2CEx_ConfigDigitalFilter
 .text.HAL_RCC_OscConfig
                0x0000000008002968      0x6f8 ./Drivers/STM32L0xx_HAL_Driver/Src/stm32l0xx_hal_rcc.o
                0x0000000008002968                HAL_RCC_OscConfig
 .text.HAL_RCC_ClockConfig
                0x0000000008003060      0x290 ./Drivers/STM32L0xx_HAL_Driver/Src/stm32l0xx_hal_rcc.o
                0x0000000008003060                HAL_RCC_ClockConfig
 .text.HAL_RCC_GetSysClockFreq
                0x00000000080032f0      0x14c ./Drivers/STM32L0xx_HAL_Driver/Src/stm32l0xx_hal_rcc.o
                0x00000000080032f0                HAL_RCC_GetSysClockFreq
 .text.HAL_RCC_GetHCLKFreq
                0x000000000800343c       0x14 ./Drivers/STM32L0xx_HAL_Driver/Src/stm32l0xx_hal_rcc.o
                0x000000000800343c                HAL_RCC_GetHCLKFreq
 .text.HAL_RCC_GetPCLK1Freq
                0x0000000008003450       0x2c ./Drivers/STM32L0xx_HAL_Driver/Src/stm32l0xx_hal_rcc.o
                0x0000000008003450                HAL_RCC_GetPCLK1Freq
 .text.HAL_RCC_GetPCLK2Freq
                0x000000000800347c       0x2c ./Drivers/STM32L0xx_HAL_Driver/Src/stm32l0xx_hal_rcc.o
                0x000000000800347c                HAL_RCC_GetPCLK2Freq
 .text.HAL_RCCEx_PeriphCLKConfig
                0x00000000080034a8      0x28c ./Drivers/STM32L0xx_HAL_Driver/Src/stm32l0xx_hal_rcc_ex.o
                0x00000000080034a8                HAL_RCCEx_PeriphCLKConfig
 .text.HAL_SPI_Init
                0x0000000008003734      0x128 ./Drivers/STM32L0xx_HAL_Driver/Src/stm32l0xx_hal_spi.o
                0x0000000008003734                HAL_SPI_Init
 .text.HAL_SPI_Transmit
                0x000000000800385c      0x2ac ./Drivers/STM32L0xx_HAL_Driver/Src/stm32l0xx_hal_spi.o
                0x000000000800385c                HAL_SPI_Transmit
 .text.HAL_SPI_Receive
                0x0000000008003b08      0x24c ./Drivers/STM32L0xx_HAL_Driver/Src/stm32l0xx_hal_spi.o
                0x0000000008003b08                HAL_SPI_Receive
 .text.HAL_SPI_TransmitReceive
                0x0000000008003d54      0x376 ./Drivers/STM32L0xx_HAL_Driver/Src/stm32l0xx_hal_spi.o
                0x0000000008003d54                HAL_SPI_TransmitReceive
 *fill*         0x00000000080040ca        0x2 
 .text.SPI_WaitFlagStateUntilTimeout
                0x00000000080040cc      0x11c ./Drivers/STM32L0xx_HAL_Driver/Src/stm32l0xx_hal_spi.o
 .text.SPI_EndRxTransaction
                0x00000000080041e8       0xd4 ./Drivers/STM32L0xx_HAL_Driver/Src/stm32l0xx_hal_spi.o
 .text.SPI_EndRxTxTransaction
                0x00000000080042bc       0x8c ./Drivers/STM32L0xx_HAL_Driver/Src/stm32l0xx_hal_spi.o
 .text.HAL_TIM_Base_Init
                0x0000000008004348       0x80 ./Drivers/STM32L0xx_HAL_Driver/Src/stm32l0xx_hal_tim.o
                0x0000000008004348                HAL_TIM_Base_Init
 .text.HAL_TIM_Base_Start_IT
                0x00000000080043c8       0xa4 ./Drivers/STM32L0xx_HAL_Driver/Src/stm32l0xx_hal_tim.o
                0x00000000080043c8                HAL_TIM_Base_Start_IT
 .text.HAL_TIM_IRQHandler
                0x000000000800446c      0x1d0 ./Drivers/STM32L0xx_HAL_Driver/Src/stm32l0xx_hal_tim.o
                0x000000000800446c                HAL_TIM_IRQHandler
 .text.HAL_TIM_PeriodElapsedCallback
                0x000000000800463c       0x10 ./Drivers/STM32L0xx_HAL_Driver/Src/stm32l0xx_hal_tim.o
                0x000000000800463c                HAL_TIM_PeriodElapsedCallback
 .text.HAL_TIM_OC_DelayElapsedCallback
                0x000000000800464c       0x10 ./Drivers/STM32L0xx_HAL_Driver/Src/stm32l0xx_hal_tim.o
                0x000000000800464c                HAL_TIM_OC_DelayElapsedCallback
 .text.HAL_TIM_IC_CaptureCallback
                0x000000000800465c       0x10 ./Drivers/STM32L0xx_HAL_Driver/Src/stm32l0xx_hal_tim.o
                0x000000000800465c                HAL_TIM_IC_CaptureCallback
 .text.HAL_TIM_PWM_PulseFinishedCallback
                0x000000000800466c       0x10 ./Drivers/STM32L0xx_HAL_Driver/Src/stm32l0xx_hal_tim.o
                0x000000000800466c                HAL_TIM_PWM_PulseFinishedCallback
 .text.HAL_TIM_TriggerCallback
                0x000000000800467c       0x10 ./Drivers/STM32L0xx_HAL_Driver/Src/stm32l0xx_hal_tim.o
                0x000000000800467c                HAL_TIM_TriggerCallback
 .text.TIM_Base_SetConfig
                0x000000000800468c       0xbc ./Drivers/STM32L0xx_HAL_Driver/Src/stm32l0xx_hal_tim.o
 .text.HAL_TIMEx_MasterConfigSynchronization
                0x0000000008004748       0xbc ./Drivers/STM32L0xx_HAL_Driver/Src/stm32l0xx_hal_tim_ex.o
                0x0000000008004748                HAL_TIMEx_MasterConfigSynchronization
 .text.HAL_UART_Init
                0x0000000008004804       0xa8 ./Drivers/STM32L0xx_HAL_Driver/Src/stm32l0xx_hal_uart.o
                0x0000000008004804                HAL_UART_Init
 .text.HAL_UART_Transmit
                0x00000000080048ac      0x150 ./Drivers/STM32L0xx_HAL_Driver/Src/stm32l0xx_hal_uart.o
                0x00000000080048ac                HAL_UART_Transmit
 .text.UART_SetConfig
                0x00000000080049fc      0x57c ./Drivers/STM32L0xx_HAL_Driver/Src/stm32l0xx_hal_uart.o
                0x00000000080049fc                UART_SetConfig
 .text.UART_AdvFeatureConfig
                0x0000000008004f78      0x168 ./Drivers/STM32L0xx_HAL_Driver/Src/stm32l0xx_hal_uart.o
                0x0000000008004f78                UART_AdvFeatureConfig
 .text.UART_CheckIdleState
                0x00000000080050e0       0x90 ./Drivers/STM32L0xx_HAL_Driver/Src/stm32l0xx_hal_uart.o
                0x00000000080050e0                UART_CheckIdleState
 .text.UART_WaitOnFlagUntilTimeout
                0x0000000008005170      0x188 ./Drivers/STM32L0xx_HAL_Driver/Src/stm32l0xx_hal_uart.o
                0x0000000008005170                UART_WaitOnFlagUntilTimeout
 .text.__libc_init_array
                0x00000000080052f8       0x48 c:/st/stm32cubeide_1.7.0/stm32cubeide/plugins/com.st.stm32cube.ide.mcu.externaltools.gnu-tools-for-stm32.9-2020-q2-update.win32_2.0.0.202105311346/tools/bin/../lib/gcc/arm-none-eabi/9.3.1/../../../../arm-none-eabi/lib/thumb/v6-m/nofp\libc_nano.a(lib_a-init.o)
                0x00000000080052f8                __libc_init_array
 .text.memset   0x0000000008005340       0x10 c:/st/stm32cubeide_1.7.0/stm32cubeide/plugins/com.st.stm32cube.ide.mcu.externaltools.gnu-tools-for-stm32.9-2020-q2-update.win32_2.0.0.202105311346/tools/bin/../lib/gcc/arm-none-eabi/9.3.1/../../../../arm-none-eabi/lib/thumb/v6-m/nofp\libc_nano.a(lib_a-memset.o)
                0x0000000008005340                memset
 *(.glue_7)
 .glue_7        0x0000000008005350        0x0 linker stubs
 *(.glue_7t)
 .glue_7t       0x0000000008005350        0x0 linker stubs
 *(.eh_frame)
 .eh_frame      0x0000000008005350        0x0 c:/st/stm32cubeide_1.7.0/stm32cubeide/plugins/com.st.stm32cube.ide.mcu.externaltools.gnu-tools-for-stm32.9-2020-q2-update.win32_2.0.0.202105311346/tools/bin/../lib/gcc/arm-none-eabi/9.3.1/thumb/v6-m/nofp/crtbegin.o
 *(.init)
 .init          0x0000000008005350        0x4 c:/st/stm32cubeide_1.7.0/stm32cubeide/plugins/com.st.stm32cube.ide.mcu.externaltools.gnu-tools-for-stm32.9-2020-q2-update.win32_2.0.0.202105311346/tools/bin/../lib/gcc/arm-none-eabi/9.3.1/thumb/v6-m/nofp/crti.o
                0x0000000008005350                _init
 .init          0x0000000008005354        0x8 c:/st/stm32cubeide_1.7.0/stm32cubeide/plugins/com.st.stm32cube.ide.mcu.externaltools.gnu-tools-for-stm32.9-2020-q2-update.win32_2.0.0.202105311346/tools/bin/../lib/gcc/arm-none-eabi/9.3.1/thumb/v6-m/nofp/crtn.o
 *(.fini)
 .fini          0x000000000800535c        0x4 c:/st/stm32cubeide_1.7.0/stm32cubeide/plugins/com.st.stm32cube.ide.mcu.externaltools.gnu-tools-for-stm32.9-2020-q2-update.win32_2.0.0.202105311346/tools/bin/../lib/gcc/arm-none-eabi/9.3.1/thumb/v6-m/nofp/crti.o
                0x000000000800535c                _fini
 .fini          0x0000000008005360        0x8 c:/st/stm32cubeide_1.7.0/stm32cubeide/plugins/com.st.stm32cube.ide.mcu.externaltools.gnu-tools-for-stm32.9-2020-q2-update.win32_2.0.0.202105311346/tools/bin/../lib/gcc/arm-none-eabi/9.3.1/thumb/v6-m/nofp/crtn.o
                0x0000000008005368                . = ALIGN (0x4)
                0x0000000008005368                _etext = .

.vfp11_veneer   0x0000000008005368        0x0
 .vfp11_veneer  0x0000000008005368        0x0 linker stubs

.v4_bx          0x0000000008005368        0x0
 .v4_bx         0x0000000008005368        0x0 linker stubs

.iplt           0x0000000008005368        0x0
 .iplt          0x0000000008005368        0x0 c:/st/stm32cubeide_1.7.0/stm32cubeide/plugins/com.st.stm32cube.ide.mcu.externaltools.gnu-tools-for-stm32.9-2020-q2-update.win32_2.0.0.202105311346/tools/bin/../lib/gcc/arm-none-eabi/9.3.1/thumb/v6-m/nofp/crtbegin.o

.rodata         0x0000000008005368       0x70
                0x0000000008005368                . = ALIGN (0x4)
 *(.rodata)
 .rodata        0x0000000008005368        0x3 ./Core/Src/icm20948.o
 *(.rodata*)
 *fill*         0x000000000800536b        0x1 
 .rodata.AHBPrescTable
                0x000000000800536c       0x10 ./Core/Src/system_stm32l0xx.o
                0x000000000800536c                AHBPrescTable
 .rodata.APBPrescTable
                0x000000000800537c        0x8 ./Core/Src/system_stm32l0xx.o
                0x000000000800537c                APBPrescTable
 .rodata.PLLMulTable
                0x0000000008005384        0x9 ./Core/Src/system_stm32l0xx.o
                0x0000000008005384                PLLMulTable
 *fill*         0x000000000800538d        0x3 
 .rodata.UART_SetConfig
                0x0000000008005390       0x48 ./Drivers/STM32L0xx_HAL_Driver/Src/stm32l0xx_hal_uart.o
                0x00000000080053d8                . = ALIGN (0x4)

.ARM.extab      0x00000000080053d8        0x0
                0x00000000080053d8                . = ALIGN (0x4)
 *(.ARM.extab* .gnu.linkonce.armextab.*)
                0x00000000080053d8                . = ALIGN (0x4)

.ARM            0x00000000080053d8        0x8
                0x00000000080053d8                . = ALIGN (0x4)
                0x00000000080053d8                __exidx_start = .
 *(.ARM.exidx*)
 .ARM.exidx     0x00000000080053d8        0x8 c:/st/stm32cubeide_1.7.0/stm32cubeide/plugins/com.st.stm32cube.ide.mcu.externaltools.gnu-tools-for-stm32.9-2020-q2-update.win32_2.0.0.202105311346/tools/bin/../lib/gcc/arm-none-eabi/9.3.1/thumb/v6-m/nofp\libgcc.a(_udivmoddi4.o)
                0x00000000080053e0                __exidx_end = .
                0x00000000080053e0                . = ALIGN (0x4)

.rel.dyn        0x00000000080053e0        0x0
 .rel.iplt      0x00000000080053e0        0x0 c:/st/stm32cubeide_1.7.0/stm32cubeide/plugins/com.st.stm32cube.ide.mcu.externaltools.gnu-tools-for-stm32.9-2020-q2-update.win32_2.0.0.202105311346/tools/bin/../lib/gcc/arm-none-eabi/9.3.1/thumb/v6-m/nofp/crtbegin.o

.preinit_array  0x00000000080053e0        0x0
                0x00000000080053e0                . = ALIGN (0x4)
                0x00000000080053e0                PROVIDE (__preinit_array_start = .)
 *(.preinit_array*)
                0x00000000080053e0                PROVIDE (__preinit_array_end = .)
                0x00000000080053e0                . = ALIGN (0x4)

.init_array     0x00000000080053e0        0x4
                0x00000000080053e0                . = ALIGN (0x4)
                0x00000000080053e0                PROVIDE (__init_array_start = .)
 *(SORT_BY_NAME(.init_array.*))
 *(.init_array*)
 .init_array    0x00000000080053e0        0x4 c:/st/stm32cubeide_1.7.0/stm32cubeide/plugins/com.st.stm32cube.ide.mcu.externaltools.gnu-tools-for-stm32.9-2020-q2-update.win32_2.0.0.202105311346/tools/bin/../lib/gcc/arm-none-eabi/9.3.1/thumb/v6-m/nofp/crtbegin.o
                0x00000000080053e4                PROVIDE (__init_array_end = .)
                0x00000000080053e4                . = ALIGN (0x4)

.fini_array     0x00000000080053e4        0x4
                0x00000000080053e4                . = ALIGN (0x4)
                [!provide]                        PROVIDE (__fini_array_start = .)
 *(SORT_BY_NAME(.fini_array.*))
 *(.fini_array*)
 .fini_array    0x00000000080053e4        0x4 c:/st/stm32cubeide_1.7.0/stm32cubeide/plugins/com.st.stm32cube.ide.mcu.externaltools.gnu-tools-for-stm32.9-2020-q2-update.win32_2.0.0.202105311346/tools/bin/../lib/gcc/arm-none-eabi/9.3.1/thumb/v6-m/nofp/crtbegin.o
                [!provide]                        PROVIDE (__fini_array_end = .)
                0x00000000080053e8                . = ALIGN (0x4)
                0x00000000080053e8                _sidata = LOADADDR (.data)

.data           0x0000000020000000       0xd0 load address 0x00000000080053e8
                0x0000000020000000                . = ALIGN (0x4)
                0x0000000020000000                _sdata = .
 *(.data)
 *(.data*)
 .data.reset    0x0000000020000000        0x6 ./Core/Src/ble.o
                0x0000000020000000                reset
 *fill*         0x0000000020000006        0x2 
 .data.config1  0x0000000020000008        0xd ./Core/Src/ble.o
                0x0000000020000008                config1
 *fill*         0x0000000020000015        0x3 
 .data.config2  0x0000000020000018        0xd ./Core/Src/ble.o
                0x0000000020000018                config2
 *fill*         0x0000000020000025        0x3 
 .data.name     0x0000000020000028        0x8 ./Core/Src/ble.o
                0x0000000020000028                name
 .data.reboot   0x0000000020000030        0x5 ./Core/Src/ble.o
                0x0000000020000030                reboot
 *fill*         0x0000000020000035        0x3 
 .data.reset2   0x0000000020000038        0x4 ./Core/Src/ble.o
                0x0000000020000038                reset2
 .data.Service  0x000000002000003c       0x25 ./Core/Src/ble.o
                0x000000002000003c                Service
 *fill*         0x0000000020000061        0x3 
 .data.Characteristic
                0x0000000020000064       0x2b ./Core/Src/ble.o
                0x0000000020000064                Characteristic
 *fill*         0x000000002000008f        0x1 
 .data.tp       0x0000000020000090       0x32 ./Core/Src/icm20948.o
                0x0000000020000090                tp
 *fill*         0x00000000200000c2        0x2 
 .data.SystemCoreClock
                0x00000000200000c4        0x4 ./Core/Src/system_stm32l0xx.o
                0x00000000200000c4                SystemCoreClock
 .data.uwTickPrio
                0x00000000200000c8        0x4 ./Drivers/STM32L0xx_HAL_Driver/Src/stm32l0xx_hal.o
                0x00000000200000c8                uwTickPrio
 .data.uwTickFreq
                0x00000000200000cc        0x1 ./Drivers/STM32L0xx_HAL_Driver/Src/stm32l0xx_hal.o
                0x00000000200000cc                uwTickFreq
 *(.RamFunc)
 *(.RamFunc*)
                0x00000000200000d0                . = ALIGN (0x4)
 *fill*         0x00000000200000cd        0x3 
                0x00000000200000d0                _edata = .

.igot.plt       0x00000000200000d0        0x0 load address 0x00000000080054b8
 .igot.plt      0x00000000200000d0        0x0 c:/st/stm32cubeide_1.7.0/stm32cubeide/plugins/com.st.stm32cube.ide.mcu.externaltools.gnu-tools-for-stm32.9-2020-q2-update.win32_2.0.0.202105311346/tools/bin/../lib/gcc/arm-none-eabi/9.3.1/thumb/v6-m/nofp/crtbegin.o
                0x00000000200000d0                . = ALIGN (0x4)

.bss            0x00000000200000d0      0x1dc load address 0x00000000080054b8
                0x00000000200000d0                _sbss = .
                0x00000000200000d0                __bss_start__ = _sbss
 *(.bss)
 .bss           0x00000000200000d0       0x1c c:/st/stm32cubeide_1.7.0/stm32cubeide/plugins/com.st.stm32cube.ide.mcu.externaltools.gnu-tools-for-stm32.9-2020-q2-update.win32_2.0.0.202105311346/tools/bin/../lib/gcc/arm-none-eabi/9.3.1/thumb/v6-m/nofp/crtbegin.o
 *(.bss*)
 .bss.gyro_scale_factor
                0x00000000200000ec        0x4 ./Core/Src/icm20948.o
 .bss.accel_scale_factor
                0x00000000200000f0        0x4 ./Core/Src/icm20948.o
 .bss.reg_val.7631
                0x00000000200000f4        0x6 ./Core/Src/icm20948.o
 *fill*         0x00000000200000fa        0x2 
 .bss.gate      0x00000000200000fc        0x4 ./Core/Src/stm32l0xx_it.o
                0x00000000200000fc                gate
 *(COMMON)
 COMMON         0x0000000020000100       0x4c ./Core/Src/i2c.o
                0x0000000020000100                hi2c1
 COMMON         0x000000002000014c       0x58 ./Core/Src/spi.o
                0x000000002000014c                hspi1
 COMMON         0x00000000200001a4       0x80 ./Core/Src/tim.o
                0x00000000200001a4                htim3
                0x00000000200001e4                htim6
 COMMON         0x0000000020000224       0x84 ./Core/Src/usart.o
                0x0000000020000224                huart1
 COMMON         0x00000000200002a8        0x4 ./Drivers/STM32L0xx_HAL_Driver/Src/stm32l0xx_hal.o
                0x00000000200002a8                uwTick
                0x00000000200002ac                . = ALIGN (0x4)
                0x00000000200002ac                _ebss = .
                0x00000000200002ac                __bss_end__ = _ebss

._user_heap_stack
                0x00000000200002ac      0x604 load address 0x00000000080054b8
                0x00000000200002b0                . = ALIGN (0x8)
 *fill*         0x00000000200002ac        0x4 
                [!provide]                        PROVIDE (end = .)
                0x00000000200002b0                PROVIDE (_end = .)
                0x00000000200004b0                . = (. + _Min_Heap_Size)
 *fill*         0x00000000200002b0      0x200 
                0x00000000200008b0                . = (. + _Min_Stack_Size)
 *fill*         0x00000000200004b0      0x400 
                0x00000000200008b0                . = ALIGN (0x8)

/DISCARD/
 libc.a(*)
 libm.a(*)
 libgcc.a(*)

.ARM.attributes
                0x0000000000000000       0x28
 *(.ARM.attributes)
 .ARM.attributes
                0x0000000000000000       0x1e c:/st/stm32cubeide_1.7.0/stm32cubeide/plugins/com.st.stm32cube.ide.mcu.externaltools.gnu-tools-for-stm32.9-2020-q2-update.win32_2.0.0.202105311346/tools/bin/../lib/gcc/arm-none-eabi/9.3.1/thumb/v6-m/nofp/crti.o
 .ARM.attributes
                0x000000000000001e       0x2c c:/st/stm32cubeide_1.7.0/stm32cubeide/plugins/com.st.stm32cube.ide.mcu.externaltools.gnu-tools-for-stm32.9-2020-q2-update.win32_2.0.0.202105311346/tools/bin/../lib/gcc/arm-none-eabi/9.3.1/thumb/v6-m/nofp/crtbegin.o
 .ARM.attributes
                0x000000000000004a       0x2c ./Core/Src/ble.o
 .ARM.attributes
                0x0000000000000076       0x2c ./Core/Src/gpio.o
 .ARM.attributes
                0x00000000000000a2       0x2c ./Core/Src/i2c.o
 .ARM.attributes
                0x00000000000000ce       0x2c ./Core/Src/icm20948.o
 .ARM.attributes
                0x00000000000000fa       0x2c ./Core/Src/icu.o
 .ARM.attributes
                0x0000000000000126       0x2c ./Core/Src/main.o
 .ARM.attributes
                0x0000000000000152       0x2c ./Core/Src/spi.o
 .ARM.attributes
                0x000000000000017e       0x2c ./Core/Src/stm32l0xx_hal_msp.o
 .ARM.attributes
                0x00000000000001aa       0x2c ./Core/Src/stm32l0xx_it.o
 .ARM.attributes
                0x00000000000001d6       0x2c ./Core/Src/system_stm32l0xx.o
 .ARM.attributes
                0x0000000000000202       0x2c ./Core/Src/tim.o
 .ARM.attributes
                0x000000000000022e       0x2c ./Core/Src/usart.o
 .ARM.attributes
                0x000000000000025a       0x22 ./Core/Startup/startup_stm32l081kztx.o
 .ARM.attributes
                0x000000000000027c       0x2c ./Drivers/STM32L0xx_HAL_Driver/Src/stm32l0xx_hal.o
 .ARM.attributes
                0x00000000000002a8       0x2c ./Drivers/STM32L0xx_HAL_Driver/Src/stm32l0xx_hal_cortex.o
 .ARM.attributes
                0x00000000000002d4       0x2c ./Drivers/STM32L0xx_HAL_Driver/Src/stm32l0xx_hal_gpio.o
 .ARM.attributes
                0x0000000000000300       0x2c ./Drivers/STM32L0xx_HAL_Driver/Src/stm32l0xx_hal_i2c.o
 .ARM.attributes
                0x000000000000032c       0x2c ./Drivers/STM32L0xx_HAL_Driver/Src/stm32l0xx_hal_i2c_ex.o
 .ARM.attributes
                0x0000000000000358       0x2c ./Drivers/STM32L0xx_HAL_Driver/Src/stm32l0xx_hal_rcc.o
 .ARM.attributes
                0x0000000000000384       0x2c ./Drivers/STM32L0xx_HAL_Driver/Src/stm32l0xx_hal_rcc_ex.o
 .ARM.attributes
                0x00000000000003b0       0x2c ./Drivers/STM32L0xx_HAL_Driver/Src/stm32l0xx_hal_spi.o
 .ARM.attributes
                0x00000000000003dc       0x2c ./Drivers/STM32L0xx_HAL_Driver/Src/stm32l0xx_hal_tim.o
 .ARM.attributes
                0x0000000000000408       0x2c ./Drivers/STM32L0xx_HAL_Driver/Src/stm32l0xx_hal_tim_ex.o
 .ARM.attributes
                0x0000000000000434       0x2c ./Drivers/STM32L0xx_HAL_Driver/Src/stm32l0xx_hal_uart.o
 .ARM.attributes
                0x0000000000000460       0x2c c:/st/stm32cubeide_1.7.0/stm32cubeide/plugins/com.st.stm32cube.ide.mcu.externaltools.gnu-tools-for-stm32.9-2020-q2-update.win32_2.0.0.202105311346/tools/bin/../lib/gcc/arm-none-eabi/9.3.1/../../../../arm-none-eabi/lib/thumb/v6-m/nofp\libc_nano.a(lib_a-init.o)
 .ARM.attributes
                0x000000000000048c       0x2c c:/st/stm32cubeide_1.7.0/stm32cubeide/plugins/com.st.stm32cube.ide.mcu.externaltools.gnu-tools-for-stm32.9-2020-q2-update.win32_2.0.0.202105311346/tools/bin/../lib/gcc/arm-none-eabi/9.3.1/../../../../arm-none-eabi/lib/thumb/v6-m/nofp\libc_nano.a(lib_a-memset.o)
 .ARM.attributes
                0x00000000000004b8       0x1e c:/st/stm32cubeide_1.7.0/stm32cubeide/plugins/com.st.stm32cube.ide.mcu.externaltools.gnu-tools-for-stm32.9-2020-q2-update.win32_2.0.0.202105311346/tools/bin/../lib/gcc/arm-none-eabi/9.3.1/thumb/v6-m/nofp\libgcc.a(_udivsi3.o)
 .ARM.attributes
                0x00000000000004d6       0x1e c:/st/stm32cubeide_1.7.0/stm32cubeide/plugins/com.st.stm32cube.ide.mcu.externaltools.gnu-tools-for-stm32.9-2020-q2-update.win32_2.0.0.202105311346/tools/bin/../lib/gcc/arm-none-eabi/9.3.1/thumb/v6-m/nofp\libgcc.a(_divsi3.o)
 .ARM.attributes
                0x00000000000004f4       0x1e c:/st/stm32cubeide_1.7.0/stm32cubeide/plugins/com.st.stm32cube.ide.mcu.externaltools.gnu-tools-for-stm32.9-2020-q2-update.win32_2.0.0.202105311346/tools/bin/../lib/gcc/arm-none-eabi/9.3.1/thumb/v6-m/nofp\libgcc.a(_dvmd_tls.o)
 .ARM.attributes
                0x0000000000000512       0x1e c:/st/stm32cubeide_1.7.0/stm32cubeide/plugins/com.st.stm32cube.ide.mcu.externaltools.gnu-tools-for-stm32.9-2020-q2-update.win32_2.0.0.202105311346/tools/bin/../lib/gcc/arm-none-eabi/9.3.1/thumb/v6-m/nofp\libgcc.a(_aeabi_uldivmod.o)
 .ARM.attributes
                0x0000000000000530       0x2c c:/st/stm32cubeide_1.7.0/stm32cubeide/plugins/com.st.stm32cube.ide.mcu.externaltools.gnu-tools-for-stm32.9-2020-q2-update.win32_2.0.0.202105311346/tools/bin/../lib/gcc/arm-none-eabi/9.3.1/thumb/v6-m/nofp\libgcc.a(_muldi3.o)
 .ARM.attributes
                0x000000000000055c       0x2c c:/st/stm32cubeide_1.7.0/stm32cubeide/plugins/com.st.stm32cube.ide.mcu.externaltools.gnu-tools-for-stm32.9-2020-q2-update.win32_2.0.0.202105311346/tools/bin/../lib/gcc/arm-none-eabi/9.3.1/thumb/v6-m/nofp\libgcc.a(_udivmoddi4.o)
 .ARM.attributes
                0x0000000000000588       0x2c c:/st/stm32cubeide_1.7.0/stm32cubeide/plugins/com.st.stm32cube.ide.mcu.externaltools.gnu-tools-for-stm32.9-2020-q2-update.win32_2.0.0.202105311346/tools/bin/../lib/gcc/arm-none-eabi/9.3.1/thumb/v6-m/nofp\libgcc.a(addsf3.o)
 .ARM.attributes
                0x00000000000005b4       0x2c c:/st/stm32cubeide_1.7.0/stm32cubeide/plugins/com.st.stm32cube.ide.mcu.externaltools.gnu-tools-for-stm32.9-2020-q2-update.win32_2.0.0.202105311346/tools/bin/../lib/gcc/arm-none-eabi/9.3.1/thumb/v6-m/nofp\libgcc.a(fixsfsi.o)
 .ARM.attributes
                0x00000000000005e0       0x2c c:/st/stm32cubeide_1.7.0/stm32cubeide/plugins/com.st.stm32cube.ide.mcu.externaltools.gnu-tools-for-stm32.9-2020-q2-update.win32_2.0.0.202105311346/tools/bin/../lib/gcc/arm-none-eabi/9.3.1/thumb/v6-m/nofp\libgcc.a(floatsisf.o)
 .ARM.attributes
                0x000000000000060c       0x1e c:/st/stm32cubeide_1.7.0/stm32cubeide/plugins/com.st.stm32cube.ide.mcu.externaltools.gnu-tools-for-stm32.9-2020-q2-update.win32_2.0.0.202105311346/tools/bin/../lib/gcc/arm-none-eabi/9.3.1/thumb/v6-m/nofp\libgcc.a(_clzsi2.o)
 .ARM.attributes
                0x000000000000062a       0x1e c:/st/stm32cubeide_1.7.0/stm32cubeide/plugins/com.st.stm32cube.ide.mcu.externaltools.gnu-tools-for-stm32.9-2020-q2-update.win32_2.0.0.202105311346/tools/bin/../lib/gcc/arm-none-eabi/9.3.1/thumb/v6-m/nofp\libgcc.a(_clzdi2.o)
 .ARM.attributes
                0x0000000000000648       0x1e c:/st/stm32cubeide_1.7.0/stm32cubeide/plugins/com.st.stm32cube.ide.mcu.externaltools.gnu-tools-for-stm32.9-2020-q2-update.win32_2.0.0.202105311346/tools/bin/../lib/gcc/arm-none-eabi/9.3.1/thumb/v6-m/nofp/crtn.o
OUTPUT(RevEx.elf elf32-littlearm)
LOAD linker stubs
LOAD c:/st/stm32cubeide_1.7.0/stm32cubeide/plugins/com.st.stm32cube.ide.mcu.externaltools.gnu-tools-for-stm32.9-2020-q2-update.win32_2.0.0.202105311346/tools/bin/../lib/gcc/arm-none-eabi/9.3.1/../../../../arm-none-eabi/lib/thumb/v6-m/nofp\libc.a
LOAD c:/st/stm32cubeide_1.7.0/stm32cubeide/plugins/com.st.stm32cube.ide.mcu.externaltools.gnu-tools-for-stm32.9-2020-q2-update.win32_2.0.0.202105311346/tools/bin/../lib/gcc/arm-none-eabi/9.3.1/../../../../arm-none-eabi/lib/thumb/v6-m/nofp\libm.a
LOAD c:/st/stm32cubeide_1.7.0/stm32cubeide/plugins/com.st.stm32cube.ide.mcu.externaltools.gnu-tools-for-stm32.9-2020-q2-update.win32_2.0.0.202105311346/tools/bin/../lib/gcc/arm-none-eabi/9.3.1/thumb/v6-m/nofp\libgcc.a

.debug_info     0x0000000000000000    0x17f9c
 .debug_info    0x0000000000000000     0x1446 ./Core/Src/ble.o
 .debug_info    0x0000000000001446      0x300 ./Core/Src/gpio.o
 .debug_info    0x0000000000001746      0x9cd ./Core/Src/i2c.o
 .debug_info    0x0000000000002113     0x1d75 ./Core/Src/icm20948.o
 .debug_info    0x0000000000003e88     0x151c ./Core/Src/icu.o
 .debug_info    0x00000000000053a4     0x2394 ./Core/Src/main.o
 .debug_info    0x0000000000007738      0x99d ./Core/Src/spi.o
 .debug_info    0x00000000000080d5      0x2c9 ./Core/Src/stm32l0xx_hal_msp.o
 .debug_info    0x000000000000839e      0x84a ./Core/Src/stm32l0xx_it.o
 .debug_info    0x0000000000008be8      0x363 ./Core/Src/system_stm32l0xx.o
 .debug_info    0x0000000000008f4b      0xa66 ./Core/Src/tim.o
 .debug_info    0x00000000000099b1      0xa08 ./Core/Src/usart.o
 .debug_info    0x000000000000a3b9       0x22 ./Core/Startup/startup_stm32l081kztx.o
 .debug_info    0x000000000000a3db      0x91b ./Drivers/STM32L0xx_HAL_Driver/Src/stm32l0xx_hal.o
 .debug_info    0x000000000000acf6      0x99d ./Drivers/STM32L0xx_HAL_Driver/Src/stm32l0xx_hal_cortex.o
 .debug_info    0x000000000000b693      0x788 ./Drivers/STM32L0xx_HAL_Driver/Src/stm32l0xx_hal_gpio.o
 .debug_info    0x000000000000be1b     0x21c3 ./Drivers/STM32L0xx_HAL_Driver/Src/stm32l0xx_hal_i2c.o
 .debug_info    0x000000000000dfde      0x9c1 ./Drivers/STM32L0xx_HAL_Driver/Src/stm32l0xx_hal_i2c_ex.o
 .debug_info    0x000000000000e99f      0x9f2 ./Drivers/STM32L0xx_HAL_Driver/Src/stm32l0xx_hal_rcc.o
 .debug_info    0x000000000000f391      0x581 ./Drivers/STM32L0xx_HAL_Driver/Src/stm32l0xx_hal_rcc_ex.o
 .debug_info    0x000000000000f912     0x1775 ./Drivers/STM32L0xx_HAL_Driver/Src/stm32l0xx_hal_spi.o
 .debug_info    0x0000000000011087     0x2a96 ./Drivers/STM32L0xx_HAL_Driver/Src/stm32l0xx_hal_tim.o
 .debug_info    0x0000000000013b1d      0x7d8 ./Drivers/STM32L0xx_HAL_Driver/Src/stm32l0xx_hal_tim_ex.o
 .debug_info    0x00000000000142f5     0x3ca7 ./Drivers/STM32L0xx_HAL_Driver/Src/stm32l0xx_hal_uart.o

.debug_abbrev   0x0000000000000000     0x30da
 .debug_abbrev  0x0000000000000000      0x239 ./Core/Src/ble.o
 .debug_abbrev  0x0000000000000239      0x11d ./Core/Src/gpio.o
 .debug_abbrev  0x0000000000000356      0x1bb ./Core/Src/i2c.o
 .debug_abbrev  0x0000000000000511      0x35b ./Core/Src/icm20948.o
 .debug_abbrev  0x000000000000086c      0x272 ./Core/Src/icu.o
 .debug_abbrev  0x0000000000000ade      0x3d3 ./Core/Src/main.o
 .debug_abbrev  0x0000000000000eb1      0x1c5 ./Core/Src/spi.o
 .debug_abbrev  0x0000000000001076       0xf8 ./Core/Src/stm32l0xx_hal_msp.o
 .debug_abbrev  0x000000000000116e      0x1ce ./Core/Src/stm32l0xx_it.o
 .debug_abbrev  0x000000000000133c      0x145 ./Core/Src/system_stm32l0xx.o
 .debug_abbrev  0x0000000000001481      0x1c3 ./Core/Src/tim.o
 .debug_abbrev  0x0000000000001644      0x1b0 ./Core/Src/usart.o
 .debug_abbrev  0x00000000000017f4       0x12 ./Core/Startup/startup_stm32l081kztx.o
 .debug_abbrev  0x0000000000001806      0x267 ./Drivers/STM32L0xx_HAL_Driver/Src/stm32l0xx_hal.o
 .debug_abbrev  0x0000000000001a6d      0x2b4 ./Drivers/STM32L0xx_HAL_Driver/Src/stm32l0xx_hal_cortex.o
 .debug_abbrev  0x0000000000001d21      0x1e8 ./Drivers/STM32L0xx_HAL_Driver/Src/stm32l0xx_hal_gpio.o
 .debug_abbrev  0x0000000000001f09      0x267 ./Drivers/STM32L0xx_HAL_Driver/Src/stm32l0xx_hal_i2c.o
 .debug_abbrev  0x0000000000002170      0x1d4 ./Drivers/STM32L0xx_HAL_Driver/Src/stm32l0xx_hal_i2c_ex.o
 .debug_abbrev  0x0000000000002344      0x246 ./Drivers/STM32L0xx_HAL_Driver/Src/stm32l0xx_hal_rcc.o
 .debug_abbrev  0x000000000000258a      0x1ef ./Drivers/STM32L0xx_HAL_Driver/Src/stm32l0xx_hal_rcc_ex.o
 .debug_abbrev  0x0000000000002779      0x26e ./Drivers/STM32L0xx_HAL_Driver/Src/stm32l0xx_hal_spi.o
 .debug_abbrev  0x00000000000029e7      0x26f ./Drivers/STM32L0xx_HAL_Driver/Src/stm32l0xx_hal_tim.o
 .debug_abbrev  0x0000000000002c56      0x1c2 ./Drivers/STM32L0xx_HAL_Driver/Src/stm32l0xx_hal_tim_ex.o
 .debug_abbrev  0x0000000000002e18      0x2c2 ./Drivers/STM32L0xx_HAL_Driver/Src/stm32l0xx_hal_uart.o

.debug_aranges  0x0000000000000000     0x1228
 .debug_aranges
                0x0000000000000000       0x28 ./Core/Src/ble.o
 .debug_aranges
                0x0000000000000028       0x20 ./Core/Src/gpio.o
 .debug_aranges
                0x0000000000000048       0x30 ./Core/Src/i2c.o
 .debug_aranges
                0x0000000000000078      0x158 ./Core/Src/icm20948.o
 .debug_aranges
                0x00000000000001d0       0x88 ./Core/Src/icu.o
 .debug_aranges
                0x0000000000000258       0x98 ./Core/Src/main.o
 .debug_aranges
                0x00000000000002f0       0x30 ./Core/Src/spi.o
 .debug_aranges
                0x0000000000000320       0x20 ./Core/Src/stm32l0xx_hal_msp.o
 .debug_aranges
                0x0000000000000340       0x50 ./Core/Src/stm32l0xx_it.o
 .debug_aranges
                0x0000000000000390       0x28 ./Core/Src/system_stm32l0xx.o
 .debug_aranges
                0x00000000000003b8       0x38 ./Core/Src/tim.o
 .debug_aranges
                0x00000000000003f0       0x30 ./Core/Src/usart.o
 .debug_aranges
                0x0000000000000420       0x28 ./Core/Startup/startup_stm32l081kztx.o
 .debug_aranges
                0x0000000000000448      0x110 ./Drivers/STM32L0xx_HAL_Driver/Src/stm32l0xx_hal.o
 .debug_aranges
                0x0000000000000558       0xd8 ./Drivers/STM32L0xx_HAL_Driver/Src/stm32l0xx_hal_cortex.o
 .debug_aranges
                0x0000000000000630       0x58 ./Drivers/STM32L0xx_HAL_Driver/Src/stm32l0xx_hal_gpio.o
 .debug_aranges
                0x0000000000000688      0x290 ./Drivers/STM32L0xx_HAL_Driver/Src/stm32l0xx_hal_i2c.o
 .debug_aranges
                0x0000000000000918       0x48 ./Drivers/STM32L0xx_HAL_Driver/Src/stm32l0xx_hal_i2c_ex.o
 .debug_aranges
                0x0000000000000960       0x80 ./Drivers/STM32L0xx_HAL_Driver/Src/stm32l0xx_hal_rcc.o
 .debug_aranges
                0x00000000000009e0       0x58 ./Drivers/STM32L0xx_HAL_Driver/Src/stm32l0xx_hal_rcc_ex.o
 .debug_aranges
                0x0000000000000a38      0x1d0 ./Drivers/STM32L0xx_HAL_Driver/Src/stm32l0xx_hal_spi.o
 .debug_aranges
                0x0000000000000c08      0x3d0 ./Drivers/STM32L0xx_HAL_Driver/Src/stm32l0xx_hal_tim.o
 .debug_aranges
                0x0000000000000fd8       0x28 ./Drivers/STM32L0xx_HAL_Driver/Src/stm32l0xx_hal_tim_ex.o
 .debug_aranges
                0x0000000000001000      0x228 ./Drivers/STM32L0xx_HAL_Driver/Src/stm32l0xx_hal_uart.o

.debug_ranges   0x0000000000000000     0x10e0
 .debug_ranges  0x0000000000000000       0x18 ./Core/Src/ble.o
 .debug_ranges  0x0000000000000018       0x10 ./Core/Src/gpio.o
 .debug_ranges  0x0000000000000028       0x20 ./Core/Src/i2c.o
 .debug_ranges  0x0000000000000048      0x148 ./Core/Src/icm20948.o
 .debug_ranges  0x0000000000000190       0x78 ./Core/Src/icu.o
 .debug_ranges  0x0000000000000208       0x88 ./Core/Src/main.o
 .debug_ranges  0x0000000000000290       0x20 ./Core/Src/spi.o
 .debug_ranges  0x00000000000002b0       0x10 ./Core/Src/stm32l0xx_hal_msp.o
 .debug_ranges  0x00000000000002c0       0x40 ./Core/Src/stm32l0xx_it.o
 .debug_ranges  0x0000000000000300       0x18 ./Core/Src/system_stm32l0xx.o
 .debug_ranges  0x0000000000000318       0x28 ./Core/Src/tim.o
 .debug_ranges  0x0000000000000340       0x20 ./Core/Src/usart.o
 .debug_ranges  0x0000000000000360       0x20 ./Core/Startup/startup_stm32l081kztx.o
 .debug_ranges  0x0000000000000380      0x100 ./Drivers/STM32L0xx_HAL_Driver/Src/stm32l0xx_hal.o
 .debug_ranges  0x0000000000000480       0xc8 ./Drivers/STM32L0xx_HAL_Driver/Src/stm32l0xx_hal_cortex.o
 .debug_ranges  0x0000000000000548       0x48 ./Drivers/STM32L0xx_HAL_Driver/Src/stm32l0xx_hal_gpio.o
 .debug_ranges  0x0000000000000590      0x280 ./Drivers/STM32L0xx_HAL_Driver/Src/stm32l0xx_hal_i2c.o
 .debug_ranges  0x0000000000000810       0x38 ./Drivers/STM32L0xx_HAL_Driver/Src/stm32l0xx_hal_i2c_ex.o
 .debug_ranges  0x0000000000000848       0x70 ./Drivers/STM32L0xx_HAL_Driver/Src/stm32l0xx_hal_rcc.o
 .debug_ranges  0x00000000000008b8       0x48 ./Drivers/STM32L0xx_HAL_Driver/Src/stm32l0xx_hal_rcc_ex.o
 .debug_ranges  0x0000000000000900      0x1c0 ./Drivers/STM32L0xx_HAL_Driver/Src/stm32l0xx_hal_spi.o
 .debug_ranges  0x0000000000000ac0      0x3c0 ./Drivers/STM32L0xx_HAL_Driver/Src/stm32l0xx_hal_tim.o
 .debug_ranges  0x0000000000000e80       0x18 ./Drivers/STM32L0xx_HAL_Driver/Src/stm32l0xx_hal_tim_ex.o
 .debug_ranges  0x0000000000000e98      0x248 ./Drivers/STM32L0xx_HAL_Driver/Src/stm32l0xx_hal_uart.o

.debug_macro    0x0000000000000000    0x1514f
 .debug_macro   0x0000000000000000      0x387 ./Core/Src/ble.o
 .debug_macro   0x0000000000000387      0xa7e ./Core/Src/ble.o
 .debug_macro   0x0000000000000e05      0x12b ./Core/Src/ble.o
 .debug_macro   0x0000000000000f30       0x2e ./Core/Src/ble.o
 .debug_macro   0x0000000000000f5e       0x28 ./Core/Src/ble.o
 .debug_macro   0x0000000000000f86       0x22 ./Core/Src/ble.o
 .debug_macro   0x0000000000000fa8       0x8e ./Core/Src/ble.o
 .debug_macro   0x0000000000001036       0x51 ./Core/Src/ble.o
 .debug_macro   0x0000000000001087      0x103 ./Core/Src/ble.o
 .debug_macro   0x000000000000118a       0x6a ./Core/Src/ble.o
 .debug_macro   0x00000000000011f4      0x1df ./Core/Src/ble.o
 .debug_macro   0x00000000000013d3       0x1c ./Core/Src/ble.o
 .debug_macro   0x00000000000013ef       0x22 ./Core/Src/ble.o
 .debug_macro   0x0000000000001411       0xb5 ./Core/Src/ble.o
 .debug_macro   0x00000000000014c6      0x4da ./Core/Src/ble.o
 .debug_macro   0x00000000000019a0      0x11f ./Core/Src/ble.o
 .debug_macro   0x0000000000001abf     0x899c ./Core/Src/ble.o
 .debug_macro   0x000000000000a45b       0x66 ./Core/Src/ble.o
 .debug_macro   0x000000000000a4c1     0x355c ./Core/Src/ble.o
 .debug_macro   0x000000000000da1d      0x174 ./Core/Src/ble.o
 .debug_macro   0x000000000000db91       0x5b ./Core/Src/ble.o
 .debug_macro   0x000000000000dbec      0x8b5 ./Core/Src/ble.o
 .debug_macro   0x000000000000e4a1      0x84d ./Core/Src/ble.o
 .debug_macro   0x000000000000ecee      0x197 ./Core/Src/ble.o
 .debug_macro   0x000000000000ee85      0x13f ./Core/Src/ble.o
 .debug_macro   0x000000000000efc4      0x1b5 ./Core/Src/ble.o
 .debug_macro   0x000000000000f179       0x82 ./Core/Src/ble.o
 .debug_macro   0x000000000000f1fb      0x295 ./Core/Src/ble.o
 .debug_macro   0x000000000000f490      0x1e9 ./Core/Src/ble.o
 .debug_macro   0x000000000000f679      0x13e ./Core/Src/ble.o
 .debug_macro   0x000000000000f7b7      0x4b5 ./Core/Src/ble.o
 .debug_macro   0x000000000000fc6c      0x22c ./Core/Src/ble.o
 .debug_macro   0x000000000000fe98       0x5b ./Core/Src/ble.o
 .debug_macro   0x000000000000fef3       0xa5 ./Core/Src/ble.o
 .debug_macro   0x000000000000ff98      0x18d ./Core/Src/ble.o
 .debug_macro   0x0000000000010125       0x16 ./Core/Src/ble.o
 .debug_macro   0x000000000001013b      0x22c ./Core/Src/ble.o
 .debug_macro   0x0000000000010367      0x773 ./Core/Src/ble.o
 .debug_macro   0x0000000000010ada       0xea ./Core/Src/ble.o
 .debug_macro   0x0000000000010bc4      0x5ba ./Core/Src/ble.o
 .debug_macro   0x000000000001117e       0x44 ./Core/Src/ble.o
 .debug_macro   0x00000000000111c2      0x170 ./Core/Src/ble.o
 .debug_macro   0x0000000000011332       0x22 ./Core/Src/ble.o
 .debug_macro   0x0000000000011354      0x3d6 ./Core/Src/ble.o
 .debug_macro   0x000000000001172a       0x52 ./Core/Src/ble.o
 .debug_macro   0x000000000001177c       0x18 ./Core/Src/ble.o
 .debug_macro   0x0000000000011794       0x3c ./Core/Src/ble.o
 .debug_macro   0x00000000000117d0       0x34 ./Core/Src/ble.o
 .debug_macro   0x0000000000011804       0x16 ./Core/Src/ble.o
 .debug_macro   0x000000000001181a       0x35 ./Core/Src/ble.o
 .debug_macro   0x000000000001184f      0x333 ./Core/Src/ble.o
 .debug_macro   0x0000000000011b82       0x10 ./Core/Src/ble.o
 .debug_macro   0x0000000000011b92       0x16 ./Core/Src/ble.o
 .debug_macro   0x0000000000011ba8       0x43 ./Core/Src/ble.o
 .debug_macro   0x0000000000011beb       0x34 ./Core/Src/ble.o
 .debug_macro   0x0000000000011c1f       0x10 ./Core/Src/ble.o
 .debug_macro   0x0000000000011c2f       0x58 ./Core/Src/ble.o
 .debug_macro   0x0000000000011c87       0x71 ./Core/Src/ble.o
 .debug_macro   0x0000000000011cf8       0x1c ./Core/Src/ble.o
 .debug_macro   0x0000000000011d14      0x12a ./Core/Src/ble.o
 .debug_macro   0x0000000000011e3e       0x10 ./Core/Src/ble.o
 .debug_macro   0x0000000000011e4e       0x1c ./Core/Src/ble.o
 .debug_macro   0x0000000000011e6a       0x52 ./Core/Src/ble.o
 .debug_macro   0x0000000000011ebc       0x22 ./Core/Src/ble.o
 .debug_macro   0x0000000000011ede       0x10 ./Core/Src/ble.o
 .debug_macro   0x0000000000011eee       0x40 ./Core/Src/ble.o
 .debug_macro   0x0000000000011f2e       0xd5 ./Core/Src/ble.o
 .debug_macro   0x0000000000012003       0x1c ./Core/Src/ble.o
 .debug_macro   0x000000000001201f       0x3d ./Core/Src/ble.o
 .debug_macro   0x000000000001205c       0x16 ./Core/Src/ble.o
 .debug_macro   0x0000000000012072      0x145 ./Core/Src/ble.o
 .debug_macro   0x00000000000121b7      0x1ec ./Core/Src/gpio.o
 .debug_macro   0x00000000000123a3      0x1ec ./Core/Src/i2c.o
 .debug_macro   0x000000000001258f      0x36d ./Core/Src/icm20948.o
 .debug_macro   0x00000000000128fc      0x385 ./Core/Src/icu.o
 .debug_macro   0x0000000000012c81      0x3b7 ./Core/Src/main.o
 .debug_macro   0x0000000000013038      0x1f0 ./Core/Src/spi.o
 .debug_macro   0x0000000000013228      0x1e2 ./Core/Src/stm32l0xx_hal_msp.o
 .debug_macro   0x000000000001340a      0x1ec ./Core/Src/stm32l0xx_it.o
 .debug_macro   0x00000000000135f6      0x1d8 ./Core/Src/system_stm32l0xx.o
 .debug_macro   0x00000000000137ce      0x1ec ./Core/Src/tim.o
 .debug_macro   0x00000000000139ba      0x1ec ./Core/Src/usart.o
 .debug_macro   0x0000000000013ba6      0x1fc ./Drivers/STM32L0xx_HAL_Driver/Src/stm32l0xx_hal.o
 .debug_macro   0x0000000000013da2      0x1d8 ./Drivers/STM32L0xx_HAL_Driver/Src/stm32l0xx_hal_cortex.o
 .debug_macro   0x0000000000013f7a      0x1df ./Drivers/STM32L0xx_HAL_Driver/Src/stm32l0xx_hal_gpio.o
 .debug_macro   0x0000000000014159      0x29d ./Drivers/STM32L0xx_HAL_Driver/Src/stm32l0xx_hal_i2c.o
 .debug_macro   0x00000000000143f6      0x1d8 ./Drivers/STM32L0xx_HAL_Driver/Src/stm32l0xx_hal_i2c_ex.o
 .debug_macro   0x00000000000145ce      0x20e ./Drivers/STM32L0xx_HAL_Driver/Src/stm32l0xx_hal_rcc.o
 .debug_macro   0x00000000000147dc      0x1d8 ./Drivers/STM32L0xx_HAL_Driver/Src/stm32l0xx_hal_rcc_ex.o
 .debug_macro   0x00000000000149b4      0x1e7 ./Drivers/STM32L0xx_HAL_Driver/Src/stm32l0xx_hal_spi.o
 .debug_macro   0x0000000000014b9b      0x1d9 ./Drivers/STM32L0xx_HAL_Driver/Src/stm32l0xx_hal_tim.o
 .debug_macro   0x0000000000014d74      0x1d8 ./Drivers/STM32L0xx_HAL_Driver/Src/stm32l0xx_hal_tim_ex.o
 .debug_macro   0x0000000000014f4c      0x203 ./Drivers/STM32L0xx_HAL_Driver/Src/stm32l0xx_hal_uart.o

.debug_line     0x0000000000000000    0x167f1
 .debug_line    0x0000000000000000      0x9bc ./Core/Src/ble.o
 .debug_line    0x00000000000009bc      0x710 ./Core/Src/gpio.o
 .debug_line    0x00000000000010cc      0x790 ./Core/Src/i2c.o
 .debug_line    0x000000000000185c     0x10b1 ./Core/Src/icm20948.o
 .debug_line    0x000000000000290d      0xb78 ./Core/Src/icu.o
 .debug_line    0x0000000000003485      0xd28 ./Core/Src/main.o
 .debug_line    0x00000000000041ad      0x788 ./Core/Src/spi.o
 .debug_line    0x0000000000004935      0x714 ./Core/Src/stm32l0xx_hal_msp.o
 .debug_line    0x0000000000005049      0x7bd ./Core/Src/stm32l0xx_it.o
 .debug_line    0x0000000000005806      0x7c4 ./Core/Src/system_stm32l0xx.o
 .debug_line    0x0000000000005fca      0x7e3 ./Core/Src/tim.o
 .debug_line    0x00000000000067ad      0x783 ./Core/Src/usart.o
 .debug_line    0x0000000000006f30       0x89 ./Core/Startup/startup_stm32l081kztx.o
 .debug_line    0x0000000000006fb9      0xa67 ./Drivers/STM32L0xx_HAL_Driver/Src/stm32l0xx_hal.o
 .debug_line    0x0000000000007a20      0xb35 ./Drivers/STM32L0xx_HAL_Driver/Src/stm32l0xx_hal_cortex.o
 .debug_line    0x0000000000008555      0xb0c ./Drivers/STM32L0xx_HAL_Driver/Src/stm32l0xx_hal_gpio.o
 .debug_line    0x0000000000009061     0x32de ./Drivers/STM32L0xx_HAL_Driver/Src/stm32l0xx_hal_i2c.o
 .debug_line    0x000000000000c33f      0x931 ./Drivers/STM32L0xx_HAL_Driver/Src/stm32l0xx_hal_i2c_ex.o
 .debug_line    0x000000000000cc70      0xea7 ./Drivers/STM32L0xx_HAL_Driver/Src/stm32l0xx_hal_rcc.o
 .debug_line    0x000000000000db17      0xb56 ./Drivers/STM32L0xx_HAL_Driver/Src/stm32l0xx_hal_rcc_ex.o
 .debug_line    0x000000000000e66d     0x1c90 ./Drivers/STM32L0xx_HAL_Driver/Src/stm32l0xx_hal_spi.o
 .debug_line    0x00000000000102fd     0x2f54 ./Drivers/STM32L0xx_HAL_Driver/Src/stm32l0xx_hal_tim.o
 .debug_line    0x0000000000013251      0x7e6 ./Drivers/STM32L0xx_HAL_Driver/Src/stm32l0xx_hal_tim_ex.o
 .debug_line    0x0000000000013a37     0x2dba ./Drivers/STM32L0xx_HAL_Driver/Src/stm32l0xx_hal_uart.o

.debug_str      0x0000000000000000    0x7cce9
 .debug_str     0x0000000000000000    0x7817d ./Core/Src/ble.o
                                      0x785ce (size before relaxing)
 .debug_str     0x000000000007817d       0xc6 ./Core/Src/gpio.o
                                      0x73323 (size before relaxing)
 .debug_str     0x0000000000078243      0x353 ./Core/Src/i2c.o
                                      0x73881 (size before relaxing)
 .debug_str     0x0000000000078596      0x5cc ./Core/Src/icm20948.o
                                      0x78b60 (size before relaxing)
 .debug_str     0x0000000000078b62       0xe6 ./Core/Src/icu.o
                                      0x78703 (size before relaxing)
 .debug_str     0x0000000000078c48      0x7ed ./Core/Src/main.o
                                      0x791c9 (size before relaxing)
 .debug_str     0x0000000000079435       0x4b ./Core/Src/spi.o
                                      0x737d3 (size before relaxing)
 .debug_str     0x0000000000079480       0x2c ./Core/Src/stm32l0xx_hal_msp.o
                                      0x7331c (size before relaxing)
 .debug_str     0x00000000000794ac       0x8b ./Core/Src/stm32l0xx_it.o
                                      0x737f0 (size before relaxing)
 .debug_str     0x0000000000079537       0x61 ./Core/Src/system_stm32l0xx.o
                                      0x73347 (size before relaxing)
 .debug_str     0x0000000000079598      0x104 ./Core/Src/tim.o
                                      0x73a8a (size before relaxing)
 .debug_str     0x000000000007969c       0x57 ./Core/Src/usart.o
                                      0x737e4 (size before relaxing)
 .debug_str     0x00000000000796f3       0x36 ./Core/Startup/startup_stm32l081kztx.o
                                         0x73 (size before relaxing)
 .debug_str     0x0000000000079729      0x3f4 ./Drivers/STM32L0xx_HAL_Driver/Src/stm32l0xx_hal.o
                                      0x739dc (size before relaxing)
 .debug_str     0x0000000000079b1d      0x253 ./Drivers/STM32L0xx_HAL_Driver/Src/stm32l0xx_hal_cortex.o
                                      0x737e1 (size before relaxing)
 .debug_str     0x0000000000079d70      0x14d ./Drivers/STM32L0xx_HAL_Driver/Src/stm32l0xx_hal_gpio.o
                                      0x73531 (size before relaxing)
 .debug_str     0x0000000000079ebd      0xd4b ./Drivers/STM32L0xx_HAL_Driver/Src/stm32l0xx_hal_i2c.o
                                      0x745b4 (size before relaxing)
 .debug_str     0x000000000007ac08       0xb8 ./Drivers/STM32L0xx_HAL_Driver/Src/stm32l0xx_hal_i2c_ex.o
                                      0x738f7 (size before relaxing)
 .debug_str     0x000000000007acc0      0x2cd ./Drivers/STM32L0xx_HAL_Driver/Src/stm32l0xx_hal_rcc.o
                                      0x73826 (size before relaxing)
 .debug_str     0x000000000007af8d      0x13a ./Drivers/STM32L0xx_HAL_Driver/Src/stm32l0xx_hal_rcc_ex.o
                                      0x73572 (size before relaxing)
 .debug_str     0x000000000007b0c7      0x564 ./Drivers/STM32L0xx_HAL_Driver/Src/stm32l0xx_hal_spi.o
                                      0x73c30 (size before relaxing)
 .debug_str     0x000000000007b62b      0xd9c ./Drivers/STM32L0xx_HAL_Driver/Src/stm32l0xx_hal_tim.o
                                      0x74637 (size before relaxing)
 .debug_str     0x000000000007c3c7       0x7d ./Drivers/STM32L0xx_HAL_Driver/Src/stm32l0xx_hal_tim_ex.o
                                      0x7380e (size before relaxing)
 .debug_str     0x000000000007c444      0x8a5 ./Drivers/STM32L0xx_HAL_Driver/Src/stm32l0xx_hal_uart.o
                                      0x7406e (size before relaxing)

.comment        0x0000000000000000       0x53
 .comment       0x0000000000000000       0x53 ./Core/Src/ble.o
                                         0x54 (size before relaxing)
 .comment       0x0000000000000053       0x54 ./Core/Src/gpio.o
 .comment       0x0000000000000053       0x54 ./Core/Src/i2c.o
 .comment       0x0000000000000053       0x54 ./Core/Src/icm20948.o
 .comment       0x0000000000000053       0x54 ./Core/Src/icu.o
 .comment       0x0000000000000053       0x54 ./Core/Src/main.o
 .comment       0x0000000000000053       0x54 ./Core/Src/spi.o
 .comment       0x0000000000000053       0x54 ./Core/Src/stm32l0xx_hal_msp.o
 .comment       0x0000000000000053       0x54 ./Core/Src/stm32l0xx_it.o
 .comment       0x0000000000000053       0x54 ./Core/Src/system_stm32l0xx.o
 .comment       0x0000000000000053       0x54 ./Core/Src/tim.o
 .comment       0x0000000000000053       0x54 ./Core/Src/usart.o
 .comment       0x0000000000000053       0x54 ./Drivers/STM32L0xx_HAL_Driver/Src/stm32l0xx_hal.o
 .comment       0x0000000000000053       0x54 ./Drivers/STM32L0xx_HAL_Driver/Src/stm32l0xx_hal_cortex.o
 .comment       0x0000000000000053       0x54 ./Drivers/STM32L0xx_HAL_Driver/Src/stm32l0xx_hal_gpio.o
 .comment       0x0000000000000053       0x54 ./Drivers/STM32L0xx_HAL_Driver/Src/stm32l0xx_hal_i2c.o
 .comment       0x0000000000000053       0x54 ./Drivers/STM32L0xx_HAL_Driver/Src/stm32l0xx_hal_i2c_ex.o
 .comment       0x0000000000000053       0x54 ./Drivers/STM32L0xx_HAL_Driver/Src/stm32l0xx_hal_rcc.o
 .comment       0x0000000000000053       0x54 ./Drivers/STM32L0xx_HAL_Driver/Src/stm32l0xx_hal_rcc_ex.o
 .comment       0x0000000000000053       0x54 ./Drivers/STM32L0xx_HAL_Driver/Src/stm32l0xx_hal_spi.o
 .comment       0x0000000000000053       0x54 ./Drivers/STM32L0xx_HAL_Driver/Src/stm32l0xx_hal_tim.o
 .comment       0x0000000000000053       0x54 ./Drivers/STM32L0xx_HAL_Driver/Src/stm32l0xx_hal_tim_ex.o
 .comment       0x0000000000000053       0x54 ./Drivers/STM32L0xx_HAL_Driver/Src/stm32l0xx_hal_uart.o

.debug_frame    0x0000000000000000     0x4194
 .debug_frame   0x0000000000000000       0x54 ./Core/Src/ble.o
 .debug_frame   0x0000000000000054       0x30 ./Core/Src/gpio.o
 .debug_frame   0x0000000000000084       0x6c ./Core/Src/i2c.o
 .debug_frame   0x00000000000000f0      0x518 ./Core/Src/icm20948.o
 .debug_frame   0x0000000000000608      0x1a4 ./Core/Src/icu.o
 .debug_frame   0x00000000000007ac      0x1f0 ./Core/Src/main.o
 .debug_frame   0x000000000000099c       0x6c ./Core/Src/spi.o
 .debug_frame   0x0000000000000a08       0x2c ./Core/Src/stm32l0xx_hal_msp.o
 .debug_frame   0x0000000000000a34       0xd4 ./Core/Src/stm32l0xx_it.o
 .debug_frame   0x0000000000000b08       0x4c ./Core/Src/system_stm32l0xx.o
 .debug_frame   0x0000000000000b54       0x90 ./Core/Src/tim.o
 .debug_frame   0x0000000000000be4       0x6c ./Core/Src/usart.o
 .debug_frame   0x0000000000000c50      0x394 ./Drivers/STM32L0xx_HAL_Driver/Src/stm32l0xx_hal.o
 .debug_frame   0x0000000000000fe4      0x2fc ./Drivers/STM32L0xx_HAL_Driver/Src/stm32l0xx_hal_cortex.o
 .debug_frame   0x00000000000012e0      0x110 ./Drivers/STM32L0xx_HAL_Driver/Src/stm32l0xx_hal_gpio.o
 .debug_frame   0x00000000000013f0      0xa24 ./Drivers/STM32L0xx_HAL_Driver/Src/stm32l0xx_hal_i2c.o
 .debug_frame   0x0000000000001e14       0xd0 ./Drivers/STM32L0xx_HAL_Driver/Src/stm32l0xx_hal_i2c_ex.o
 .debug_frame   0x0000000000001ee4      0x1a8 ./Drivers/STM32L0xx_HAL_Driver/Src/stm32l0xx_hal_rcc.o
 .debug_frame   0x000000000000208c       0xfc ./Drivers/STM32L0xx_HAL_Driver/Src/stm32l0xx_hal_rcc_ex.o
 .debug_frame   0x0000000000002188      0x6f0 ./Drivers/STM32L0xx_HAL_Driver/Src/stm32l0xx_hal_spi.o
 .debug_frame   0x0000000000002878      0xef8 ./Drivers/STM32L0xx_HAL_Driver/Src/stm32l0xx_hal_tim.o
 .debug_frame   0x0000000000003770       0x50 ./Drivers/STM32L0xx_HAL_Driver/Src/stm32l0xx_hal_tim_ex.o
 .debug_frame   0x00000000000037c0      0x854 ./Drivers/STM32L0xx_HAL_Driver/Src/stm32l0xx_hal_uart.o
 .debug_frame   0x0000000000004014       0x2c c:/st/stm32cubeide_1.7.0/stm32cubeide/plugins/com.st.stm32cube.ide.mcu.externaltools.gnu-tools-for-stm32.9-2020-q2-update.win32_2.0.0.202105311346/tools/bin/../lib/gcc/arm-none-eabi/9.3.1/../../../../arm-none-eabi/lib/thumb/v6-m/nofp\libc_nano.a(lib_a-init.o)
 .debug_frame   0x0000000000004040       0x20 c:/st/stm32cubeide_1.7.0/stm32cubeide/plugins/com.st.stm32cube.ide.mcu.externaltools.gnu-tools-for-stm32.9-2020-q2-update.win32_2.0.0.202105311346/tools/bin/../lib/gcc/arm-none-eabi/9.3.1/../../../../arm-none-eabi/lib/thumb/v6-m/nofp\libc_nano.a(lib_a-memset.o)
 .debug_frame   0x0000000000004060       0x20 c:/st/stm32cubeide_1.7.0/stm32cubeide/plugins/com.st.stm32cube.ide.mcu.externaltools.gnu-tools-for-stm32.9-2020-q2-update.win32_2.0.0.202105311346/tools/bin/../lib/gcc/arm-none-eabi/9.3.1/thumb/v6-m/nofp\libgcc.a(_udivsi3.o)
 .debug_frame   0x0000000000004080       0x20 c:/st/stm32cubeide_1.7.0/stm32cubeide/plugins/com.st.stm32cube.ide.mcu.externaltools.gnu-tools-for-stm32.9-2020-q2-update.win32_2.0.0.202105311346/tools/bin/../lib/gcc/arm-none-eabi/9.3.1/thumb/v6-m/nofp\libgcc.a(_divsi3.o)
 .debug_frame   0x00000000000040a0       0x34 c:/st/stm32cubeide_1.7.0/stm32cubeide/plugins/com.st.stm32cube.ide.mcu.externaltools.gnu-tools-for-stm32.9-2020-q2-update.win32_2.0.0.202105311346/tools/bin/../lib/gcc/arm-none-eabi/9.3.1/thumb/v6-m/nofp\libgcc.a(_muldi3.o)
 .debug_frame   0x00000000000040d4       0x3c c:/st/stm32cubeide_1.7.0/stm32cubeide/plugins/com.st.stm32cube.ide.mcu.externaltools.gnu-tools-for-stm32.9-2020-q2-update.win32_2.0.0.202105311346/tools/bin/../lib/gcc/arm-none-eabi/9.3.1/thumb/v6-m/nofp\libgcc.a(_udivmoddi4.o)
 .debug_frame   0x0000000000004110       0x38 c:/st/stm32cubeide_1.7.0/stm32cubeide/plugins/com.st.stm32cube.ide.mcu.externaltools.gnu-tools-for-stm32.9-2020-q2-update.win32_2.0.0.202105311346/tools/bin/../lib/gcc/arm-none-eabi/9.3.1/thumb/v6-m/nofp\libgcc.a(addsf3.o)
 .debug_frame   0x0000000000004148       0x20 c:/st/stm32cubeide_1.7.0/stm32cubeide/plugins/com.st.stm32cube.ide.mcu.externaltools.gnu-tools-for-stm32.9-2020-q2-update.win32_2.0.0.202105311346/tools/bin/../lib/gcc/arm-none-eabi/9.3.1/thumb/v6-m/nofp\libgcc.a(fixsfsi.o)
 .debug_frame   0x0000000000004168       0x2c c:/st/stm32cubeide_1.7.0/stm32cubeide/plugins/com.st.stm32cube.ide.mcu.externaltools.gnu-tools-for-stm32.9-2020-q2-update.win32_2.0.0.202105311346/tools/bin/../lib/gcc/arm-none-eabi/9.3.1/thumb/v6-m/nofp\libgcc.a(floatsisf.o)
