Archive member included to satisfy reference by file (symbol)

c:/st/stm32cubeide_1.7.0/stm32cubeide/plugins/com.st.stm32cube.ide.mcu.externaltools.gnu-tools-for-stm32.9-2020-q2-update.win32_2.0.0.202105311346/tools/bin/../lib/gcc/arm-none-eabi/9.3.1/../../../../arm-none-eabi/lib/thumb/v6-m/nofp\libc_nano.a(lib_a-errno.o)
                              ./Core/Src/syscalls.o (__errno)
c:/st/stm32cubeide_1.7.0/stm32cubeide/plugins/com.st.stm32cube.ide.mcu.externaltools.gnu-tools-for-stm32.9-2020-q2-update.win32_2.0.0.202105311346/tools/bin/../lib/gcc/arm-none-eabi/9.3.1/../../../../arm-none-eabi/lib/thumb/v6-m/nofp\libc_nano.a(lib_a-exit.o)
                              c:/st/stm32cubeide_1.7.0/stm32cubeide/plugins/com.st.stm32cube.ide.mcu.externaltools.gnu-tools-for-stm32.9-2020-q2-update.win32_2.0.0.202105311346/tools/bin/../lib/gcc/arm-none-eabi/9.3.1/../../../../arm-none-eabi/lib/thumb/v6-m/nofp/crt0.o (exit)
c:/st/stm32cubeide_1.7.0/stm32cubeide/plugins/com.st.stm32cube.ide.mcu.externaltools.gnu-tools-for-stm32.9-2020-q2-update.win32_2.0.0.202105311346/tools/bin/../lib/gcc/arm-none-eabi/9.3.1/../../../../arm-none-eabi/lib/thumb/v6-m/nofp\libc_nano.a(lib_a-impure.o)
                              c:/st/stm32cubeide_1.7.0/stm32cubeide/plugins/com.st.stm32cube.ide.mcu.externaltools.gnu-tools-for-stm32.9-2020-q2-update.win32_2.0.0.202105311346/tools/bin/../lib/gcc/arm-none-eabi/9.3.1/../../../../arm-none-eabi/lib/thumb/v6-m/nofp\libc_nano.a(lib_a-exit.o) (_global_impure_ptr)
c:/st/stm32cubeide_1.7.0/stm32cubeide/plugins/com.st.stm32cube.ide.mcu.externaltools.gnu-tools-for-stm32.9-2020-q2-update.win32_2.0.0.202105311346/tools/bin/../lib/gcc/arm-none-eabi/9.3.1/../../../../arm-none-eabi/lib/thumb/v6-m/nofp\libc_nano.a(lib_a-init.o)
                              c:/st/stm32cubeide_1.7.0/stm32cubeide/plugins/com.st.stm32cube.ide.mcu.externaltools.gnu-tools-for-stm32.9-2020-q2-update.win32_2.0.0.202105311346/tools/bin/../lib/gcc/arm-none-eabi/9.3.1/../../../../arm-none-eabi/lib/thumb/v6-m/nofp/crt0.o (__libc_init_array)
c:/st/stm32cubeide_1.7.0/stm32cubeide/plugins/com.st.stm32cube.ide.mcu.externaltools.gnu-tools-for-stm32.9-2020-q2-update.win32_2.0.0.202105311346/tools/bin/../lib/gcc/arm-none-eabi/9.3.1/../../../../arm-none-eabi/lib/thumb/v6-m/nofp\libc_nano.a(lib_a-memset.o)
                              c:/st/stm32cubeide_1.7.0/stm32cubeide/plugins/com.st.stm32cube.ide.mcu.externaltools.gnu-tools-for-stm32.9-2020-q2-update.win32_2.0.0.202105311346/tools/bin/../lib/gcc/arm-none-eabi/9.3.1/../../../../arm-none-eabi/lib/thumb/v6-m/nofp/crt0.o (memset)
c:/st/stm32cubeide_1.7.0/stm32cubeide/plugins/com.st.stm32cube.ide.mcu.externaltools.gnu-tools-for-stm32.9-2020-q2-update.win32_2.0.0.202105311346/tools/bin/../lib/gcc/arm-none-eabi/9.3.1/../../../../arm-none-eabi/lib/thumb/v6-m/nofp\libc_nano.a(lib_a-sprintf.o)
                              ./Core/Src/ble.o (sprintf)
c:/st/stm32cubeide_1.7.0/stm32cubeide/plugins/com.st.stm32cube.ide.mcu.externaltools.gnu-tools-for-stm32.9-2020-q2-update.win32_2.0.0.202105311346/tools/bin/../lib/gcc/arm-none-eabi/9.3.1/../../../../arm-none-eabi/lib/thumb/v6-m/nofp\libc_nano.a(lib_a-strcmp.o)
                              ./Core/Src/ble.o (strcmp)
c:/st/stm32cubeide_1.7.0/stm32cubeide/plugins/com.st.stm32cube.ide.mcu.externaltools.gnu-tools-for-stm32.9-2020-q2-update.win32_2.0.0.202105311346/tools/bin/../lib/gcc/arm-none-eabi/9.3.1/../../../../arm-none-eabi/lib/thumb/v6-m/nofp\libc_nano.a(lib_a-nano-svfprintf.o)
                              c:/st/stm32cubeide_1.7.0/stm32cubeide/plugins/com.st.stm32cube.ide.mcu.externaltools.gnu-tools-for-stm32.9-2020-q2-update.win32_2.0.0.202105311346/tools/bin/../lib/gcc/arm-none-eabi/9.3.1/../../../../arm-none-eabi/lib/thumb/v6-m/nofp\libc_nano.a(lib_a-sprintf.o) (_svfprintf_r)
c:/st/stm32cubeide_1.7.0/stm32cubeide/plugins/com.st.stm32cube.ide.mcu.externaltools.gnu-tools-for-stm32.9-2020-q2-update.win32_2.0.0.202105311346/tools/bin/../lib/gcc/arm-none-eabi/9.3.1/../../../../arm-none-eabi/lib/thumb/v6-m/nofp\libc_nano.a(lib_a-nano-vfprintf_i.o)
                              c:/st/stm32cubeide_1.7.0/stm32cubeide/plugins/com.st.stm32cube.ide.mcu.externaltools.gnu-tools-for-stm32.9-2020-q2-update.win32_2.0.0.202105311346/tools/bin/../lib/gcc/arm-none-eabi/9.3.1/../../../../arm-none-eabi/lib/thumb/v6-m/nofp\libc_nano.a(lib_a-nano-svfprintf.o) (_printf_i)
c:/st/stm32cubeide_1.7.0/stm32cubeide/plugins/com.st.stm32cube.ide.mcu.externaltools.gnu-tools-for-stm32.9-2020-q2-update.win32_2.0.0.202105311346/tools/bin/../lib/gcc/arm-none-eabi/9.3.1/../../../../arm-none-eabi/lib/thumb/v6-m/nofp\libc_nano.a(lib_a-memchr-stub.o)
                              c:/st/stm32cubeide_1.7.0/stm32cubeide/plugins/com.st.stm32cube.ide.mcu.externaltools.gnu-tools-for-stm32.9-2020-q2-update.win32_2.0.0.202105311346/tools/bin/../lib/gcc/arm-none-eabi/9.3.1/../../../../arm-none-eabi/lib/thumb/v6-m/nofp\libc_nano.a(lib_a-nano-svfprintf.o) (memchr)
[...]
Memory Configuration

Name             Origin             Length             Attributes
RAM              0x0000000020000000 0x0000000000005000 xrw
FLASH            0x0000000008000000 0x0000000000030000 xr
*default*        0x0000000000000000 0xffffffffffffffff

Linker script and memory map

LOAD c:/st/stm32cubeide_1.7.0/stm32cubeide/plugins/com.st.stm32cube.ide.mcu.externaltools.gnu-tools-for-stm32.9-2020-q2-update.win32_2.0.0.202105311346/tools/bin/../lib/gcc/arm-none-eabi/9.3.1/thumb/v6-m/nofp/crti.o
LOAD c:/st/stm32cubeide_1.7.0/stm32cubeide/plugins/com.st.stm32cube.ide.mcu.externaltools.gnu-tools-for-stm32.9-2020-q2-update.win32_2.0.0.202105311346/tools/bin/../lib/gcc/arm-none-eabi/9.3.1/thumb/v6-m/nofp/crtbegin.o
LOAD c:/st/stm32cubeide_1.7.0/stm32cubeide/plugins/com.st.stm32cube.ide.mcu.externaltools.gnu-tools-for-stm32.9-2020-q2-update.win32_2.0.0.202105311346/tools/bin/../lib/gcc/arm-none-eabi/9.3.1/../../../../arm-none-eabi/lib/thumb/v6-m/nofp/crt0.o
LOAD ./Core/Src/adc.o
LOAD ./Core/Src/ble.o
LOAD ./Core/Src/dma.o
LOAD ./Core/Src/gpio.o
LOAD ./Core/Src/i2c.o
LOAD ./Core/Src/icm20948.o
LOAD ./Core/Src/imu.o
LOAD ./Core/Src/main.o
LOAD ./Core/Src/pwm.o
LOAD ./Core/Src/spi.o
LOAD ./Core/Src/stm32l0xx_hal_msp.o
LOAD ./Core/Src/stm32l0xx_it.o
LOAD ./Core/Src/syscalls.o
LOAD ./Core/Src/sysmem.o
LOAD ./Core/Src/system_stm32l0xx.o
LOAD ./Core/Src/tim.o
LOAD ./Core/Src/usart.o
LOAD ./Core/Startup/startup_stm32l081kztx.o
LOAD ./Drivers/STM32L0xx_HAL_Driver/Src/stm32l0xx_hal.o
LOAD ./Drivers/STM32L0xx_HAL_Driver/Src/stm32l0xx_hal_adc.o
LOAD ./Drivers/STM32L0xx_HAL_Driver/Src/stm32l0xx_hal_adc_ex.o
LOAD ./Drivers/STM32L0xx_HAL_Driver/Src/stm32l0xx_hal_cortex.o
LOAD ./Drivers/STM32L0xx_HAL_Driver/Src/stm32l0xx_hal_dma.o
LOAD ./Drivers/STM32L0xx_HAL_Driver/Src/stm32l0xx_hal_exti.o
LOAD ./Drivers/STM32L0xx_HAL_Driver/Src/stm32l0xx_hal_flash.o
LOAD ./Drivers/STM32L0xx_HAL_Driver/Src/stm32l0xx_hal_flash_ex.o
LOAD ./Drivers/STM32L0xx_HAL_Driver/Src/stm32l0xx_hal_flash_ramfunc.o
LOAD ./Drivers/STM32L0xx_HAL_Driver/Src/stm32l0xx_hal_gpio.o
LOAD ./Drivers/STM32L0xx_HAL_Driver/Src/stm32l0xx_hal_i2c.o
LOAD ./Drivers/STM32L0xx_HAL_Driver/Src/stm32l0xx_hal_i2c_ex.o
LOAD ./Drivers/STM32L0xx_HAL_Driver/Src/stm32l0xx_hal_pwr.o
LOAD ./Drivers/STM32L0xx_HAL_Driver/Src/stm32l0xx_hal_pwr_ex.o
LOAD ./Drivers/STM32L0xx_HAL_Driver/Src/stm32l0xx_hal_rcc.o
LOAD ./Drivers/STM32L0xx_HAL_Driver/Src/stm32l0xx_hal_rcc_ex.o
LOAD ./Drivers/STM32L0xx_HAL_Driver/Src/stm32l0xx_hal_spi.o
LOAD ./Drivers/STM32L0xx_HAL_Driver/Src/stm32l0xx_hal_tim.o
LOAD ./Drivers/STM32L0xx_HAL_Driver/Src/stm32l0xx_hal_tim_ex.o
LOAD ./Drivers/STM32L0xx_HAL_Driver/Src/stm32l0xx_hal_uart.o
LOAD ./Drivers/STM32L0xx_HAL_Driver/Src/stm32l0xx_hal_uart_ex.o
START GROUP
LOAD c:/st/stm32cubeide_1.7.0/stm32cubeide/plugins/com.st.stm32cube.ide.mcu.externaltools.gnu-tools-for-stm32.9-2020-q2-update.win32_2.0.0.202105311346/tools/bin/../lib/gcc/arm-none-eabi/9.3.1/../../../../arm-none-eabi/lib/thumb/v6-m/nofp\libc_nano.a
LOAD c:/st/stm32cubeide_1.7.0/stm32cubeide/plugins/com.st.stm32cube.ide.mcu.externaltools.gnu-tools-for-stm32.9-2020-q2-update.win32_2.0.0.202105311346/tools/bin/../lib/gcc/arm-none-eabi/9.3.1/../../../../arm-none-eabi/lib/thumb/v6-m/nofp\libm.a
END GROUP
START GROUP
LOAD c:/st/stm32cubeide_1.7.0/stm32cubeide/plugins/com.st.stm32cube.ide.mcu.externaltools.gnu-tools-for-stm32.9-2020-q2-update.win32_2.0.0.202105311346/tools/bin/../lib/gcc/arm-none-eabi/9.3.1/thumb/v6-m/nofp\libgcc.a
LOAD c:/st/stm32cubeide_1.7.0/stm32cubeide/plugins/com.st.stm32cube.ide.mcu.externaltools.gnu-tools-for-stm32.9-2020-q2-update.win32_2.0.0.202105311346/tools/bin/../lib/gcc/arm-none-eabi/9.3.1/../../../../arm-none-eabi/lib/thumb/v6-m/nofp\libc_nano.a
END GROUP
START GROUP
LOAD c:/st/stm32cubeide_1.7.0/stm32cubeide/plugins/com.st.stm32cube.ide.mcu.externaltools.gnu-tools-for-stm32.9-2020-q2-update.win32_2.0.0.202105311346/tools/bin/../lib/gcc/arm-none-eabi/9.3.1/thumb/v6-m/nofp\libgcc.a
LOAD c:/st/stm32cubeide_1.7.0/stm32cubeide/plugins/com.st.stm32cube.ide.mcu.externaltools.gnu-tools-for-stm32.9-2020-q2-update.win32_2.0.0.202105311346/tools/bin/../lib/gcc/arm-none-eabi/9.3.1/../../../../arm-none-eabi/lib/thumb/v6-m/nofp\libc_nano.a
LOAD c:/st/stm32cubeide_1.7.0/stm32cubeide/plugins/com.st.stm32cube.ide.mcu.externaltools.gnu-tools-for-stm32.9-2020-q2-update.win32_2.0.0.202105311346/tools/bin/../lib/gcc/arm-none-eabi/9.3.1/../../../../arm-none-eabi/lib/thumb/v6-m/nofp\libnosys.a
END GROUP
START GROUP
LOAD c:/st/stm32cubeide_1.7.0/stm32cubeide/plugins/com.st.stm32cube.ide.mcu.externaltools.gnu-tools-for-stm32.9-2020-q2-update.win32_2.0.0.202105311346/tools/bin/../lib/gcc/arm-none-eabi/9.3.1/thumb/v6-m/nofp\libgcc.a
LOAD c:/st/stm32cubeide_1.7.0/stm32cubeide/plugins/com.st.stm32cube.ide.mcu.externaltools.gnu-tools-for-stm32.9-2020-q2-update.win32_2.0.0.202105311346/tools/bin/../lib/gcc/arm-none-eabi/9.3.1/../../../../arm-none-eabi/lib/thumb/v6-m/nofp\libc_nano.a
LOAD c:/st/stm32cubeide_1.7.0/stm32cubeide/plugins/com.st.stm32cube.ide.mcu.externaltools.gnu-tools-for-stm32.9-2020-q2-update.win32_2.0.0.202105311346/tools/bin/../lib/gcc/arm-none-eabi/9.3.1/../../../../arm-none-eabi/lib/thumb/v6-m/nofp\libnosys.a
END GROUP
LOAD c:/st/stm32cubeide_1.7.0/stm32cubeide/plugins/com.st.stm32cube.ide.mcu.externaltools.gnu-tools-for-stm32.9-2020-q2-update.win32_2.0.0.202105311346/tools/bin/../lib/gcc/arm-none-eabi/9.3.1/thumb/v6-m/nofp/crtend.o
LOAD c:/st/stm32cubeide_1.7.0/stm32cubeide/plugins/com.st.stm32cube.ide.mcu.externaltools.gnu-tools-for-stm32.9-2020-q2-update.win32_2.0.0.202105311346/tools/bin/../lib/gcc/arm-none-eabi/9.3.1/thumb/v6-m/nofp/crtn.o
                0x0000000020005000                _estack = (ORIGIN (RAM) + LENGTH (RAM))
                0x0000000000000200                _Min_Heap_Size = 0x200
                0x0000000000000400                _Min_Stack_Size = 0x400

.isr_vector     0x0000000008000000       0xc0
                0x0000000008000000                . = ALIGN (0x4)
 *(.isr_vector)
 .isr_vector    0x0000000008000000       0xc0 ./Core/Startup/startup_stm32l081kztx.o
                0x0000000008000000                g_pfnVectors
                0x00000000080000c0                . = ALIGN (0x4)

.text           0x00000000080000c0     0x7bc0
                0x00000000080000c0                . = ALIGN (0x4)
 *(.text)
 .text          0x00000000080000c0       0x48 c:/st/stm32cubeide_1.7.0/stm32cubeide/plugins/com.st.stm32cube.ide.mcu.externaltools.gnu-tools-for-stm32.9-2020-q2-update.win32_2.0.0.202105311346/tools/bin/../lib/gcc/arm-none-eabi/9.3.1/thumb/v6-m/nofp/crtbegin.o
 .text          0x0000000008000108       0x14 c:/st/stm32cubeide_1.7.0/stm32cubeide/plugins/com.st.stm32cube.ide.mcu.externaltools.gnu-tools-for-stm32.9-2020-q2-update.win32_2.0.0.202105311346/tools/bin/../lib/gcc/arm-none-eabi/9.3.1/thumb/v6-m/nofp\libgcc.a(_thumb1_case_shi.o)
                0x0000000008000108                __gnu_thumb1_case_shi
 .text          0x000000000800011c      0x114 c:/st/stm32cubeide_1.7.0/stm32cubeide/plugins/com.st.stm32cube.ide.mcu.externaltools.gnu-tools-for-stm32.9-2020-q2-update.win32_2.0.0.202105311346/tools/bin/../lib/gcc/arm-none-eabi/9.3.1/thumb/v6-m/nofp\libgcc.a(_udivsi3.o)
                0x000000000800011c                __aeabi_uidiv
                0x000000000800011c                __udivsi3
                0x0000000008000228                __aeabi_uidivmod
 .text          0x0000000008000230      0x1d4 c:/st/stm32cubeide_1.7.0/stm32cubeide/plugins/com.st.stm32cube.ide.mcu.externaltools.gnu-tools-for-stm32.9-2020-q2-update.win32_2.0.0.202105311346/tools/bin/../lib/gcc/arm-none-eabi/9.3.1/thumb/v6-m/nofp\libgcc.a(_divsi3.o)
                0x0000000008000230                __divsi3
                0x0000000008000230                __aeabi_idiv
                0x00000000080003fc                __aeabi_idivmod
 .text          0x0000000008000404        0x4 c:/st/stm32cubeide_1.7.0/stm32cubeide/plugins/com.st.stm32cube.ide.mcu.externaltools.gnu-tools-for-stm32.9-2020-q2-update.win32_2.0.0.202105311346/tools/bin/../lib/gcc/arm-none-eabi/9.3.1/thumb/v6-m/nofp\libgcc.a(_dvmd_tls.o)
                0x0000000008000404                __aeabi_idiv0
                0x0000000008000404                __aeabi_ldiv0
 .text          0x0000000008000408       0x40 c:/st/stm32cubeide_1.7.0/stm32cubeide/plugins/com.st.stm32cube.ide.mcu.externaltools.gnu-tools-for-stm32.9-2020-q2-update.win32_2.0.0.202105311346/tools/bin/../lib/gcc/arm-none-eabi/9.3.1/thumb/v6-m/nofp\libgcc.a(_aeabi_uldivmod.o)
                0x0000000008000408                __aeabi_uldivmod
 .text          0x0000000008000448       0x50 c:/st/stm32cubeide_1.7.0/stm32cubeide/plugins/com.st.stm32cube.ide.mcu.externaltools.gnu-tools-for-stm32.9-2020-q2-update.win32_2.0.0.202105311346/tools/bin/../lib/gcc/arm-none-eabi/9.3.1/thumb/v6-m/nofp\libgcc.a(_muldi3.o)
                0x0000000008000448                __muldi3
                0x0000000008000448                __aeabi_lmul
 .text          0x0000000008000498      0x198 c:/st/stm32cubeide_1.7.0/stm32cubeide/plugins/com.st.stm32cube.ide.mcu.externaltools.gnu-tools-for-stm32.9-2020-q2-update.win32_2.0.0.202105311346/tools/bin/../lib/gcc/arm-none-eabi/9.3.1/thumb/v6-m/nofp\libgcc.a(_udivmoddi4.o)
                0x0000000008000498                __udivmoddi4
 .text          0x0000000008000630      0x338 c:/st/stm32cubeide_1.7.0/stm32cubeide/plugins/com.st.stm32cube.ide.mcu.externaltools.gnu-tools-for-stm32.9-2020-q2-update.win32_2.0.0.202105311346/tools/bin/../lib/gcc/arm-none-eabi/9.3.1/thumb/v6-m/nofp\libgcc.a(addsf3.o)
                0x0000000008000630                __aeabi_fadd
 .text          0x0000000008000968      0x390 c:/st/stm32cubeide_1.7.0/stm32cubeide/plugins/com.st.stm32cube.ide.mcu.externaltools.gnu-tools-for-stm32.9-2020-q2-update.win32_2.0.0.202105311346/tools/bin/../lib/gcc/arm-none-eabi/9.3.1/thumb/v6-m/nofp\libgcc.a(subsf3.o)
                0x0000000008000968                __aeabi_fsub
 .text          0x0000000008000cf8       0x40 c:/st/stm32cubeide_1.7.0/stm32cubeide/plugins/com.st.stm32cube.ide.mcu.externaltools.gnu-tools-for-stm32.9-2020-q2-update.win32_2.0.0.202105311346/tools/bin/../lib/gcc/arm-none-eabi/9.3.1/thumb/v6-m/nofp\libgcc.a(fixsfsi.o)
                0x0000000008000cf8                __aeabi_f2iz
 .text          0x0000000008000d38       0x8c c:/st/stm32cubeide_1.7.0/stm32cubeide/plugins/com.st.stm32cube.ide.mcu.externaltools.gnu-tools-for-stm32.9-2020-q2-update.win32_2.0.0.202105311346/tools/bin/../lib/gcc/arm-none-eabi/9.3.1/thumb/v6-m/nofp\libgcc.a(floatsisf.o)
                0x0000000008000d38                __aeabi_i2f
 .text          0x0000000008000dc4       0x3c c:/st/stm32cubeide_1.7.0/stm32cubeide/plugins/com.st.stm32cube.ide.mcu.externaltools.gnu-tools-for-stm32.9-2020-q2-update.win32_2.0.0.202105311346/tools/bin/../lib/gcc/arm-none-eabi/9.3.1/thumb/v6-m/nofp\libgcc.a(_clzsi2.o)
                0x0000000008000dc4                __clzsi2
 .text          0x0000000008000e00       0x18 c:/st/stm32cubeide_1.7.0/stm32cubeide/plugins/com.st.stm32cube.ide.mcu.externaltools.gnu-tools-for-stm32.9-2020-q2-update.win32_2.0.0.202105311346/tools/bin/../lib/gcc/arm-none-eabi/9.3.1/thumb/v6-m/nofp\libgcc.a(_clzdi2.o)
                0x0000000008000e00                __clzdi2
 *(.text*)
 .text.MX_ADC_Init
                0x0000000008000e18       0xc8 ./Core/Src/adc.o
                0x0000000008000e18                MX_ADC_Init
 .text.HAL_ADC_MspInit
                0x0000000008000ee0       0xd8 ./Core/Src/adc.o
                0x0000000008000ee0                HAL_ADC_MspInit
 .text.BLE_Init
                0x0000000008000fb8      0x18c ./Core/Src/ble.o
                0x0000000008000fb8                BLE_Init
 .text.MX_DMA_Init
                0x0000000008001144       0x4c ./Core/Src/dma.o
                0x0000000008001144                MX_DMA_Init
 .text.MX_GPIO_Init
                0x0000000008001190       0x44 ./Core/Src/gpio.o
                0x0000000008001190                MX_GPIO_Init
 .text.MX_I2C1_Init
                0x00000000080011d4       0x80 ./Core/Src/i2c.o
                0x00000000080011d4                MX_I2C1_Init
 .text.HAL_I2C_MspInit
                0x0000000008001254       0x88 ./Core/Src/i2c.o
                0x0000000008001254                HAL_I2C_MspInit
 .text.icm20948_gyro_read_raw
                0x00000000080012dc       0xf4 ./Core/Src/icm20948.o
                0x00000000080012dc                icm20948_gyro_read_raw
 .text.icm20948_accel_read_raw
                0x00000000080013d0       0xf4 ./Core/Src/icm20948.o
                0x00000000080013d0                icm20948_accel_read_raw
 .text.ak09916_mag_read_raw
                0x00000000080014c4       0xaa ./Core/Src/icm20948.o
                0x00000000080014c4                ak09916_mag_read_raw
 .text.icm20948_gyro_read
                0x000000000800156e       0x82 ./Core/Src/icm20948.o
                0x000000000800156e                icm20948_gyro_read
 .text.icm20948_accel_read
                0x00000000080015f0       0x98 ./Core/Src/icm20948.o
                0x00000000080015f0                icm20948_accel_read
 .text.icm20948_who_am_i
                0x0000000008001688       0x2a ./Core/Src/icm20948.o
                0x0000000008001688                icm20948_who_am_i
 .text.ak09916_who_am_i
                0x00000000080016b2       0x28 ./Core/Src/icm20948.o
                0x00000000080016b2                ak09916_who_am_i
 .text.icm20948_device_reset
                0x00000000080016da       0x1a ./Core/Src/icm20948.o
                0x00000000080016da                icm20948_device_reset
 .text.ak09916_soft_reset
                0x00000000080016f4       0x18 ./Core/Src/icm20948.o
                0x00000000080016f4                ak09916_soft_reset
 .text.icm20948_wakeup
                0x000000000800170c       0x3c ./Core/Src/icm20948.o
                0x000000000800170c                icm20948_wakeup
 .text.icm20948_spi_slave_enable
                0x0000000008001748       0x36 ./Core/Src/icm20948.o
                0x0000000008001748                icm20948_spi_slave_enable
 .text.icm20948_i2c_master_reset
                0x000000000800177e       0x36 ./Core/Src/icm20948.o
                0x000000000800177e                icm20948_i2c_master_reset
 .text.icm20948_i2c_master_enable
                0x00000000080017b4       0x3c ./Core/Src/icm20948.o
                0x00000000080017b4                icm20948_i2c_master_enable
 .text.icm20948_i2c_master_clk_frq
                0x00000000080017f0       0x42 ./Core/Src/icm20948.o
                0x00000000080017f0                icm20948_i2c_master_clk_frq
 .text.icm20948_clock_source
                0x0000000008001832       0x42 ./Core/Src/icm20948.o
                0x0000000008001832                icm20948_clock_source
 .text.icm20948_odr_align_enable
                0x0000000008001874       0x14 ./Core/Src/icm20948.o
                0x0000000008001874                icm20948_odr_align_enable
 .text.icm20948_gyro_low_pass_filter
                0x0000000008001888       0x48 ./Core/Src/icm20948.o
                0x0000000008001888                icm20948_gyro_low_pass_filter
 .text.icm20948_accel_low_pass_filter
                0x00000000080018d0       0x48 ./Core/Src/icm20948.o
                0x00000000080018d0                icm20948_accel_low_pass_filter
 .text.icm20948_gyro_sample_rate_divider
                0x0000000008001918       0x22 ./Core/Src/icm20948.o
                0x0000000008001918                icm20948_gyro_sample_rate_divider
 .text.icm20948_accel_sample_rate_divider
                0x000000000800193a       0x4e ./Core/Src/icm20948.o
                0x000000000800193a                icm20948_accel_sample_rate_divider
 .text.ak09916_operation_mode_setting
                0x0000000008001988       0x26 ./Core/Src/icm20948.o
                0x0000000008001988                ak09916_operation_mode_setting
 .text.icm20948_gyro_calibration
                0x00000000080019ae      0x18a ./Core/Src/icm20948.o
                0x00000000080019ae                icm20948_gyro_calibration
 .text.icm20948_accel_calibration
                0x0000000008001b38      0x2a8 ./Core/Src/icm20948.o
                0x0000000008001b38                icm20948_accel_calibration
 .text.icm20948_gyro_full_scale_select
                0x0000000008001de0       0xb8 ./Core/Src/icm20948.o
                0x0000000008001de0                icm20948_gyro_full_scale_select
 .text.icm20948_accel_full_scale_select
                0x0000000008001e98       0xb0 ./Core/Src/icm20948.o
                0x0000000008001e98                icm20948_accel_full_scale_select
 .text.cs_high  0x0000000008001f48       0x1a ./Core/Src/icm20948.o
 .text.cs_low   0x0000000008001f62       0x1a ./Core/Src/icm20948.o
 .text.select_user_bank
                0x0000000008001f7c       0x3c ./Core/Src/icm20948.o
 .text.read_single_icm20948_reg
                0x0000000008001fb8       0x64 ./Core/Src/icm20948.o
 .text.write_single_icm20948_reg
                0x000000000800201c       0x5c ./Core/Src/icm20948.o
 .text.read_multiple_icm20948_reg
                0x0000000008002078       0x74 ./Core/Src/icm20948.o
                0x0000000008002078                read_multiple_icm20948_reg
 .text.write_multiple_icm20948_reg
                0x00000000080020ec       0x68 ./Core/Src/icm20948.o
 .text.read_single_ak09916_reg
                0x0000000008002154       0x46 ./Core/Src/icm20948.o
 .text.write_single_ak09916_reg
                0x000000000800219a       0x4a ./Core/Src/icm20948.o
 .text.read_multiple_ak09916_reg
                0x00000000080021e4       0x5e ./Core/Src/icm20948.o
                0x00000000080021e4                read_multiple_ak09916_reg
 .text.icm20948_init
                0x0000000008002242       0x60 ./Core/Src/imu.o
 .text.ak09916_init
                0x00000000080022a2       0x36 ./Core/Src/imu.o
 .text.IMU_Init
                0x00000000080022d8       0x16 ./Core/Src/imu.o
                0x00000000080022d8                IMU_Init
 *fill*         0x00000000080022ee        0x2 
 .text.print_imu_raw
                0x00000000080022f0      0x1f4 ./Core/Src/imu.o
                0x00000000080022f0                print_imu_raw
 .text.IMU_read_all_raw
                0x00000000080024e4       0x64 ./Core/Src/imu.o
                0x00000000080024e4                IMU_read_all_raw
 .text.initialize_gpioa
                0x0000000008002548       0x34 ./Core/Src/main.o
                0x0000000008002548                initialize_gpioa
 .text.initialize_gpiob
                0x000000000800257c       0x34 ./Core/Src/main.o
                0x000000000800257c                initialize_gpiob
 .text.setup_gpio
                0x00000000080025b0      0x350 ./Core/Src/main.o
                0x00000000080025b0                setup_gpio
 .text.setup_alt
                0x0000000008002900       0x74 ./Core/Src/main.o
                0x0000000008002900                setup_alt
 .text.toggle_on
                0x0000000008002974       0x24 ./Core/Src/main.o
                0x0000000008002974                toggle_on
 .text.toggle_off
                0x0000000008002998       0x26 ./Core/Src/main.o
                0x0000000008002998                toggle_off
 .text.get_gpio
                0x00000000080029be       0x2e ./Core/Src/main.o
                0x00000000080029be                get_gpio
 .text.setup_tim2
                0x00000000080029ec       0xc0 ./Core/Src/main.o
                0x00000000080029ec                setup_tim2
 .text.print_adc
                0x0000000008002aac       0x90 ./Core/Src/main.o
                0x0000000008002aac                print_adc
 .text.sample   0x0000000008002b3c       0x34 ./Core/Src/main.o
                0x0000000008002b3c                sample
 .text.go_goDipSwitch
                0x0000000008002b70       0xac ./Core/Src/main.o
                0x0000000008002b70                go_goDipSwitch
 .text.reset_reg
                0x0000000008002c1c       0xb4 ./Core/Src/main.o
                0x0000000008002c1c                reset_reg
 .text.main     0x0000000008002cd0       0xbc ./Core/Src/main.o
                0x0000000008002cd0                main
 .text.SystemClock_Config
                0x0000000008002d8c       0xd4 ./Core/Src/main.o
                0x0000000008002d8c                SystemClock_Config
 .text.Error_Handler
                0x0000000008002e60        0xa ./Core/Src/main.o
                0x0000000008002e60                Error_Handler
 *fill*         0x0000000008002e6a        0x2 
 .text.MX_SPI1_Init
                0x0000000008002e6c       0x70 ./Core/Src/spi.o
                0x0000000008002e6c                MX_SPI1_Init
 .text.HAL_SPI_MspInit
                0x0000000008002edc       0x9c ./Core/Src/spi.o
                0x0000000008002edc                HAL_SPI_MspInit
 .text.HAL_MspInit
                0x0000000008002f78       0x28 ./Core/Src/stm32l0xx_hal_msp.o
                0x0000000008002f78                HAL_MspInit
 .text.NMI_Handler
                0x0000000008002fa0        0x6 ./Core/Src/stm32l0xx_it.o
                0x0000000008002fa0                NMI_Handler
 .text.HardFault_Handler
                0x0000000008002fa6        0x6 ./Core/Src/stm32l0xx_it.o
                0x0000000008002fa6                HardFault_Handler
 .text.SVC_Handler
                0x0000000008002fac        0xa ./Core/Src/stm32l0xx_it.o
                0x0000000008002fac                SVC_Handler
 .text.PendSV_Handler
                0x0000000008002fb6        0xa ./Core/Src/stm32l0xx_it.o
                0x0000000008002fb6                PendSV_Handler
 .text.SysTick_Handler
                0x0000000008002fc0        0xe ./Core/Src/stm32l0xx_it.o
                0x0000000008002fc0                SysTick_Handler
 *fill*         0x0000000008002fce        0x2 
 .text.DMA1_Channel1_IRQHandler
                0x0000000008002fd0       0x18 ./Core/Src/stm32l0xx_it.o
                0x0000000008002fd0                DMA1_Channel1_IRQHandler
 .text.DMA1_Channel2_3_IRQHandler
                0x0000000008002fe8       0x18 ./Core/Src/stm32l0xx_it.o
                0x0000000008002fe8                DMA1_Channel2_3_IRQHandler
 .text.TIM3_IRQHandler
                0x0000000008003000       0x18 ./Core/Src/stm32l0xx_it.o
                0x0000000008003000                TIM3_IRQHandler
 .text.TIM6_IRQHandler
                0x0000000008003018       0x1c ./Core/Src/stm32l0xx_it.o
                0x0000000008003018                TIM6_IRQHandler
 .text._sbrk    0x0000000008003034       0x6c ./Core/Src/sysmem.o
                0x0000000008003034                _sbrk
 .text.SystemInit
                0x00000000080030a0        0xa ./Core/Src/system_stm32l0xx.o
                0x00000000080030a0                SystemInit
 *fill*         0x00000000080030aa        0x2 
 .text.MX_TIM3_Init
                0x00000000080030ac       0xac ./Core/Src/tim.o
                0x00000000080030ac                MX_TIM3_Init
 .text.MX_TIM6_Init
                0x0000000008003158       0x74 ./Core/Src/tim.o
                0x0000000008003158                MX_TIM6_Init
 .text.HAL_TIM_Base_MspInit
                0x00000000080031cc       0x6c ./Core/Src/tim.o
                0x00000000080031cc                HAL_TIM_Base_MspInit
 .text.MX_USART1_UART_Init
                0x0000000008003238       0x64 ./Core/Src/usart.o
                0x0000000008003238                MX_USART1_UART_Init
 .text.HAL_UART_MspInit
                0x000000000800329c       0xe4 ./Core/Src/usart.o
                0x000000000800329c                HAL_UART_MspInit
 .text.Reset_Handler
                0x0000000008003380       0x50 ./Core/Startup/startup_stm32l081kztx.o
                0x0000000008003380                Reset_Handler
 .text.Default_Handler
                0x00000000080033d0        0x2 ./Core/Startup/startup_stm32l081kztx.o
                0x00000000080033d0                ADC1_COMP_IRQHandler
                0x00000000080033d0                PVD_IRQHandler
                0x00000000080033d0                I2C1_IRQHandler
                0x00000000080033d0                SPI1_IRQHandler
                0x00000000080033d0                EXTI2_3_IRQHandler
                0x00000000080033d0                AES_LPUART1_IRQHandler
                0x00000000080033d0                I2C2_IRQHandler
                0x00000000080033d0                RTC_IRQHandler
                0x00000000080033d0                DMA1_Channel4_5_6_7_IRQHandler
                0x00000000080033d0                EXTI4_15_IRQHandler
                0x00000000080033d0                RCC_IRQHandler
                0x00000000080033d0                USART4_5_IRQHandler
                0x00000000080033d0                Default_Handler
                0x00000000080033d0                TIM22_IRQHandler
                0x00000000080033d0                TIM7_IRQHandler
                0x00000000080033d0                EXTI0_1_IRQHandler
                0x00000000080033d0                I2C3_IRQHandler
                0x00000000080033d0                SPI2_IRQHandler
                0x00000000080033d0                TIM21_IRQHandler
                0x00000000080033d0                WWDG_IRQHandler
                0x00000000080033d0                TIM2_IRQHandler
                0x00000000080033d0                USART2_IRQHandler
                0x00000000080033d0                FLASH_IRQHandler
                0x00000000080033d0                USART1_IRQHandler
                0x00000000080033d0                LPTIM1_IRQHandler
 *fill*         0x00000000080033d2        0x2 
 .text.HAL_Init
                0x00000000080033d4       0x40 ./Drivers/STM32L0xx_HAL_Driver/Src/stm32l0xx_hal.o
                0x00000000080033d4                HAL_Init
 .text.HAL_InitTick
                0x0000000008003414       0x68 ./Drivers/STM32L0xx_HAL_Driver/Src/stm32l0xx_hal.o
                0x0000000008003414                HAL_InitTick
 .text.HAL_IncTick
                0x000000000800347c       0x24 ./Drivers/STM32L0xx_HAL_Driver/Src/stm32l0xx_hal.o
                0x000000000800347c                HAL_IncTick
 .text.HAL_GetTick
                0x00000000080034a0       0x14 ./Drivers/STM32L0xx_HAL_Driver/Src/stm32l0xx_hal.o
                0x00000000080034a0                HAL_GetTick
 .text.HAL_Delay
                0x00000000080034b4       0x48 ./Drivers/STM32L0xx_HAL_Driver/Src/stm32l0xx_hal.o
                0x00000000080034b4                HAL_Delay
 .text.HAL_ADC_Init
                0x00000000080034fc      0x2e8 ./Drivers/STM32L0xx_HAL_Driver/Src/stm32l0xx_hal_adc.o
                0x00000000080034fc                HAL_ADC_Init
 .text.HAL_ADC_Start_DMA
                0x00000000080037e4      0x104 ./Drivers/STM32L0xx_HAL_Driver/Src/stm32l0xx_hal_adc.o
                0x00000000080037e4                HAL_ADC_Start_DMA
 .text.HAL_ADC_ConvCpltCallback
                0x00000000080038e8       0x10 ./Drivers/STM32L0xx_HAL_Driver/Src/stm32l0xx_hal_adc.o
                0x00000000080038e8                HAL_ADC_ConvCpltCallback
 .text.HAL_ADC_ConvHalfCpltCallback
                0x00000000080038f8       0x10 ./Drivers/STM32L0xx_HAL_Driver/Src/stm32l0xx_hal_adc.o
                0x00000000080038f8                HAL_ADC_ConvHalfCpltCallback
 .text.HAL_ADC_ErrorCallback
                0x0000000008003908       0x10 ./Drivers/STM32L0xx_HAL_Driver/Src/stm32l0xx_hal_adc.o
                0x0000000008003908                HAL_ADC_ErrorCallback
 .text.HAL_ADC_ConfigChannel
                0x0000000008003918      0x10c ./Drivers/STM32L0xx_HAL_Driver/Src/stm32l0xx_hal_adc.o
                0x0000000008003918                HAL_ADC_ConfigChannel
 .text.ADC_Enable
                0x0000000008003a24       0xd0 ./Drivers/STM32L0xx_HAL_Driver/Src/stm32l0xx_hal_adc.o
 .text.ADC_DMAConvCplt
                0x0000000008003af4       0xb4 ./Drivers/STM32L0xx_HAL_Driver/Src/stm32l0xx_hal_adc.o
 .text.ADC_DMAHalfConvCplt
                0x0000000008003ba8       0x1e ./Drivers/STM32L0xx_HAL_Driver/Src/stm32l0xx_hal_adc.o
 .text.ADC_DMAError
                0x0000000008003bc6       0x36 ./Drivers/STM32L0xx_HAL_Driver/Src/stm32l0xx_hal_adc.o
 .text.ADC_DelayMicroSecond
                0x0000000008003bfc       0x40 ./Drivers/STM32L0xx_HAL_Driver/Src/stm32l0xx_hal_adc.o
 .text.__NVIC_EnableIRQ
                0x0000000008003c3c       0x34 ./Drivers/STM32L0xx_HAL_Driver/Src/stm32l0xx_hal_cortex.o
 .text.__NVIC_SetPriority
                0x0000000008003c70       0xdc ./Drivers/STM32L0xx_HAL_Driver/Src/stm32l0xx_hal_cortex.o
 .text.SysTick_Config
                0x0000000008003d4c       0x48 ./Drivers/STM32L0xx_HAL_Driver/Src/stm32l0xx_hal_cortex.o
 .text.HAL_NVIC_SetPriority
                0x0000000008003d94       0x2a ./Drivers/STM32L0xx_HAL_Driver/Src/stm32l0xx_hal_cortex.o
                0x0000000008003d94                HAL_NVIC_SetPriority
 .text.HAL_NVIC_EnableIRQ
                0x0000000008003dbe       0x20 ./Drivers/STM32L0xx_HAL_Driver/Src/stm32l0xx_hal_cortex.o
                0x0000000008003dbe                HAL_NVIC_EnableIRQ
 .text.HAL_SYSTICK_Config
                0x0000000008003dde       0x1a ./Drivers/STM32L0xx_HAL_Driver/Src/stm32l0xx_hal_cortex.o
                0x0000000008003dde                HAL_SYSTICK_Config
 .text.HAL_DMA_Init
                0x0000000008003df8       0xf0 ./Drivers/STM32L0xx_HAL_Driver/Src/stm32l0xx_hal_dma.o
                0x0000000008003df8                HAL_DMA_Init
 .text.HAL_DMA_Start_IT
                0x0000000008003ee8       0xcc ./Drivers/STM32L0xx_HAL_Driver/Src/stm32l0xx_hal_dma.o
                0x0000000008003ee8                HAL_DMA_Start_IT
 .text.HAL_DMA_IRQHandler
                0x0000000008003fb4      0x15c ./Drivers/STM32L0xx_HAL_Driver/Src/stm32l0xx_hal_dma.o
                0x0000000008003fb4                HAL_DMA_IRQHandler
 .text.DMA_SetConfig
                0x0000000008004110       0x5c ./Drivers/STM32L0xx_HAL_Driver/Src/stm32l0xx_hal_dma.o
 .text.HAL_GPIO_Init
                0x000000000800416c      0x2fc ./Drivers/STM32L0xx_HAL_Driver/Src/stm32l0xx_hal_gpio.o
                0x000000000800416c                HAL_GPIO_Init
 .text.HAL_GPIO_WritePin
                0x0000000008004468       0x3a ./Drivers/STM32L0xx_HAL_Driver/Src/stm32l0xx_hal_gpio.o
                0x0000000008004468                HAL_GPIO_WritePin
 *fill*         0x00000000080044a2        0x2 
 .text.HAL_I2C_Init
                0x00000000080044a4      0x12c ./Drivers/STM32L0xx_HAL_Driver/Src/stm32l0xx_hal_i2c.o
                0x00000000080044a4                HAL_I2C_Init
 .text.HAL_I2CEx_ConfigAnalogFilter
                0x00000000080045d0       0x98 ./Drivers/STM32L0xx_HAL_Driver/Src/stm32l0xx_hal_i2c_ex.o
                0x00000000080045d0                HAL_I2CEx_ConfigAnalogFilter
 .text.HAL_I2CEx_ConfigDigitalFilter
                0x0000000008004668       0x98 ./Drivers/STM32L0xx_HAL_Driver/Src/stm32l0xx_hal_i2c_ex.o
                0x0000000008004668                HAL_I2CEx_ConfigDigitalFilter
 .text.HAL_PWR_EnableWakeUpPin
                0x0000000008004700       0x20 ./Drivers/STM32L0xx_HAL_Driver/Src/stm32l0xx_hal_pwr.o
                0x0000000008004700                HAL_PWR_EnableWakeUpPin
 .text.HAL_PWR_EnterSTANDBYMode
                0x0000000008004720       0x2c ./Drivers/STM32L0xx_HAL_Driver/Src/stm32l0xx_hal_pwr.o
                0x0000000008004720                HAL_PWR_EnterSTANDBYMode
 .text.HAL_RCC_OscConfig
                0x000000000800474c      0x6f8 ./Drivers/STM32L0xx_HAL_Driver/Src/stm32l0xx_hal_rcc.o
                0x000000000800474c                HAL_RCC_OscConfig
 .text.HAL_RCC_ClockConfig
                0x0000000008004e44      0x290 ./Drivers/STM32L0xx_HAL_Driver/Src/stm32l0xx_hal_rcc.o
                0x0000000008004e44                HAL_RCC_ClockConfig
 .text.HAL_RCC_GetSysClockFreq
                0x00000000080050d4      0x14c ./Drivers/STM32L0xx_HAL_Driver/Src/stm32l0xx_hal_rcc.o
                0x00000000080050d4                HAL_RCC_GetSysClockFreq
 .text.HAL_RCC_GetHCLKFreq
                0x0000000008005220       0x14 ./Drivers/STM32L0xx_HAL_Driver/Src/stm32l0xx_hal_rcc.o
                0x0000000008005220                HAL_RCC_GetHCLKFreq
 .text.HAL_RCC_GetPCLK1Freq
                0x0000000008005234       0x2c ./Drivers/STM32L0xx_HAL_Driver/Src/stm32l0xx_hal_rcc.o
                0x0000000008005234                HAL_RCC_GetPCLK1Freq
 .text.HAL_RCC_GetPCLK2Freq
                0x0000000008005260       0x2c ./Drivers/STM32L0xx_HAL_Driver/Src/stm32l0xx_hal_rcc.o
                0x0000000008005260                HAL_RCC_GetPCLK2Freq
 .text.HAL_RCCEx_PeriphCLKConfig
                0x000000000800528c      0x28c ./Drivers/STM32L0xx_HAL_Driver/Src/stm32l0xx_hal_rcc_ex.o
                0x000000000800528c                HAL_RCCEx_PeriphCLKConfig
 .text.HAL_SPI_Init
                0x0000000008005518      0x128 ./Drivers/STM32L0xx_HAL_Driver/Src/stm32l0xx_hal_spi.o
                0x0000000008005518                HAL_SPI_Init
 .text.HAL_SPI_Transmit
                0x0000000008005640      0x2ac ./Drivers/STM32L0xx_HAL_Driver/Src/stm32l0xx_hal_spi.o
                0x0000000008005640                HAL_SPI_Transmit
 .text.HAL_SPI_Receive
                0x00000000080058ec      0x24c ./Drivers/STM32L0xx_HAL_Driver/Src/stm32l0xx_hal_spi.o
                0x00000000080058ec                HAL_SPI_Receive
 .text.HAL_SPI_TransmitReceive
                0x0000000008005b38      0x376 ./Drivers/STM32L0xx_HAL_Driver/Src/stm32l0xx_hal_spi.o
                0x0000000008005b38                HAL_SPI_TransmitReceive
 *fill*         0x0000000008005eae        0x2 
 .text.SPI_WaitFlagStateUntilTimeout
                0x0000000008005eb0      0x11c ./Drivers/STM32L0xx_HAL_Driver/Src/stm32l0xx_hal_spi.o
 .text.SPI_EndRxTransaction
                0x0000000008005fcc       0xd4 ./Drivers/STM32L0xx_HAL_Driver/Src/stm32l0xx_hal_spi.o
 .text.SPI_EndRxTxTransaction
                0x00000000080060a0       0x8c ./Drivers/STM32L0xx_HAL_Driver/Src/stm32l0xx_hal_spi.o
 .text.HAL_TIM_Base_Init
                0x000000000800612c       0x80 ./Drivers/STM32L0xx_HAL_Driver/Src/stm32l0xx_hal_tim.o
                0x000000000800612c                HAL_TIM_Base_Init
 .text.HAL_TIM_Base_Start_IT
                0x00000000080061ac       0xa4 ./Drivers/STM32L0xx_HAL_Driver/Src/stm32l0xx_hal_tim.o
                0x00000000080061ac                HAL_TIM_Base_Start_IT
 .text.HAL_TIM_IRQHandler
                0x0000000008006250      0x1d0 ./Drivers/STM32L0xx_HAL_Driver/Src/stm32l0xx_hal_tim.o
                0x0000000008006250                HAL_TIM_IRQHandler
 .text.HAL_TIM_ConfigClockSource
                0x0000000008006420      0x1a8 ./Drivers/STM32L0xx_HAL_Driver/Src/stm32l0xx_hal_tim.o
                0x0000000008006420                HAL_TIM_ConfigClockSource
 .text.HAL_TIM_PeriodElapsedCallback
                0x00000000080065c8       0x10 ./Drivers/STM32L0xx_HAL_Driver/Src/stm32l0xx_hal_tim.o
                0x00000000080065c8                HAL_TIM_PeriodElapsedCallback
 .text.HAL_TIM_OC_DelayElapsedCallback
                0x00000000080065d8       0x10 ./Drivers/STM32L0xx_HAL_Driver/Src/stm32l0xx_hal_tim.o
                0x00000000080065d8                HAL_TIM_OC_DelayElapsedCallback
 .text.HAL_TIM_IC_CaptureCallback
                0x00000000080065e8       0x10 ./Drivers/STM32L0xx_HAL_Driver/Src/stm32l0xx_hal_tim.o
                0x00000000080065e8                HAL_TIM_IC_CaptureCallback
 .text.HAL_TIM_PWM_PulseFinishedCallback
                0x00000000080065f8       0x10 ./Drivers/STM32L0xx_HAL_Driver/Src/stm32l0xx_hal_tim.o
                0x00000000080065f8                HAL_TIM_PWM_PulseFinishedCallback
 .text.HAL_TIM_TriggerCallback
                0x0000000008006608       0x10 ./Drivers/STM32L0xx_HAL_Driver/Src/stm32l0xx_hal_tim.o
                0x0000000008006608                HAL_TIM_TriggerCallback
 .text.TIM_Base_SetConfig
                0x0000000008006618       0xbc ./Drivers/STM32L0xx_HAL_Driver/Src/stm32l0xx_hal_tim.o
 .text.TIM_TI1_ConfigInputStage
                0x00000000080066d4       0x5c ./Drivers/STM32L0xx_HAL_Driver/Src/stm32l0xx_hal_tim.o
 .text.TIM_TI2_ConfigInputStage
                0x0000000008006730       0x64 ./Drivers/STM32L0xx_HAL_Driver/Src/stm32l0xx_hal_tim.o
 .text.TIM_ITRx_SetConfig
                0x0000000008006794       0x32 ./Drivers/STM32L0xx_HAL_Driver/Src/stm32l0xx_hal_tim.o
 *fill*         0x00000000080067c6        0x2 
 .text.TIM_ETR_SetConfig
                0x00000000080067c8       0x40 ./Drivers/STM32L0xx_HAL_Driver/Src/stm32l0xx_hal_tim.o
 .text.HAL_TIMEx_MasterConfigSynchronization
                0x0000000008006808       0xbc ./Drivers/STM32L0xx_HAL_Driver/Src/stm32l0xx_hal_tim_ex.o
                0x0000000008006808                HAL_TIMEx_MasterConfigSynchronization
 .text.HAL_UART_Init
                0x00000000080068c4       0xa8 ./Drivers/STM32L0xx_HAL_Driver/Src/stm32l0xx_hal_uart.o
                0x00000000080068c4                HAL_UART_Init
 .text.HAL_UART_Transmit
                0x000000000800696c      0x150 ./Drivers/STM32L0xx_HAL_Driver/Src/stm32l0xx_hal_uart.o
                0x000000000800696c                HAL_UART_Transmit
 .text.UART_SetConfig
                0x0000000008006abc      0x57c ./Drivers/STM32L0xx_HAL_Driver/Src/stm32l0xx_hal_uart.o
                0x0000000008006abc                UART_SetConfig
 .text.UART_AdvFeatureConfig
                0x0000000008007038      0x168 ./Drivers/STM32L0xx_HAL_Driver/Src/stm32l0xx_hal_uart.o
                0x0000000008007038                UART_AdvFeatureConfig
 .text.UART_CheckIdleState
                0x00000000080071a0       0x90 ./Drivers/STM32L0xx_HAL_Driver/Src/stm32l0xx_hal_uart.o
                0x00000000080071a0                UART_CheckIdleState
 .text.UART_WaitOnFlagUntilTimeout
                0x0000000008007230      0x188 ./Drivers/STM32L0xx_HAL_Driver/Src/stm32l0xx_hal_uart.o
                0x0000000008007230                UART_WaitOnFlagUntilTimeout
 .text.__errno  0x00000000080073b8        0xc c:/st/stm32cubeide_1.7.0/stm32cubeide/plugins/com.st.stm32cube.ide.mcu.externaltools.gnu-tools-for-stm32.9-2020-q2-update.win32_2.0.0.202105311346/tools/bin/../lib/gcc/arm-none-eabi/9.3.1/../../../../arm-none-eabi/lib/thumb/v6-m/nofp\libc_nano.a(lib_a-errno.o)
                0x00000000080073b8                __errno
 .text.__libc_init_array
                0x00000000080073c4       0x48 c:/st/stm32cubeide_1.7.0/stm32cubeide/plugins/com.st.stm32cube.ide.mcu.externaltools.gnu-tools-for-stm32.9-2020-q2-update.win32_2.0.0.202105311346/tools/bin/../lib/gcc/arm-none-eabi/9.3.1/../../../../arm-none-eabi/lib/thumb/v6-m/nofp\libc_nano.a(lib_a-init.o)
                0x00000000080073c4                __libc_init_array
 .text.memset   0x000000000800740c       0x10 c:/st/stm32cubeide_1.7.0/stm32cubeide/plugins/com.st.stm32cube.ide.mcu.externaltools.gnu-tools-for-stm32.9-2020-q2-update.win32_2.0.0.202105311346/tools/bin/../lib/gcc/arm-none-eabi/9.3.1/../../../../arm-none-eabi/lib/thumb/v6-m/nofp\libc_nano.a(lib_a-memset.o)
                0x000000000800740c                memset
 .text.sprintf  0x000000000800741c       0x40 c:/st/stm32cubeide_1.7.0/stm32cubeide/plugins/com.st.stm32cube.ide.mcu.externaltools.gnu-tools-for-stm32.9-2020-q2-update.win32_2.0.0.202105311346/tools/bin/../lib/gcc/arm-none-eabi/9.3.1/../../../../arm-none-eabi/lib/thumb/v6-m/nofp\libc_nano.a(lib_a-sprintf.o)
                0x000000000800741c                siprintf
                0x000000000800741c                sprintf
 .text.__ssputs_r
                0x000000000800745c       0xc4 c:/st/stm32cubeide_1.7.0/stm32cubeide/plugins/com.st.stm32cube.ide.mcu.externaltools.gnu-tools-for-stm32.9-2020-q2-update.win32_2.0.0.202105311346/tools/bin/../lib/gcc/arm-none-eabi/9.3.1/../../../../arm-none-eabi/lib/thumb/v6-m/nofp\libc_nano.a(lib_a-nano-svfprintf.o)
                0x000000000800745c                __ssputs_r
 .text._svfprintf_r
                0x0000000008007520      0x200 c:/st/stm32cubeide_1.7.0/stm32cubeide/plugins/com.st.stm32cube.ide.mcu.externaltools.gnu-tools-for-stm32.9-2020-q2-update.win32_2.0.0.202105311346/tools/bin/../lib/gcc/arm-none-eabi/9.3.1/../../../../arm-none-eabi/lib/thumb/v6-m/nofp\libc_nano.a(lib_a-nano-svfprintf.o)
                0x0000000008007520                _svfiprintf_r
                0x0000000008007520                _svfprintf_r
 .text._printf_common
                0x0000000008007720       0xde c:/st/stm32cubeide_1.7.0/stm32cubeide/plugins/com.st.stm32cube.ide.mcu.externaltools.gnu-tools-for-stm32.9-2020-q2-update.win32_2.0.0.202105311346/tools/bin/../lib/gcc/arm-none-eabi/9.3.1/../../../../arm-none-eabi/lib/thumb/v6-m/nofp\libc_nano.a(lib_a-nano-vfprintf_i.o)
                0x0000000008007720                _printf_common
 *fill*         0x00000000080077fe        0x2 
 .text._printf_i
                0x0000000008007800      0x224 c:/st/stm32cubeide_1.7.0/stm32cubeide/plugins/com.st.stm32cube.ide.mcu.externaltools.gnu-tools-for-stm32.9-2020-q2-update.win32_2.0.0.202105311346/tools/bin/../lib/gcc/arm-none-eabi/9.3.1/../../../../arm-none-eabi/lib/thumb/v6-m/nofp\libc_nano.a(lib_a-nano-vfprintf_i.o)
                0x0000000008007800                _printf_i
 .text.memchr   0x0000000008007a24       0x16 c:/st/stm32cubeide_1.7.0/stm32cubeide/plugins/com.st.stm32cube.ide.mcu.externaltools.gnu-tools-for-stm32.9-2020-q2-update.win32_2.0.0.202105311346/tools/bin/../lib/gcc/arm-none-eabi/9.3.1/../../../../arm-none-eabi/lib/thumb/v6-m/nofp\libc_nano.a(lib_a-memchr-stub.o)
                0x0000000008007a24                memchr
 .text.memcpy   0x0000000008007a3a       0x12 c:/st/stm32cubeide_1.7.0/stm32cubeide/plugins/com.st.stm32cube.ide.mcu.externaltools.gnu-tools-for-stm32.9-2020-q2-update.win32_2.0.0.202105311346/tools/bin/../lib/gcc/arm-none-eabi/9.3.1/../../../../arm-none-eabi/lib/thumb/v6-m/nofp\libc_nano.a(lib_a-memcpy-stub.o)
                0x0000000008007a3a                memcpy
 .text.memmove  0x0000000008007a4c       0x26 c:/st/stm32cubeide_1.7.0/stm32cubeide/plugins/com.st.stm32cube.ide.mcu.externaltools.gnu-tools-for-stm32.9-2020-q2-update.win32_2.0.0.202105311346/tools/bin/../lib/gcc/arm-none-eabi/9.3.1/../../../../arm-none-eabi/lib/thumb/v6-m/nofp\libc_nano.a(lib_a-memmove.o)
                0x0000000008007a4c                memmove
 *fill*         0x0000000008007a72        0x2 
 .text._free_r  0x0000000008007a74       0x94 c:/st/stm32cubeide_1.7.0/stm32cubeide/plugins/com.st.stm32cube.ide.mcu.externaltools.gnu-tools-for-stm32.9-2020-q2-update.win32_2.0.0.202105311346/tools/bin/../lib/gcc/arm-none-eabi/9.3.1/../../../../arm-none-eabi/lib/thumb/v6-m/nofp\libc_nano.a(lib_a-nano-freer.o)
                0x0000000008007a74                _free_r
 .text._malloc_r
                0x0000000008007b08       0xbc c:/st/stm32cubeide_1.7.0/stm32cubeide/plugins/com.st.stm32cube.ide.mcu.externaltools.gnu-tools-for-stm32.9-2020-q2-update.win32_2.0.0.202105311346/tools/bin/../lib/gcc/arm-none-eabi/9.3.1/../../../../arm-none-eabi/lib/thumb/v6-m/nofp\libc_nano.a(lib_a-nano-mallocr.o)
                0x0000000008007b08                _malloc_r
 .text._realloc_r
                0x0000000008007bc4       0x4c c:/st/stm32cubeide_1.7.0/stm32cubeide/plugins/com.st.stm32cube.ide.mcu.externaltools.gnu-tools-for-stm32.9-2020-q2-update.win32_2.0.0.202105311346/tools/bin/../lib/gcc/arm-none-eabi/9.3.1/../../../../arm-none-eabi/lib/thumb/v6-m/nofp\libc_nano.a(lib_a-nano-reallocr.o)
                0x0000000008007bc4                _realloc_r
 .text._sbrk_r  0x0000000008007c10       0x24 c:/st/stm32cubeide_1.7.0/stm32cubeide/plugins/com.st.stm32cube.ide.mcu.externaltools.gnu-tools-for-stm32.9-2020-q2-update.win32_2.0.0.202105311346/tools/bin/../lib/gcc/arm-none-eabi/9.3.1/../../../../arm-none-eabi/lib/thumb/v6-m/nofp\libc_nano.a(lib_a-sbrkr.o)
                0x0000000008007c10                _sbrk_r
 .text.__malloc_lock
                0x0000000008007c34       0x10 c:/st/stm32cubeide_1.7.0/stm32cubeide/plugins/com.st.stm32cube.ide.mcu.externaltools.gnu-tools-for-stm32.9-2020-q2-update.win32_2.0.0.202105311346/tools/bin/../lib/gcc/arm-none-eabi/9.3.1/../../../../arm-none-eabi/lib/thumb/v6-m/nofp\libc_nano.a(lib_a-mlock.o)
                0x0000000008007c34                __malloc_lock
 .text.__malloc_unlock
                0x0000000008007c44       0x10 c:/st/stm32cubeide_1.7.0/stm32cubeide/plugins/com.st.stm32cube.ide.mcu.externaltools.gnu-tools-for-stm32.9-2020-q2-update.win32_2.0.0.202105311346/tools/bin/../lib/gcc/arm-none-eabi/9.3.1/../../../../arm-none-eabi/lib/thumb/v6-m/nofp\libc_nano.a(lib_a-mlock.o)
                0x0000000008007c44                __malloc_unlock
 .text._malloc_usable_size_r
                0x0000000008007c54       0x10 c:/st/stm32cubeide_1.7.0/stm32cubeide/plugins/com.st.stm32cube.ide.mcu.externaltools.gnu-tools-for-stm32.9-2020-q2-update.win32_2.0.0.202105311346/tools/bin/../lib/gcc/arm-none-eabi/9.3.1/../../../../arm-none-eabi/lib/thumb/v6-m/nofp\libc_nano.a(lib_a-nano-msizer.o)
                0x0000000008007c54                _malloc_usable_size_r
 .text.__retarget_lock_acquire_recursive
                0x0000000008007c64        0x2 c:/st/stm32cubeide_1.7.0/stm32cubeide/plugins/com.st.stm32cube.ide.mcu.externaltools.gnu-tools-for-stm32.9-2020-q2-update.win32_2.0.0.202105311346/tools/bin/../lib/gcc/arm-none-eabi/9.3.1/../../../../arm-none-eabi/lib/thumb/v6-m/nofp\libc_nano.a(lib_a-lock.o)
                0x0000000008007c64                __retarget_lock_acquire_recursive
 .text.__retarget_lock_release_recursive
                0x0000000008007c66        0x2 c:/st/stm32cubeide_1.7.0/stm32cubeide/plugins/com.st.stm32cube.ide.mcu.externaltools.gnu-tools-for-stm32.9-2020-q2-update.win32_2.0.0.202105311346/tools/bin/../lib/gcc/arm-none-eabi/9.3.1/../../../../arm-none-eabi/lib/thumb/v6-m/nofp\libc_nano.a(lib_a-lock.o)
                0x0000000008007c66                __retarget_lock_release_recursive
 *(.glue_7)
 .glue_7        0x0000000008007c68        0x0 linker stubs
 *(.glue_7t)
 .glue_7t       0x0000000008007c68        0x0 linker stubs
 *(.eh_frame)
 .eh_frame      0x0000000008007c68        0x0 c:/st/stm32cubeide_1.7.0/stm32cubeide/plugins/com.st.stm32cube.ide.mcu.externaltools.gnu-tools-for-stm32.9-2020-q2-update.win32_2.0.0.202105311346/tools/bin/../lib/gcc/arm-none-eabi/9.3.1/thumb/v6-m/nofp/crtbegin.o
 *(.init)
 .init          0x0000000008007c68        0x4 c:/st/stm32cubeide_1.7.0/stm32cubeide/plugins/com.st.stm32cube.ide.mcu.externaltools.gnu-tools-for-stm32.9-2020-q2-update.win32_2.0.0.202105311346/tools/bin/../lib/gcc/arm-none-eabi/9.3.1/thumb/v6-m/nofp/crti.o
                0x0000000008007c68                _init
 .init          0x0000000008007c6c        0x8 c:/st/stm32cubeide_1.7.0/stm32cubeide/plugins/com.st.stm32cube.ide.mcu.externaltools.gnu-tools-for-stm32.9-2020-q2-update.win32_2.0.0.202105311346/tools/bin/../lib/gcc/arm-none-eabi/9.3.1/thumb/v6-m/nofp/crtn.o
 *(.fini)
 .fini          0x0000000008007c74        0x4 c:/st/stm32cubeide_1.7.0/stm32cubeide/plugins/com.st.stm32cube.ide.mcu.externaltools.gnu-tools-for-stm32.9-2020-q2-update.win32_2.0.0.202105311346/tools/bin/../lib/gcc/arm-none-eabi/9.3.1/thumb/v6-m/nofp/crti.o
                0x0000000008007c74                _fini
 .fini          0x0000000008007c78        0x8 c:/st/stm32cubeide_1.7.0/stm32cubeide/plugins/com.st.stm32cube.ide.mcu.externaltools.gnu-tools-for-stm32.9-2020-q2-update.win32_2.0.0.202105311346/tools/bin/../lib/gcc/arm-none-eabi/9.3.1/thumb/v6-m/nofp/crtn.o
                0x0000000008007c80                . = ALIGN (0x4)
                0x0000000008007c80                _etext = .

.vfp11_veneer   0x0000000008007c80        0x0
 .vfp11_veneer  0x0000000008007c80        0x0 linker stubs

.v4_bx          0x0000000008007c80        0x0
 .v4_bx         0x0000000008007c80        0x0 linker stubs

.iplt           0x0000000008007c80        0x0
 .iplt          0x0000000008007c80        0x0 c:/st/stm32cubeide_1.7.0/stm32cubeide/plugins/com.st.stm32cube.ide.mcu.externaltools.gnu-tools-for-stm32.9-2020-q2-update.win32_2.0.0.202105311346/tools/bin/../lib/gcc/arm-none-eabi/9.3.1/thumb/v6-m/nofp/crtbegin.o

.rodata         0x0000000008007c80      0x198
                0x0000000008007c80                . = ALIGN (0x4)
 *(.rodata)
 .rodata        0x0000000008007c80       0x4b ./Core/Src/icm20948.o
 *fill*         0x0000000008007ccb        0x1 
 .rodata        0x0000000008007ccc       0x55 ./Core/Src/imu.o
 *fill*         0x0000000008007d21        0x3 
 .rodata        0x0000000008007d24       0x51 ./Core/Src/main.o
 *(.rodata*)
 *fill*         0x0000000008007d75        0x3 
 .rodata.AHBPrescTable
                0x0000000008007d78       0x10 ./Core/Src/system_stm32l0xx.o
                0x0000000008007d78                AHBPrescTable
 .rodata.APBPrescTable
                0x0000000008007d88        0x8 ./Core/Src/system_stm32l0xx.o
                0x0000000008007d88                APBPrescTable
 .rodata.PLLMulTable
                0x0000000008007d90        0x9 ./Core/Src/system_stm32l0xx.o
                0x0000000008007d90                PLLMulTable
 *fill*         0x0000000008007d99        0x3 
 .rodata.UART_SetConfig
                0x0000000008007d9c       0x48 ./Drivers/STM32L0xx_HAL_Driver/Src/stm32l0xx_hal_uart.o
 .rodata._svfprintf_r.str1.1
                0x0000000008007de4       0x11 c:/st/stm32cubeide_1.7.0/stm32cubeide/plugins/com.st.stm32cube.ide.mcu.externaltools.gnu-tools-for-stm32.9-2020-q2-update.win32_2.0.0.202105311346/tools/bin/../lib/gcc/arm-none-eabi/9.3.1/../../../../arm-none-eabi/lib/thumb/v6-m/nofp\libc_nano.a(lib_a-nano-svfprintf.o)
 .rodata._printf_i.str1.1
                0x0000000008007df5       0x22 c:/st/stm32cubeide_1.7.0/stm32cubeide/plugins/com.st.stm32cube.ide.mcu.externaltools.gnu-tools-for-stm32.9-2020-q2-update.win32_2.0.0.202105311346/tools/bin/../lib/gcc/arm-none-eabi/9.3.1/../../../../arm-none-eabi/lib/thumb/v6-m/nofp\libc_nano.a(lib_a-nano-vfprintf_i.o)
                0x0000000008007e18                . = ALIGN (0x4)
 *fill*         0x0000000008007e17        0x1 

.ARM.extab      0x0000000008007e18        0x0
                0x0000000008007e18                . = ALIGN (0x4)
 *(.ARM.extab* .gnu.linkonce.armextab.*)
                0x0000000008007e18                . = ALIGN (0x4)

.ARM            0x0000000008007e18        0x8
                0x0000000008007e18                . = ALIGN (0x4)
                0x0000000008007e18                __exidx_start = .
 *(.ARM.exidx*)
 .ARM.exidx     0x0000000008007e18        0x8 c:/st/stm32cubeide_1.7.0/stm32cubeide/plugins/com.st.stm32cube.ide.mcu.externaltools.gnu-tools-for-stm32.9-2020-q2-update.win32_2.0.0.202105311346/tools/bin/../lib/gcc/arm-none-eabi/9.3.1/thumb/v6-m/nofp\libgcc.a(_udivmoddi4.o)
                0x0000000008007e20                __exidx_end = .
                0x0000000008007e20                . = ALIGN (0x4)

.rel.dyn        0x0000000008007e20        0x0
 .rel.iplt      0x0000000008007e20        0x0 c:/st/stm32cubeide_1.7.0/stm32cubeide/plugins/com.st.stm32cube.ide.mcu.externaltools.gnu-tools-for-stm32.9-2020-q2-update.win32_2.0.0.202105311346/tools/bin/../lib/gcc/arm-none-eabi/9.3.1/thumb/v6-m/nofp/crtbegin.o

.preinit_array  0x0000000008007e20        0x0
                0x0000000008007e20                . = ALIGN (0x4)
                0x0000000008007e20                PROVIDE (__preinit_array_start = .)
 *(.preinit_array*)
                0x0000000008007e20                PROVIDE (__preinit_array_end = .)
                0x0000000008007e20                . = ALIGN (0x4)

.init_array     0x0000000008007e20        0x4
                0x0000000008007e20                . = ALIGN (0x4)
                0x0000000008007e20                PROVIDE (__init_array_start = .)
 *(SORT_BY_NAME(.init_array.*))
 *(.init_array*)
 .init_array    0x0000000008007e20        0x4 c:/st/stm32cubeide_1.7.0/stm32cubeide/plugins/com.st.stm32cube.ide.mcu.externaltools.gnu-tools-for-stm32.9-2020-q2-update.win32_2.0.0.202105311346/tools/bin/../lib/gcc/arm-none-eabi/9.3.1/thumb/v6-m/nofp/crtbegin.o
                0x0000000008007e24                PROVIDE (__init_array_end = .)
                0x0000000008007e24                . = ALIGN (0x4)

.fini_array     0x0000000008007e24        0x4
                0x0000000008007e24                . = ALIGN (0x4)
                [!provide]                        PROVIDE (__fini_array_start = .)
 *(SORT_BY_NAME(.fini_array.*))
 *(.fini_array*)
 .fini_array    0x0000000008007e24        0x4 c:/st/stm32cubeide_1.7.0/stm32cubeide/plugins/com.st.stm32cube.ide.mcu.externaltools.gnu-tools-for-stm32.9-2020-q2-update.win32_2.0.0.202105311346/tools/bin/../lib/gcc/arm-none-eabi/9.3.1/thumb/v6-m/nofp/crtbegin.o
                [!provide]                        PROVIDE (__fini_array_end = .)
                0x0000000008007e28                . = ALIGN (0x4)
                0x0000000008007e28                _sidata = LOADADDR (.data)

.data           0x0000000020000000      0x150 load address 0x0000000008007e28
                0x0000000020000000                . = ALIGN (0x4)
                0x0000000020000000                _sdata = .
 *(.data)
 *(.data*)
 .data.reset    0x0000000020000000        0x6 ./Core/Src/ble.o
                0x0000000020000000                reset
 *fill*         0x0000000020000006        0x2 
 .data.config1  0x0000000020000008        0xd ./Core/Src/ble.o
                0x0000000020000008                config1
 *fill*         0x0000000020000015        0x3 
 .data.config2  0x0000000020000018        0xd ./Core/Src/ble.o
                0x0000000020000018                config2
 *fill*         0x0000000020000025        0x3 
 .data.name     0x0000000020000028        0xa ./Core/Src/ble.o
                0x0000000020000028                name
 *fill*         0x0000000020000032        0x2 
 .data.reboot   0x0000000020000034        0x5 ./Core/Src/ble.o
                0x0000000020000034                reboot
 *fill*         0x0000000020000039        0x3 
 .data.reset2   0x000000002000003c        0x4 ./Core/Src/ble.o
                0x000000002000003c                reset2
 .data.Service  0x0000000020000040       0x25 ./Core/Src/ble.o
                0x0000000020000040                Service
 *fill*         0x0000000020000065        0x3 
 .data.Characteristic1
                0x0000000020000068       0x2b ./Core/Src/ble.o
                0x0000000020000068                Characteristic1
 *fill*         0x0000000020000093        0x1 
 .data.Characteristic2
                0x0000000020000094       0x2b ./Core/Src/ble.o
                0x0000000020000094                Characteristic2
 *fill*         0x00000000200000bf        0x1 
 .data.sleep    0x00000000200000c0       0x10 ./Core/Src/main.o
                0x00000000200000c0                sleep
 .data.d1       0x00000000200000d0        0x6 ./Core/Src/main.o
                0x00000000200000d0                d1
 *fill*         0x00000000200000d6        0x2 
 .data.d2       0x00000000200000d8        0x6 ./Core/Src/main.o
                0x00000000200000d8                d2
 *fill*         0x00000000200000de        0x2 
 .data.SystemCoreClock
                0x00000000200000e0        0x4 ./Core/Src/system_stm32l0xx.o
                0x00000000200000e0                SystemCoreClock
 .data.uwTickPrio
                0x00000000200000e4        0x4 ./Drivers/STM32L0xx_HAL_Driver/Src/stm32l0xx_hal.o
                0x00000000200000e4                uwTickPrio
 .data.uwTickFreq
                0x00000000200000e8        0x1 ./Drivers/STM32L0xx_HAL_Driver/Src/stm32l0xx_hal.o
                0x00000000200000e8                uwTickFreq
 *fill*         0x00000000200000e9        0x3 
 .data._impure_ptr
                0x00000000200000ec        0x4 c:/st/stm32cubeide_1.7.0/stm32cubeide/plugins/com.st.stm32cube.ide.mcu.externaltools.gnu-tools-for-stm32.9-2020-q2-update.win32_2.0.0.202105311346/tools/bin/../lib/gcc/arm-none-eabi/9.3.1/../../../../arm-none-eabi/lib/thumb/v6-m/nofp\libc_nano.a(lib_a-impure.o)
                0x00000000200000ec                _impure_ptr
 .data.impure_data
                0x00000000200000f0       0x60 c:/st/stm32cubeide_1.7.0/stm32cubeide/plugins/com.st.stm32cube.ide.mcu.externaltools.gnu-tools-for-stm32.9-2020-q2-update.win32_2.0.0.202105311346/tools/bin/../lib/gcc/arm-none-eabi/9.3.1/../../../../arm-none-eabi/lib/thumb/v6-m/nofp\libc_nano.a(lib_a-impure.o)
 *(.RamFunc)
 *(.RamFunc*)
                0x0000000020000150                . = ALIGN (0x4)
                0x0000000020000150                _edata = .

.igot.plt       0x0000000020000150        0x0 load address 0x0000000008007f78
 .igot.plt      0x0000000020000150        0x0 c:/st/stm32cubeide_1.7.0/stm32cubeide/plugins/com.st.stm32cube.ide.mcu.externaltools.gnu-tools-for-stm32.9-2020-q2-update.win32_2.0.0.202105311346/tools/bin/../lib/gcc/arm-none-eabi/9.3.1/thumb/v6-m/nofp/crtbegin.o
                0x0000000020000150                . = ALIGN (0x4)

.bss            0x0000000020000150      0x358 load address 0x0000000008007f78
                0x0000000020000150                _sbss = .
                0x0000000020000150                __bss_start__ = _sbss
 *(.bss)
 .bss           0x0000000020000150       0x1c c:/st/stm32cubeide_1.7.0/stm32cubeide/plugins/com.st.stm32cube.ide.mcu.externaltools.gnu-tools-for-stm32.9-2020-q2-update.win32_2.0.0.202105311346/tools/bin/../lib/gcc/arm-none-eabi/9.3.1/thumb/v6-m/nofp/crtbegin.o
 *(.bss*)
 .bss.gyro_scale_factor
                0x000000002000016c        0x4 ./Core/Src/icm20948.o
 .bss.accel_scale_factor
                0x0000000020000170        0x4 ./Core/Src/icm20948.o
 .bss.buff      0x0000000020000174       0x32 ./Core/Src/icm20948.o
                0x0000000020000174                buff
 *fill*         0x00000000200001a6        0x2 
 .bss.reg_val.7756
                0x00000000200001a8        0x6 ./Core/Src/icm20948.o
 *fill*         0x00000000200001ae        0x2 
 .bss.attempt   0x00000000200001b0        0x4 ./Core/Src/imu.o
                0x00000000200001b0                attempt
 .bss.AD_RES    0x00000000200001b4        0x4 ./Core/Src/main.o
                0x00000000200001b4                AD_RES
 .bss.__sbrk_heap_end
                0x00000000200001b8        0x4 ./Core/Src/sysmem.o
 .bss.__malloc_free_list
                0x00000000200001bc        0x4 c:/st/stm32cubeide_1.7.0/stm32cubeide/plugins/com.st.stm32cube.ide.mcu.externaltools.gnu-tools-for-stm32.9-2020-q2-update.win32_2.0.0.202105311346/tools/bin/../lib/gcc/arm-none-eabi/9.3.1/../../../../arm-none-eabi/lib/thumb/v6-m/nofp\libc_nano.a(lib_a-nano-mallocr.o)
                0x00000000200001bc                __malloc_free_list
 .bss.__malloc_sbrk_start
                0x00000000200001c0        0x4 c:/st/stm32cubeide_1.7.0/stm32cubeide/plugins/com.st.stm32cube.ide.mcu.externaltools.gnu-tools-for-stm32.9-2020-q2-update.win32_2.0.0.202105311346/tools/bin/../lib/gcc/arm-none-eabi/9.3.1/../../../../arm-none-eabi/lib/thumb/v6-m/nofp\libc_nano.a(lib_a-nano-mallocr.o)
                0x00000000200001c0                __malloc_sbrk_start
 *(COMMON)
 COMMON         0x00000000200001c4       0xa4 ./Core/Src/adc.o
                0x00000000200001c4                hdma_adc
                0x000000002000020c                hadc
 COMMON         0x0000000020000268       0x4c ./Core/Src/i2c.o
                0x0000000020000268                hi2c1
 COMMON         0x00000000200002b4       0x3a ./Core/Src/imu.o
                0x00000000200002b4                accel
                0x00000000200002bc                gyro
                0x00000000200002c4                my_accel
                0x00000000200002d0                my_mag
                0x00000000200002dc                my_gyro
                0x00000000200002e8                mag
 *fill*         0x00000000200002ee        0x2 
 COMMON         0x00000000200002f0       0x58 ./Core/Src/spi.o
                0x00000000200002f0                hspi1
 COMMON         0x0000000020000348       0x80 ./Core/Src/tim.o
                0x0000000020000348                htim3
                0x0000000020000388                htim6
 COMMON         0x00000000200003c8       0xcc ./Core/Src/usart.o
                0x00000000200003c8                hdma_usart1_rx
                0x0000000020000410                huart1
 COMMON         0x0000000020000494        0x4 ./Drivers/STM32L0xx_HAL_Driver/Src/stm32l0xx_hal.o
                0x0000000020000494                uwTick
 COMMON         0x0000000020000498        0x4 c:/st/stm32cubeide_1.7.0/stm32cubeide/plugins/com.st.stm32cube.ide.mcu.externaltools.gnu-tools-for-stm32.9-2020-q2-update.win32_2.0.0.202105311346/tools/bin/../lib/gcc/arm-none-eabi/9.3.1/../../../../arm-none-eabi/lib/thumb/v6-m/nofp\libc_nano.a(lib_a-reent.o)
                0x0000000020000498                errno
 COMMON         0x000000002000049c        0x9 c:/st/stm32cubeide_1.7.0/stm32cubeide/plugins/com.st.stm32cube.ide.mcu.externaltools.gnu-tools-for-stm32.9-2020-q2-update.win32_2.0.0.202105311346/tools/bin/../lib/gcc/arm-none-eabi/9.3.1/../../../../arm-none-eabi/lib/thumb/v6-m/nofp\libc_nano.a(lib_a-lock.o)
                0x000000002000049c                __lock___atexit_recursive_mutex
                0x000000002000049d                __lock___arc4random_mutex
                0x000000002000049e                __lock___env_recursive_mutex
                0x000000002000049f                __lock___sinit_recursive_mutex
                0x00000000200004a0                __lock___malloc_recursive_mutex
                0x00000000200004a1                __lock___at_quick_exit_mutex
                0x00000000200004a2                __lock___dd_hash_mutex
                0x00000000200004a3                __lock___tz_mutex
                0x00000000200004a4                __lock___sfp_recursive_mutex
                0x00000000200004a8                . = ALIGN (0x4)
 *fill*         0x00000000200004a5        0x3 
                0x00000000200004a8                _ebss = .
                0x00000000200004a8                __bss_end__ = _ebss

._user_heap_stack
                0x00000000200004a8      0x600 load address 0x0000000008007f78
                0x00000000200004a8                . = ALIGN (0x8)
                [!provide]                        PROVIDE (end = .)
                0x00000000200004a8                PROVIDE (_end = .)
                0x00000000200006a8                . = (. + _Min_Heap_Size)
 *fill*         0x00000000200004a8      0x200 
                0x0000000020000aa8                . = (. + _Min_Stack_Size)
 *fill*         0x00000000200006a8      0x400 
                0x0000000020000aa8                . = ALIGN (0x8)

/DISCARD/
 libc.a(*)
 libm.a(*)
 libgcc.a(*)

.ARM.attributes
                0x0000000000000000       0x28
 *(.ARM.attributes)
 .ARM.attributes
                0x0000000000000000       0x1e c:/st/stm32cubeide_1.7.0/stm32cubeide/plugins/com.st.stm32cube.ide.mcu.externaltools.gnu-tools-for-stm32.9-2020-q2-update.win32_2.0.0.202105311346/tools/bin/../lib/gcc/arm-none-eabi/9.3.1/thumb/v6-m/nofp/crti.o
 .ARM.attributes
                0x000000000000001e       0x2c c:/st/stm32cubeide_1.7.0/stm32cubeide/plugins/com.st.stm32cube.ide.mcu.externaltools.gnu-tools-for-stm32.9-2020-q2-update.win32_2.0.0.202105311346/tools/bin/../lib/gcc/arm-none-eabi/9.3.1/thumb/v6-m/nofp/crtbegin.o
 .ARM.attributes
                0x000000000000004a       0x2c ./Core/Src/adc.o
 .ARM.attributes
                0x0000000000000076       0x2c ./Core/Src/ble.o
 .ARM.attributes
                0x00000000000000a2       0x2c ./Core/Src/dma.o
 .ARM.attributes
                0x00000000000000ce       0x2c ./Core/Src/gpio.o
 .ARM.attributes
                0x00000000000000fa       0x2c ./Core/Src/i2c.o
 .ARM.attributes
                0x0000000000000126       0x2c ./Core/Src/icm20948.o
 .ARM.attributes
                0x0000000000000152       0x2c ./Core/Src/imu.o
 .ARM.attributes
                0x000000000000017e       0x2c ./Core/Src/main.o
 .ARM.attributes
                0x00000000000001aa       0x2c ./Core/Src/spi.o
 .ARM.attributes
                0x00000000000001d6       0x2c ./Core/Src/stm32l0xx_hal_msp.o
 .ARM.attributes
                0x0000000000000202       0x2c ./Core/Src/stm32l0xx_it.o
 .ARM.attributes
                0x000000000000022e       0x2c ./Core/Src/sysmem.o
 .ARM.attributes
                0x000000000000025a       0x2c ./Core/Src/system_stm32l0xx.o
 .ARM.attributes
                0x0000000000000286       0x2c ./Core/Src/tim.o
 .ARM.attributes
                0x00000000000002b2       0x2c ./Core/Src/usart.o
 .ARM.attributes
                0x00000000000002de       0x22 ./Core/Startup/startup_stm32l081kztx.o
 .ARM.attributes
                0x0000000000000300       0x2c ./Drivers/STM32L0xx_HAL_Driver/Src/stm32l0xx_hal.o
 .ARM.attributes
                0x000000000000032c       0x2c ./Drivers/STM32L0xx_HAL_Driver/Src/stm32l0xx_hal_adc.o
 .ARM.attributes
                0x0000000000000358       0x2c ./Drivers/STM32L0xx_HAL_Driver/Src/stm32l0xx_hal_cortex.o
 .ARM.attributes
                0x0000000000000384       0x2c ./Drivers/STM32L0xx_HAL_Driver/Src/stm32l0xx_hal_dma.o
 .ARM.attributes
                0x00000000000003b0       0x2c ./Drivers/STM32L0xx_HAL_Driver/Src/stm32l0xx_hal_gpio.o
 .ARM.attributes
                0x00000000000003dc       0x2c ./Drivers/STM32L0xx_HAL_Driver/Src/stm32l0xx_hal_i2c.o
 .ARM.attributes
                0x0000000000000408       0x2c ./Drivers/STM32L0xx_HAL_Driver/Src/stm32l0xx_hal_i2c_ex.o
 .ARM.attributes
                0x0000000000000434       0x2c ./Drivers/STM32L0xx_HAL_Driver/Src/stm32l0xx_hal_pwr.o
 .ARM.attributes
                0x0000000000000460       0x2c ./Drivers/STM32L0xx_HAL_Driver/Src/stm32l0xx_hal_rcc.o
 .ARM.attributes
                0x000000000000048c       0x2c ./Drivers/STM32L0xx_HAL_Driver/Src/stm32l0xx_hal_rcc_ex.o
 .ARM.attributes
                0x00000000000004b8       0x2c ./Drivers/STM32L0xx_HAL_Driver/Src/stm32l0xx_hal_spi.o
 .ARM.attributes
                0x00000000000004e4       0x2c ./Drivers/STM32L0xx_HAL_Driver/Src/stm32l0xx_hal_tim.o
 .ARM.attributes
                0x0000000000000510       0x2c ./Drivers/STM32L0xx_HAL_Driver/Src/stm32l0xx_hal_tim_ex.o
 .ARM.attributes
                0x000000000000053c       0x2c ./Drivers/STM32L0xx_HAL_Driver/Src/stm32l0xx_hal_uart.o
 .ARM.attributes
                0x0000000000000568       0x2c c:/st/stm32cubeide_1.7.0/stm32cubeide/plugins/com.st.stm32cube.ide.mcu.externaltools.gnu-tools-for-stm32.9-2020-q2-update.win32_2.0.0.202105311346/tools/bin/../lib/gcc/arm-none-eabi/9.3.1/../../../../arm-none-eabi/lib/thumb/v6-m/nofp\libc_nano.a(lib_a-errno.o)
 .ARM.attributes
                0x0000000000000594       0x2c c:/st/stm32cubeide_1.7.0/stm32cubeide/plugins/com.st.stm32cube.ide.mcu.externaltools.gnu-tools-for-stm32.9-2020-q2-update.win32_2.0.0.202105311346/tools/bin/../lib/gcc/arm-none-eabi/9.3.1/../../../../arm-none-eabi/lib/thumb/v6-m/nofp\libc_nano.a(lib_a-impure.o)
 .ARM.attributes
                0x00000000000005c0       0x2c c:/st/stm32cubeide_1.7.0/stm32cubeide/plugins/com.st.stm32cube.ide.mcu.externaltools.gnu-tools-for-stm32.9-2020-q2-update.win32_2.0.0.202105311346/tools/bin/../lib/gcc/arm-none-eabi/9.3.1/../../../../arm-none-eabi/lib/thumb/v6-m/nofp\libc_nano.a(lib_a-init.o)
 .ARM.attributes
                0x00000000000005ec       0x2c c:/st/stm32cubeide_1.7.0/stm32cubeide/plugins/com.st.stm32cube.ide.mcu.externaltools.gnu-tools-for-stm32.9-2020-q2-update.win32_2.0.0.202105311346/tools/bin/../lib/gcc/arm-none-eabi/9.3.1/../../../../arm-none-eabi/lib/thumb/v6-m/nofp\libc_nano.a(lib_a-memset.o)
 .ARM.attributes
                0x0000000000000618       0x2c c:/st/stm32cubeide_1.7.0/stm32cubeide/plugins/com.st.stm32cube.ide.mcu.externaltools.gnu-tools-for-stm32.9-2020-q2-update.win32_2.0.0.202105311346/tools/bin/../lib/gcc/arm-none-eabi/9.3.1/../../../../arm-none-eabi/lib/thumb/v6-m/nofp\libc_nano.a(lib_a-sprintf.o)
 .ARM.attributes
                0x0000000000000644       0x2c c:/st/stm32cubeide_1.7.0/stm32cubeide/plugins/com.st.stm32cube.ide.mcu.externaltools.gnu-tools-for-stm32.9-2020-q2-update.win32_2.0.0.202105311346/tools/bin/../lib/gcc/arm-none-eabi/9.3.1/../../../../arm-none-eabi/lib/thumb/v6-m/nofp\libc_nano.a(lib_a-nano-svfprintf.o)
 .ARM.attributes
                0x0000000000000670       0x2c c:/st/stm32cubeide_1.7.0/stm32cubeide/plugins/com.st.stm32cube.ide.mcu.externaltools.gnu-tools-for-stm32.9-2020-q2-update.win32_2.0.0.202105311346/tools/bin/../lib/gcc/arm-none-eabi/9.3.1/../../../../arm-none-eabi/lib/thumb/v6-m/nofp\libc_nano.a(lib_a-nano-vfprintf_i.o)
 .ARM.attributes
                0x000000000000069c       0x2c c:/st/stm32cubeide_1.7.0/stm32cubeide/plugins/com.st.stm32cube.ide.mcu.externaltools.gnu-tools-for-stm32.9-2020-q2-update.win32_2.0.0.202105311346/tools/bin/../lib/gcc/arm-none-eabi/9.3.1/../../../../arm-none-eabi/lib/thumb/v6-m/nofp\libc_nano.a(lib_a-memchr-stub.o)
 .ARM.attributes
                0x00000000000006c8       0x2c c:/st/stm32cubeide_1.7.0/stm32cubeide/plugins/com.st.stm32cube.ide.mcu.externaltools.gnu-tools-for-stm32.9-2020-q2-update.win32_2.0.0.202105311346/tools/bin/../lib/gcc/arm-none-eabi/9.3.1/../../../../arm-none-eabi/lib/thumb/v6-m/nofp\libc_nano.a(lib_a-memcpy-stub.o)
 .ARM.attributes
                0x00000000000006f4       0x2c c:/st/stm32cubeide_1.7.0/stm32cubeide/plugins/com.st.stm32cube.ide.mcu.externaltools.gnu-tools-for-stm32.9-2020-q2-update.win32_2.0.0.202105311346/tools/bin/../lib/gcc/arm-none-eabi/9.3.1/../../../../arm-none-eabi/lib/thumb/v6-m/nofp\libc_nano.a(lib_a-memmove.o)
 .ARM.attributes
                0x0000000000000720       0x2c c:/st/stm32cubeide_1.7.0/stm32cubeide/plugins/com.st.stm32cube.ide.mcu.externaltools.gnu-tools-for-stm32.9-2020-q2-update.win32_2.0.0.202105311346/tools/bin/../lib/gcc/arm-none-eabi/9.3.1/../../../../arm-none-eabi/lib/thumb/v6-m/nofp\libc_nano.a(lib_a-nano-freer.o)
 .ARM.attributes
                0x000000000000074c       0x2c c:/st/stm32cubeide_1.7.0/stm32cubeide/plugins/com.st.stm32cube.ide.mcu.externaltools.gnu-tools-for-stm32.9-2020-q2-update.win32_2.0.0.202105311346/tools/bin/../lib/gcc/arm-none-eabi/9.3.1/../../../../arm-none-eabi/lib/thumb/v6-m/nofp\libc_nano.a(lib_a-nano-mallocr.o)
 .ARM.attributes
                0x0000000000000778       0x2c c:/st/stm32cubeide_1.7.0/stm32cubeide/plugins/com.st.stm32cube.ide.mcu.externaltools.gnu-tools-for-stm32.9-2020-q2-update.win32_2.0.0.202105311346/tools/bin/../lib/gcc/arm-none-eabi/9.3.1/../../../../arm-none-eabi/lib/thumb/v6-m/nofp\libc_nano.a(lib_a-nano-reallocr.o)
 .ARM.attributes
                0x00000000000007a4       0x2c c:/st/stm32cubeide_1.7.0/stm32cubeide/plugins/com.st.stm32cube.ide.mcu.externaltools.gnu-tools-for-stm32.9-2020-q2-update.win32_2.0.0.202105311346/tools/bin/../lib/gcc/arm-none-eabi/9.3.1/../../../../arm-none-eabi/lib/thumb/v6-m/nofp\libc_nano.a(lib_a-sbrkr.o)
 .ARM.attributes
                0x00000000000007d0       0x2c c:/st/stm32cubeide_1.7.0/stm32cubeide/plugins/com.st.stm32cube.ide.mcu.externaltools.gnu-tools-for-stm32.9-2020-q2-update.win32_2.0.0.202105311346/tools/bin/../lib/gcc/arm-none-eabi/9.3.1/../../../../arm-none-eabi/lib/thumb/v6-m/nofp\libc_nano.a(lib_a-mlock.o)
 .ARM.attributes
                0x00000000000007fc       0x2c c:/st/stm32cubeide_1.7.0/stm32cubeide/plugins/com.st.stm32cube.ide.mcu.externaltools.gnu-tools-for-stm32.9-2020-q2-update.win32_2.0.0.202105311346/tools/bin/../lib/gcc/arm-none-eabi/9.3.1/../../../../arm-none-eabi/lib/thumb/v6-m/nofp\libc_nano.a(lib_a-nano-msizer.o)
 .ARM.attributes
                0x0000000000000828       0x2c c:/st/stm32cubeide_1.7.0/stm32cubeide/plugins/com.st.stm32cube.ide.mcu.externaltools.gnu-tools-for-stm32.9-2020-q2-update.win32_2.0.0.202105311346/tools/bin/../lib/gcc/arm-none-eabi/9.3.1/../../../../arm-none-eabi/lib/thumb/v6-m/nofp\libc_nano.a(lib_a-reent.o)
 .ARM.attributes
                0x0000000000000854       0x2c c:/st/stm32cubeide_1.7.0/stm32cubeide/plugins/com.st.stm32cube.ide.mcu.externaltools.gnu-tools-for-stm32.9-2020-q2-update.win32_2.0.0.202105311346/tools/bin/../lib/gcc/arm-none-eabi/9.3.1/../../../../arm-none-eabi/lib/thumb/v6-m/nofp\libc_nano.a(lib_a-lock.o)
 .ARM.attributes
                0x0000000000000880       0x1e c:/st/stm32cubeide_1.7.0/stm32cubeide/plugins/com.st.stm32cube.ide.mcu.externaltools.gnu-tools-for-stm32.9-2020-q2-update.win32_2.0.0.202105311346/tools/bin/../lib/gcc/arm-none-eabi/9.3.1/thumb/v6-m/nofp\libgcc.a(_thumb1_case_shi.o)
 .ARM.attributes
                0x000000000000089e       0x1e c:/st/stm32cubeide_1.7.0/stm32cubeide/plugins/com.st.stm32cube.ide.mcu.externaltools.gnu-tools-for-stm32.9-2020-q2-update.win32_2.0.0.202105311346/tools/bin/../lib/gcc/arm-none-eabi/9.3.1/thumb/v6-m/nofp\libgcc.a(_udivsi3.o)
 .ARM.attributes
                0x00000000000008bc       0x1e c:/st/stm32cubeide_1.7.0/stm32cubeide/plugins/com.st.stm32cube.ide.mcu.externaltools.gnu-tools-for-stm32.9-2020-q2-update.win32_2.0.0.202105311346/tools/bin/../lib/gcc/arm-none-eabi/9.3.1/thumb/v6-m/nofp\libgcc.a(_divsi3.o)
 .ARM.attributes
                0x00000000000008da       0x1e c:/st/stm32cubeide_1.7.0/stm32cubeide/plugins/com.st.stm32cube.ide.mcu.externaltools.gnu-tools-for-stm32.9-2020-q2-update.win32_2.0.0.202105311346/tools/bin/../lib/gcc/arm-none-eabi/9.3.1/thumb/v6-m/nofp\libgcc.a(_dvmd_tls.o)
 .ARM.attributes
                0x00000000000008f8       0x1e c:/st/stm32cubeide_1.7.0/stm32cubeide/plugins/com.st.stm32cube.ide.mcu.externaltools.gnu-tools-for-stm32.9-2020-q2-update.win32_2.0.0.202105311346/tools/bin/../lib/gcc/arm-none-eabi/9.3.1/thumb/v6-m/nofp\libgcc.a(_aeabi_uldivmod.o)
 .ARM.attributes
                0x0000000000000916       0x2c c:/st/stm32cubeide_1.7.0/stm32cubeide/plugins/com.st.stm32cube.ide.mcu.externaltools.gnu-tools-for-stm32.9-2020-q2-update.win32_2.0.0.202105311346/tools/bin/../lib/gcc/arm-none-eabi/9.3.1/thumb/v6-m/nofp\libgcc.a(_muldi3.o)
 .ARM.attributes
                0x0000000000000942       0x2c c:/st/stm32cubeide_1.7.0/stm32cubeide/plugins/com.st.stm32cube.ide.mcu.externaltools.gnu-tools-for-stm32.9-2020-q2-update.win32_2.0.0.202105311346/tools/bin/../lib/gcc/arm-none-eabi/9.3.1/thumb/v6-m/nofp\libgcc.a(_udivmoddi4.o)
 .ARM.attributes
                0x000000000000096e       0x2c c:/st/stm32cubeide_1.7.0/stm32cubeide/plugins/com.st.stm32cube.ide.mcu.externaltools.gnu-tools-for-stm32.9-2020-q2-update.win32_2.0.0.202105311346/tools/bin/../lib/gcc/arm-none-eabi/9.3.1/thumb/v6-m/nofp\libgcc.a(addsf3.o)
 .ARM.attributes
                0x000000000000099a       0x2c c:/st/stm32cubeide_1.7.0/stm32cubeide/plugins/com.st.stm32cube.ide.mcu.externaltools.gnu-tools-for-stm32.9-2020-q2-update.win32_2.0.0.202105311346/tools/bin/../lib/gcc/arm-none-eabi/9.3.1/thumb/v6-m/nofp\libgcc.a(subsf3.o)
 .ARM.attributes
                0x00000000000009c6       0x2c c:/st/stm32cubeide_1.7.0/stm32cubeide/plugins/com.st.stm32cube.ide.mcu.externaltools.gnu-tools-for-stm32.9-2020-q2-update.win32_2.0.0.202105311346/tools/bin/../lib/gcc/arm-none-eabi/9.3.1/thumb/v6-m/nofp\libgcc.a(fixsfsi.o)
 .ARM.attributes
                0x00000000000009f2       0x2c c:/st/stm32cubeide_1.7.0/stm32cubeide/plugins/com.st.stm32cube.ide.mcu.externaltools.gnu-tools-for-stm32.9-2020-q2-update.win32_2.0.0.202105311346/tools/bin/../lib/gcc/arm-none-eabi/9.3.1/thumb/v6-m/nofp\libgcc.a(floatsisf.o)
 .ARM.attributes
                0x0000000000000a1e       0x1e c:/st/stm32cubeide_1.7.0/stm32cubeide/plugins/com.st.stm32cube.ide.mcu.externaltools.gnu-tools-for-stm32.9-2020-q2-update.win32_2.0.0.202105311346/tools/bin/../lib/gcc/arm-none-eabi/9.3.1/thumb/v6-m/nofp\libgcc.a(_clzsi2.o)
 .ARM.attributes
                0x0000000000000a3c       0x1e c:/st/stm32cubeide_1.7.0/stm32cubeide/plugins/com.st.stm32cube.ide.mcu.externaltools.gnu-tools-for-stm32.9-2020-q2-update.win32_2.0.0.202105311346/tools/bin/../lib/gcc/arm-none-eabi/9.3.1/thumb/v6-m/nofp\libgcc.a(_clzdi2.o)
 .ARM.attributes
                0x0000000000000a5a       0x1e c:/st/stm32cubeide_1.7.0/stm32cubeide/plugins/com.st.stm32cube.ide.mcu.externaltools.gnu-tools-for-stm32.9-2020-q2-update.win32_2.0.0.202105311346/tools/bin/../lib/gcc/arm-none-eabi/9.3.1/thumb/v6-m/nofp/crtn.o
OUTPUT(RevEx.elf elf32-littlearm)
LOAD linker stubs
LOAD c:/st/stm32cubeide_1.7.0/stm32cubeide/plugins/com.st.stm32cube.ide.mcu.externaltools.gnu-tools-for-stm32.9-2020-q2-update.win32_2.0.0.202105311346/tools/bin/../lib/gcc/arm-none-eabi/9.3.1/../../../../arm-none-eabi/lib/thumb/v6-m/nofp\libc.a
LOAD c:/st/stm32cubeide_1.7.0/stm32cubeide/plugins/com.st.stm32cube.ide.mcu.externaltools.gnu-tools-for-stm32.9-2020-q2-update.win32_2.0.0.202105311346/tools/bin/../lib/gcc/arm-none-eabi/9.3.1/../../../../arm-none-eabi/lib/thumb/v6-m/nofp\libm.a
LOAD c:/st/stm32cubeide_1.7.0/stm32cubeide/plugins/com.st.stm32cube.ide.mcu.externaltools.gnu-tools-for-stm32.9-2020-q2-update.win32_2.0.0.202105311346/tools/bin/../lib/gcc/arm-none-eabi/9.3.1/thumb/v6-m/nofp\libgcc.a

.debug_info     0x0000000000000000    0x1bdb9
 .debug_info    0x0000000000000000      0x9e1 ./Core/Src/adc.o
 .debug_info    0x00000000000009e1     0x16df ./Core/Src/ble.o
 .debug_info    0x00000000000020c0      0x3b8 ./Core/Src/dma.o
 .debug_info    0x0000000000002478      0x300 ./Core/Src/gpio.o
 .debug_info    0x0000000000002778      0x9cd ./Core/Src/i2c.o
 .debug_info    0x0000000000003145     0x1e05 ./Core/Src/icm20948.o
 .debug_info    0x0000000000004f4a     0x15a9 ./Core/Src/imu.o
 .debug_info    0x00000000000064f3     0x26e3 ./Core/Src/main.o
 .debug_info    0x0000000000008bd6      0x99d ./Core/Src/spi.o
 .debug_info    0x0000000000009573      0x2c9 ./Core/Src/stm32l0xx_hal_msp.o
 .debug_info    0x000000000000983c      0xa61 ./Core/Src/stm32l0xx_it.o
 .debug_info    0x000000000000a29d      0xa25 ./Core/Src/sysmem.o
 .debug_info    0x000000000000acc2      0x363 ./Core/Src/system_stm32l0xx.o
 .debug_info    0x000000000000b025      0xa66 ./Core/Src/tim.o
 .debug_info    0x000000000000ba8b      0xa1a ./Core/Src/usart.o
 .debug_info    0x000000000000c4a5       0x22 ./Core/Startup/startup_stm32l081kztx.o
 .debug_info    0x000000000000c4c7      0x91b ./Drivers/STM32L0xx_HAL_Driver/Src/stm32l0xx_hal.o
 .debug_info    0x000000000000cde2      0xe01 ./Drivers/STM32L0xx_HAL_Driver/Src/stm32l0xx_hal_adc.o
 .debug_info    0x000000000000dbe3      0x99d ./Drivers/STM32L0xx_HAL_Driver/Src/stm32l0xx_hal_cortex.o
 .debug_info    0x000000000000e580      0x834 ./Drivers/STM32L0xx_HAL_Driver/Src/stm32l0xx_hal_dma.o
 .debug_info    0x000000000000edb4      0x788 ./Drivers/STM32L0xx_HAL_Driver/Src/stm32l0xx_hal_gpio.o
 .debug_info    0x000000000000f53c     0x21c3 ./Drivers/STM32L0xx_HAL_Driver/Src/stm32l0xx_hal_i2c.o
 .debug_info    0x00000000000116ff      0x9c1 ./Drivers/STM32L0xx_HAL_Driver/Src/stm32l0xx_hal_i2c_ex.o
 .debug_info    0x00000000000120c0      0x6fc ./Drivers/STM32L0xx_HAL_Driver/Src/stm32l0xx_hal_pwr.o
 .debug_info    0x00000000000127bc      0x9f2 ./Drivers/STM32L0xx_HAL_Driver/Src/stm32l0xx_hal_rcc.o
 .debug_info    0x00000000000131ae      0x581 ./Drivers/STM32L0xx_HAL_Driver/Src/stm32l0xx_hal_rcc_ex.o
 .debug_info    0x000000000001372f     0x1775 ./Drivers/STM32L0xx_HAL_Driver/Src/stm32l0xx_hal_spi.o
 .debug_info    0x0000000000014ea4     0x2a96 ./Drivers/STM32L0xx_HAL_Driver/Src/stm32l0xx_hal_tim.o
 .debug_info    0x000000000001793a      0x7d8 ./Drivers/STM32L0xx_HAL_Driver/Src/stm32l0xx_hal_tim_ex.o
 .debug_info    0x0000000000018112     0x3ca7 ./Drivers/STM32L0xx_HAL_Driver/Src/stm32l0xx_hal_uart.o

.debug_abbrev   0x0000000000000000     0x3bd1
 .debug_abbrev  0x0000000000000000      0x1d4 ./Core/Src/adc.o
 .debug_abbrev  0x00000000000001d4      0x294 ./Core/Src/ble.o
 .debug_abbrev  0x0000000000000468      0x11b ./Core/Src/dma.o
 .debug_abbrev  0x0000000000000583      0x11d ./Core/Src/gpio.o
 .debug_abbrev  0x00000000000006a0      0x1bb ./Core/Src/i2c.o
 .debug_abbrev  0x000000000000085b      0x39d ./Core/Src/icm20948.o
 .debug_abbrev  0x0000000000000bf8      0x25f ./Core/Src/imu.o
 .debug_abbrev  0x0000000000000e57      0x407 ./Core/Src/main.o
 .debug_abbrev  0x000000000000125e      0x1c5 ./Core/Src/spi.o
 .debug_abbrev  0x0000000000001423       0xf8 ./Core/Src/stm32l0xx_hal_msp.o
 .debug_abbrev  0x000000000000151b      0x187 ./Core/Src/stm32l0xx_it.o
 .debug_abbrev  0x00000000000016a2      0x1bf ./Core/Src/sysmem.o
 .debug_abbrev  0x0000000000001861      0x145 ./Core/Src/system_stm32l0xx.o
 .debug_abbrev  0x00000000000019a6      0x1c3 ./Core/Src/tim.o
 .debug_abbrev  0x0000000000001b69      0x1c3 ./Core/Src/usart.o
 .debug_abbrev  0x0000000000001d2c       0x12 ./Core/Startup/startup_stm32l081kztx.o
 .debug_abbrev  0x0000000000001d3e      0x267 ./Drivers/STM32L0xx_HAL_Driver/Src/stm32l0xx_hal.o
 .debug_abbrev  0x0000000000001fa5      0x222 ./Drivers/STM32L0xx_HAL_Driver/Src/stm32l0xx_hal_adc.o
 .debug_abbrev  0x00000000000021c7      0x2b4 ./Drivers/STM32L0xx_HAL_Driver/Src/stm32l0xx_hal_cortex.o
 .debug_abbrev  0x000000000000247b      0x1f0 ./Drivers/STM32L0xx_HAL_Driver/Src/stm32l0xx_hal_dma.o
 .debug_abbrev  0x000000000000266b      0x1e8 ./Drivers/STM32L0xx_HAL_Driver/Src/stm32l0xx_hal_gpio.o
 .debug_abbrev  0x0000000000002853      0x267 ./Drivers/STM32L0xx_HAL_Driver/Src/stm32l0xx_hal_i2c.o
 .debug_abbrev  0x0000000000002aba      0x1d4 ./Drivers/STM32L0xx_HAL_Driver/Src/stm32l0xx_hal_i2c_ex.o
 .debug_abbrev  0x0000000000002c8e      0x1ad ./Drivers/STM32L0xx_HAL_Driver/Src/stm32l0xx_hal_pwr.o
 .debug_abbrev  0x0000000000002e3b      0x246 ./Drivers/STM32L0xx_HAL_Driver/Src/stm32l0xx_hal_rcc.o
 .debug_abbrev  0x0000000000003081      0x1ef ./Drivers/STM32L0xx_HAL_Driver/Src/stm32l0xx_hal_rcc_ex.o
 .debug_abbrev  0x0000000000003270      0x26e ./Drivers/STM32L0xx_HAL_Driver/Src/stm32l0xx_hal_spi.o
 .debug_abbrev  0x00000000000034de      0x26f ./Drivers/STM32L0xx_HAL_Driver/Src/stm32l0xx_hal_tim.o
 .debug_abbrev  0x000000000000374d      0x1c2 ./Drivers/STM32L0xx_HAL_Driver/Src/stm32l0xx_hal_tim_ex.o
 .debug_abbrev  0x000000000000390f      0x2c2 ./Drivers/STM32L0xx_HAL_Driver/Src/stm32l0xx_hal_uart.o

.debug_aranges  0x0000000000000000     0x1528
 .debug_aranges
                0x0000000000000000       0x30 ./Core/Src/adc.o
 .debug_aranges
                0x0000000000000030       0x50 ./Core/Src/ble.o
 .debug_aranges
                0x0000000000000080       0x20 ./Core/Src/dma.o
 .debug_aranges
                0x00000000000000a0       0x20 ./Core/Src/gpio.o
 .debug_aranges
                0x00000000000000c0       0x30 ./Core/Src/i2c.o
 .debug_aranges
                0x00000000000000f0      0x158 ./Core/Src/icm20948.o
 .debug_aranges
                0x0000000000000248       0x98 ./Core/Src/imu.o
 .debug_aranges
                0x00000000000002e0       0xc0 ./Core/Src/main.o
 .debug_aranges
                0x00000000000003a0       0x30 ./Core/Src/spi.o
 .debug_aranges
                0x00000000000003d0       0x20 ./Core/Src/stm32l0xx_hal_msp.o
 .debug_aranges
                0x00000000000003f0       0x60 ./Core/Src/stm32l0xx_it.o
 .debug_aranges
                0x0000000000000450       0x20 ./Core/Src/sysmem.o
 .debug_aranges
                0x0000000000000470       0x28 ./Core/Src/system_stm32l0xx.o
 .debug_aranges
                0x0000000000000498       0x38 ./Core/Src/tim.o
 .debug_aranges
                0x00000000000004d0       0x30 ./Core/Src/usart.o
 .debug_aranges
                0x0000000000000500       0x28 ./Core/Startup/startup_stm32l081kztx.o
 .debug_aranges
                0x0000000000000528      0x110 ./Drivers/STM32L0xx_HAL_Driver/Src/stm32l0xx_hal.o
 .debug_aranges
                0x0000000000000638      0x100 ./Drivers/STM32L0xx_HAL_Driver/Src/stm32l0xx_hal_adc.o
 .debug_aranges
                0x0000000000000738       0xd8 ./Drivers/STM32L0xx_HAL_Driver/Src/stm32l0xx_hal_cortex.o
 .debug_aranges
                0x0000000000000810       0x80 ./Drivers/STM32L0xx_HAL_Driver/Src/stm32l0xx_hal_dma.o
 .debug_aranges
                0x0000000000000890       0x58 ./Drivers/STM32L0xx_HAL_Driver/Src/stm32l0xx_hal_gpio.o
 .debug_aranges
                0x00000000000008e8      0x290 ./Drivers/STM32L0xx_HAL_Driver/Src/stm32l0xx_hal_i2c.o
 .debug_aranges
                0x0000000000000b78       0x48 ./Drivers/STM32L0xx_HAL_Driver/Src/stm32l0xx_hal_i2c_ex.o
 .debug_aranges
                0x0000000000000bc0       0xa0 ./Drivers/STM32L0xx_HAL_Driver/Src/stm32l0xx_hal_pwr.o
 .debug_aranges
                0x0000000000000c60       0x80 ./Drivers/STM32L0xx_HAL_Driver/Src/stm32l0xx_hal_rcc.o
 .debug_aranges
                0x0000000000000ce0       0x58 ./Drivers/STM32L0xx_HAL_Driver/Src/stm32l0xx_hal_rcc_ex.o
 .debug_aranges
                0x0000000000000d38      0x1d0 ./Drivers/STM32L0xx_HAL_Driver/Src/stm32l0xx_hal_spi.o
 .debug_aranges
                0x0000000000000f08      0x3d0 ./Drivers/STM32L0xx_HAL_Driver/Src/stm32l0xx_hal_tim.o
 .debug_aranges
                0x00000000000012d8       0x28 ./Drivers/STM32L0xx_HAL_Driver/Src/stm32l0xx_hal_tim_ex.o
 .debug_aranges
                0x0000000000001300      0x228 ./Drivers/STM32L0xx_HAL_Driver/Src/stm32l0xx_hal_uart.o

.debug_ranges   0x0000000000000000     0x1380
 .debug_ranges  0x0000000000000000       0x20 ./Core/Src/adc.o
 .debug_ranges  0x0000000000000020       0x40 ./Core/Src/ble.o
 .debug_ranges  0x0000000000000060       0x10 ./Core/Src/dma.o
 .debug_ranges  0x0000000000000070       0x10 ./Core/Src/gpio.o
 .debug_ranges  0x0000000000000080       0x20 ./Core/Src/i2c.o
 .debug_ranges  0x00000000000000a0      0x148 ./Core/Src/icm20948.o
 .debug_ranges  0x00000000000001e8       0x88 ./Core/Src/imu.o
 .debug_ranges  0x0000000000000270       0xb0 ./Core/Src/main.o
 .debug_ranges  0x0000000000000320       0x20 ./Core/Src/spi.o
 .debug_ranges  0x0000000000000340       0x10 ./Core/Src/stm32l0xx_hal_msp.o
 .debug_ranges  0x0000000000000350       0x50 ./Core/Src/stm32l0xx_it.o
 .debug_ranges  0x00000000000003a0       0x10 ./Core/Src/sysmem.o
 .debug_ranges  0x00000000000003b0       0x18 ./Core/Src/system_stm32l0xx.o
 .debug_ranges  0x00000000000003c8       0x28 ./Core/Src/tim.o
 .debug_ranges  0x00000000000003f0       0x20 ./Core/Src/usart.o
 .debug_ranges  0x0000000000000410       0x20 ./Core/Startup/startup_stm32l081kztx.o
 .debug_ranges  0x0000000000000430      0x100 ./Drivers/STM32L0xx_HAL_Driver/Src/stm32l0xx_hal.o
 .debug_ranges  0x0000000000000530       0xf0 ./Drivers/STM32L0xx_HAL_Driver/Src/stm32l0xx_hal_adc.o
 .debug_ranges  0x0000000000000620       0xc8 ./Drivers/STM32L0xx_HAL_Driver/Src/stm32l0xx_hal_cortex.o
 .debug_ranges  0x00000000000006e8       0x70 ./Drivers/STM32L0xx_HAL_Driver/Src/stm32l0xx_hal_dma.o
 .debug_ranges  0x0000000000000758       0x48 ./Drivers/STM32L0xx_HAL_Driver/Src/stm32l0xx_hal_gpio.o
 .debug_ranges  0x00000000000007a0      0x280 ./Drivers/STM32L0xx_HAL_Driver/Src/stm32l0xx_hal_i2c.o
 .debug_ranges  0x0000000000000a20       0x38 ./Drivers/STM32L0xx_HAL_Driver/Src/stm32l0xx_hal_i2c_ex.o
 .debug_ranges  0x0000000000000a58       0x90 ./Drivers/STM32L0xx_HAL_Driver/Src/stm32l0xx_hal_pwr.o
 .debug_ranges  0x0000000000000ae8       0x70 ./Drivers/STM32L0xx_HAL_Driver/Src/stm32l0xx_hal_rcc.o
 .debug_ranges  0x0000000000000b58       0x48 ./Drivers/STM32L0xx_HAL_Driver/Src/stm32l0xx_hal_rcc_ex.o
 .debug_ranges  0x0000000000000ba0      0x1c0 ./Drivers/STM32L0xx_HAL_Driver/Src/stm32l0xx_hal_spi.o
 .debug_ranges  0x0000000000000d60      0x3c0 ./Drivers/STM32L0xx_HAL_Driver/Src/stm32l0xx_hal_tim.o
 .debug_ranges  0x0000000000001120       0x18 ./Drivers/STM32L0xx_HAL_Driver/Src/stm32l0xx_hal_tim_ex.o
 .debug_ranges  0x0000000000001138      0x248 ./Drivers/STM32L0xx_HAL_Driver/Src/stm32l0xx_hal_uart.o

.debug_macro    0x0000000000000000    0x1664f
 .debug_macro   0x0000000000000000      0x200 ./Core/Src/adc.o
 .debug_macro   0x0000000000000200      0xa7e ./Core/Src/adc.o
 .debug_macro   0x0000000000000c7e      0x131 ./Core/Src/adc.o
 .debug_macro   0x0000000000000daf       0x2e ./Core/Src/adc.o
 .debug_macro   0x0000000000000ddd       0x28 ./Core/Src/adc.o
 .debug_macro   0x0000000000000e05       0x22 ./Core/Src/adc.o
 .debug_macro   0x0000000000000e27       0x8e ./Core/Src/adc.o
 .debug_macro   0x0000000000000eb5       0x51 ./Core/Src/adc.o
 .debug_macro   0x0000000000000f06      0x103 ./Core/Src/adc.o
 .debug_macro   0x0000000000001009       0x6a ./Core/Src/adc.o
 .debug_macro   0x0000000000001073      0x1df ./Core/Src/adc.o
 .debug_macro   0x0000000000001252       0x1c ./Core/Src/adc.o
 .debug_macro   0x000000000000126e       0x22 ./Core/Src/adc.o
 .debug_macro   0x0000000000001290       0xb5 ./Core/Src/adc.o
 .debug_macro   0x0000000000001345      0x4da ./Core/Src/adc.o
 .debug_macro   0x000000000000181f      0x11f ./Core/Src/adc.o
 .debug_macro   0x000000000000193e     0x899c ./Core/Src/adc.o
 .debug_macro   0x000000000000a2da       0x66 ./Core/Src/adc.o
 .debug_macro   0x000000000000a340     0x355c ./Core/Src/adc.o
 .debug_macro   0x000000000000d89c      0x174 ./Core/Src/adc.o
 .debug_macro   0x000000000000da10       0x5b ./Core/Src/adc.o
 .debug_macro   0x000000000000da6b      0x8b5 ./Core/Src/adc.o
 .debug_macro   0x000000000000e320      0x84d ./Core/Src/adc.o
 .debug_macro   0x000000000000eb6d      0x197 ./Core/Src/adc.o
 .debug_macro   0x000000000000ed04      0x13f ./Core/Src/adc.o
 .debug_macro   0x000000000000ee43      0x1b5 ./Core/Src/adc.o
 .debug_macro   0x000000000000eff8       0x82 ./Core/Src/adc.o
 .debug_macro   0x000000000000f07a      0x295 ./Core/Src/adc.o
 .debug_macro   0x000000000000f30f      0x1e9 ./Core/Src/adc.o
 .debug_macro   0x000000000000f4f8      0x4e1 ./Core/Src/adc.o
 .debug_macro   0x000000000000f9d9       0x6b ./Core/Src/adc.o
 .debug_macro   0x000000000000fa44      0x13e ./Core/Src/adc.o
 .debug_macro   0x000000000000fb82      0x4b5 ./Core/Src/adc.o
 .debug_macro   0x0000000000010037      0x22c ./Core/Src/adc.o
 .debug_macro   0x0000000000010263       0x5b ./Core/Src/adc.o
 .debug_macro   0x00000000000102be       0xa5 ./Core/Src/adc.o
 .debug_macro   0x0000000000010363      0x18d ./Core/Src/adc.o
 .debug_macro   0x00000000000104f0       0x16 ./Core/Src/adc.o
 .debug_macro   0x0000000000010506      0x22c ./Core/Src/adc.o
 .debug_macro   0x0000000000010732      0x773 ./Core/Src/adc.o
 .debug_macro   0x0000000000010ea5       0xea ./Core/Src/adc.o
 .debug_macro   0x0000000000010f8f      0x5ba ./Core/Src/adc.o
 .debug_macro   0x0000000000011549       0x44 ./Core/Src/adc.o
 .debug_macro   0x000000000001158d      0x170 ./Core/Src/adc.o
 .debug_macro   0x00000000000116fd      0x3cf ./Core/Src/ble.o
 .debug_macro   0x0000000000011acc       0x22 ./Core/Src/ble.o
 .debug_macro   0x0000000000011aee      0x3df ./Core/Src/ble.o
 .debug_macro   0x0000000000011ecd       0x52 ./Core/Src/ble.o
 .debug_macro   0x0000000000011f1f       0x18 ./Core/Src/ble.o
 .debug_macro   0x0000000000011f37       0x3c ./Core/Src/ble.o
 .debug_macro   0x0000000000011f73       0x34 ./Core/Src/ble.o
 .debug_macro   0x0000000000011fa7       0x16 ./Core/Src/ble.o
 .debug_macro   0x0000000000011fbd       0x35 ./Core/Src/ble.o
 .debug_macro   0x0000000000011ff2      0x333 ./Core/Src/ble.o
 .debug_macro   0x0000000000012325       0x10 ./Core/Src/ble.o
 .debug_macro   0x0000000000012335       0x16 ./Core/Src/ble.o
 .debug_macro   0x000000000001234b       0x43 ./Core/Src/ble.o
 .debug_macro   0x000000000001238e       0x34 ./Core/Src/ble.o
 .debug_macro   0x00000000000123c2       0x10 ./Core/Src/ble.o
 .debug_macro   0x00000000000123d2       0x58 ./Core/Src/ble.o
 .debug_macro   0x000000000001242a       0x71 ./Core/Src/ble.o
 .debug_macro   0x000000000001249b       0x1c ./Core/Src/ble.o
 .debug_macro   0x00000000000124b7      0x12a ./Core/Src/ble.o
 .debug_macro   0x00000000000125e1       0x10 ./Core/Src/ble.o
 .debug_macro   0x00000000000125f1       0x1c ./Core/Src/ble.o
 .debug_macro   0x000000000001260d       0x52 ./Core/Src/ble.o
 .debug_macro   0x000000000001265f       0x22 ./Core/Src/ble.o
 .debug_macro   0x0000000000012681       0x10 ./Core/Src/ble.o
 .debug_macro   0x0000000000012691       0x40 ./Core/Src/ble.o
 .debug_macro   0x00000000000126d1       0xd5 ./Core/Src/ble.o
 .debug_macro   0x00000000000127a6       0x1c ./Core/Src/ble.o
 .debug_macro   0x00000000000127c2       0x3d ./Core/Src/ble.o
 .debug_macro   0x00000000000127ff       0x16 ./Core/Src/ble.o
 .debug_macro   0x0000000000012815      0x145 ./Core/Src/ble.o
 .debug_macro   0x000000000001295a       0x16 ./Core/Src/ble.o
 .debug_macro   0x0000000000012970       0x20 ./Core/Src/ble.o
 .debug_macro   0x0000000000012990      0x200 ./Core/Src/dma.o
 .debug_macro   0x0000000000012b90      0x200 ./Core/Src/gpio.o
 .debug_macro   0x0000000000012d90      0x200 ./Core/Src/i2c.o
 .debug_macro   0x0000000000012f90      0x381 ./Core/Src/icm20948.o
 .debug_macro   0x0000000000013311      0x399 ./Core/Src/imu.o
 .debug_macro   0x00000000000136aa      0x3e3 ./Core/Src/main.o
 .debug_macro   0x0000000000013a8d      0x200 ./Core/Src/spi.o
 .debug_macro   0x0000000000013c8d      0x1f6 ./Core/Src/stm32l0xx_hal_msp.o
 .debug_macro   0x0000000000013e83      0x236 ./Core/Src/stm32l0xx_it.o
 .debug_macro   0x00000000000140b9       0xff ./Core/Src/sysmem.o
 .debug_macro   0x00000000000141b8      0x23b ./Core/Src/sysmem.o
 .debug_macro   0x00000000000143f3      0x1ec ./Core/Src/system_stm32l0xx.o
 .debug_macro   0x00000000000145df      0x200 ./Core/Src/tim.o
 .debug_macro   0x00000000000147df      0x200 ./Core/Src/usart.o
 .debug_macro   0x00000000000149df      0x210 ./Drivers/STM32L0xx_HAL_Driver/Src/stm32l0xx_hal.o
 .debug_macro   0x0000000000014bef      0x1fb ./Drivers/STM32L0xx_HAL_Driver/Src/stm32l0xx_hal_adc.o
 .debug_macro   0x0000000000014dea      0x1ec ./Drivers/STM32L0xx_HAL_Driver/Src/stm32l0xx_hal_cortex.o
 .debug_macro   0x0000000000014fd6      0x1ec ./Drivers/STM32L0xx_HAL_Driver/Src/stm32l0xx_hal_dma.o
 .debug_macro   0x00000000000151c2      0x1f3 ./Drivers/STM32L0xx_HAL_Driver/Src/stm32l0xx_hal_gpio.o
 .debug_macro   0x00000000000153b5      0x2b1 ./Drivers/STM32L0xx_HAL_Driver/Src/stm32l0xx_hal_i2c.o
 .debug_macro   0x0000000000015666      0x1ec ./Drivers/STM32L0xx_HAL_Driver/Src/stm32l0xx_hal_i2c_ex.o
 .debug_macro   0x0000000000015852      0x204 ./Drivers/STM32L0xx_HAL_Driver/Src/stm32l0xx_hal_pwr.o
 .debug_macro   0x0000000000015a56      0x222 ./Drivers/STM32L0xx_HAL_Driver/Src/stm32l0xx_hal_rcc.o
 .debug_macro   0x0000000000015c78      0x1ec ./Drivers/STM32L0xx_HAL_Driver/Src/stm32l0xx_hal_rcc_ex.o