icm20948.c:24:6:icm20948_gyro_read_raw	24	static
icm20948.c:32:6:icm20948_accel_read_raw	24	static
icm20948.c:40:6:ak09916_mag_read_raw	32	static
icm20948.c:59:6:icm20948_gyro_read	24	static
icm20948.c:68:6:icm20948_accel_read	24	static
icm20948.c:77:6:ak09916_mag_read	32	static
icm20948.c:97:6:icm20948_gyro_read_dps	16	static
icm20948.c:106:6:icm20948_accel_read_g	16	static
icm20948.c:115:6:ak09916_mag_read_uT	40	static
icm20948.c:129:6:icm20948_who_am_i	24	static
icm20948.c:139:6:ak09916_who_am_i	24	static
icm20948.c:149:6:icm20948_device_reset	8	static
icm20948.c:155:6:ak09916_soft_reset	8	static
icm20948.c:161:6:icm20948_wakeup	24	static
icm20948.c:170:6:icm20948_sleep	24	static
icm20948.c:179:6:icm20948_spi_slave_enable	24	static
icm20948.c:187:6:icm20948_i2c_master_reset	24	static
icm20948.c:195:6:icm20948_i2c_master_enable	24	static
icm20948.c:204:6:icm20948_i2c_master_clk_frq	32	static
icm20948.c:212:6:icm20948_clock_source	32	static
icm20948.c:220:6:icm20948_odr_align_enable	8	static
icm20948.c:225:6:icm20948_gyro_low_pass_filter	32	static
icm20948.c:233:6:icm20948_accel_low_pass_filter	32	static
icm20948.c:241:6:icm20948_gyro_sample_rate_divider	16	static
icm20948.c:246:6:icm20948_accel_sample_rate_divider	32	static
icm20948.c:255:6:ak09916_operation_mode_setting	16	static
icm20948.c:261:6:icm20948_gyro_calibration	56	static
icm20948.c:289:6:icm20948_accel_calibration	80	static
icm20948.c:350:6:icm20948_gyro_full_scale_select	32	static
icm20948.c:377:6:icm20948_accel_full_scale_select	32	static
icm20948.c:405:13:cs_high	8	static
icm20948.c:410:13:cs_low	8	static
icm20948.c:415:13:select_user_bank	32	static
icm20948.c:426:16:read_single_icm20948_reg	32	static
icm20948.c:440:13:write_single_icm20948_reg	32	static
icm20948.c:453:10:read_multiple_icm20948_reg	32	static
icm20948.c:467:13:write_multiple_icm20948_reg	32	static
icm20948.c:478:16:read_single_ak09916_reg	16	static
icm20948.c:488:13:write_single_ak09916_reg	16	static
icm20948.c:496:10:read_multiple_ak09916_reg	16	static
