icm20948.c:24:6:icm20948_gyro_read_raw	56	static
icm20948.c:34:6:icm20948_accel_read_raw	56	static
icm20948.c:44:6:ak09916_mag_read_raw	32	static
icm20948.c:63:6:icm20948_gyro_read	24	static
icm20948.c:72:6:icm20948_accel_read	24	static
icm20948.c:81:6:ak09916_mag_read	32	static
icm20948.c:101:6:icm20948_gyro_read_dps	16	static
icm20948.c:110:6:icm20948_accel_read_g	16	static
icm20948.c:119:6:ak09916_mag_read_uT	40	static
icm20948.c:133:6:icm20948_who_am_i	24	static
icm20948.c:143:6:ak09916_who_am_i	24	static
icm20948.c:153:6:icm20948_device_reset	8	static
icm20948.c:159:6:ak09916_soft_reset	8	static
icm20948.c:165:6:icm20948_wakeup	24	static
icm20948.c:174:6:icm20948_sleep	24	static
icm20948.c:183:6:icm20948_spi_slave_enable	24	static
icm20948.c:191:6:icm20948_i2c_master_reset	24	static
icm20948.c:199:6:icm20948_i2c_master_enable	24	static
icm20948.c:208:6:icm20948_i2c_master_clk_frq	32	static
icm20948.c:216:6:icm20948_clock_source	32	static
icm20948.c:224:6:icm20948_odr_align_enable	8	static
icm20948.c:229:6:icm20948_gyro_low_pass_filter	32	static
icm20948.c:237:6:icm20948_accel_low_pass_filter	32	static
icm20948.c:245:6:icm20948_gyro_sample_rate_divider	16	static
icm20948.c:250:6:icm20948_accel_sample_rate_divider	32	static
icm20948.c:259:6:ak09916_operation_mode_setting	16	static
icm20948.c:265:6:icm20948_gyro_calibration	56	static
icm20948.c:293:6:icm20948_accel_calibration	80	static
icm20948.c:351:6:icm20948_gyro_full_scale_select	32	static
icm20948.c:378:6:icm20948_accel_full_scale_select	32	static
icm20948.c:406:13:cs_high	8	static
icm20948.c:411:13:cs_low	8	static
icm20948.c:416:13:select_user_bank	32	static
icm20948.c:427:16:read_single_icm20948_reg	32	static
icm20948.c:441:13:write_single_icm20948_reg	32	static
icm20948.c:454:10:read_multiple_icm20948_reg	32	static
icm20948.c:468:13:write_multiple_icm20948_reg	32	static
icm20948.c:479:16:read_single_ak09916_reg	16	static
icm20948.c:489:13:write_single_ak09916_reg	16	static
icm20948.c:497:10:read_multiple_ak09916_reg	16	static
