icu.c:22:6:icm20948_init	8	static
icu.c:47:6:ak09916_init	8	static
icu.c:59:6:IMU_Init	8	static
icu.c:79:6:print_imu_raw	208	static
icu.c:92:6:IMU_read_all_raw	8	static
icu.c:107:6:print_imu	184	static
icu.c:114:6:IMU_read_all	8	static
icu.c:129:9:get_magX	8	static
icu.c:134:9:get_magY	8	static
icu.c:139:9:get_magZ	8	static
icu.c:144:9:get_gyroX	8	static
icu.c:149:9:get_gyroY	8	static
icu.c:154:9:get_gyroZ	8	static
icu.c:159:9:get_accelX	8	static
icu.c:164:9:get_accelY	8	static
icu.c:169:9:get_accelZ	8	static
