imu.c:22:6:icm20948_init	8	static
imu.c:47:6:ak09916_init	8	static
imu.c:59:6:IMU_Init	8	static
imu.c:80:6:print_imu_raw	208	static
imu.c:93:6:IMU_read_all_raw	8	static
imu.c:108:6:print_imu	184	static
imu.c:115:6:IMU_read_all	8	static
imu.c:130:9:get_magX	8	static
imu.c:135:9:get_magY	8	static
imu.c:140:9:get_magZ	8	static
imu.c:145:9:get_gyroX	8	static
imu.c:150:9:get_gyroY	8	static
imu.c:155:9:get_gyroZ	8	static
imu.c:160:9:get_accelX	8	static
imu.c:165:9:get_accelY	8	static
imu.c:170:9:get_accelZ	8	static
