core_cm0plus.h:741:22:__NVIC_EnableIRQ	16	static
core_cm0plus.h:848:22:__NVIC_SetPriority	24	static
main.c:69:6:initialize_gpioa	8	static
main.c:76:6:initialize_gpiob	8	static
main.c:83:6:setup_gpio	24	static
main.c:199:6:setup_alt	24	static
main.c:213:6:toggle_on	16	static
main.c:218:6:toggle_off	16	static
main.c:223:5:get_gpio	24	static
main.c:233:6:setup_tim2	16	static
main.c:252:6:setup_tim6	8	static
main.c:267:6:PWM_config	8	static
main.c:291:6:ADC_config	16	static
main.c:330:6:print_adc	40	static
main.c:346:6:sample	8	static,ignoring_inline_asm
main.c:368:6:debug_imu	112	static
main.c:379:6:reset_reg	8	static
main.c:407:5:main	16	static,ignoring_inline_asm
main.c:474:6:SystemClock_Config	120	static
main.c:524:6:Error_Handler	8	static,ignoring_inline_asm
