core_cm0plus.h:741:22:__NVIC_EnableIRQ	16	static
core_cm0plus.h:848:22:__NVIC_SetPriority	24	static
main.c:75:6:initialize_gpioa	8	static
main.c:82:6:intialize_gpiob	8	static
main.c:89:6:setup_gpio	24	static
main.c:107:6:toggle_on	16	static
main.c:112:6:toggle_aoff	16	static
main.c:117:5:get_gpioa	24	static
main.c:127:6:setup_tim2	8	static
main.c:141:6:PWM_config	8	static
main.c:165:6:ADC_config	8	static
main.c:203:6:print	32	static
main.c:210:6:sample	8	static
main.c:237:5:main	8	static
main.c:292:6:SystemClock_Config	120	static
main.c:342:6:Error_Handler	8	static,ignoring_inline_asm
