19:05:24 **** Incremental Build of configuration Debug for project RevEx ****
make -j8 all 
arm-none-eabi-gcc "../Core/Src/imu.c" -mcpu=cortex-m0plus -std=gnu11 -g3 -DDEBUG -DUSE_HAL_DRIVER -DSTM32L081xx -c -I../Core/Inc -I../Drivers/STM32L0xx_HAL_Driver/Inc -I../Drivers/STM32L0xx_HAL_Driver/Inc/Legacy -I../Drivers/CMSIS/Device/ST/STM32L0xx/Include -I../Drivers/CMSIS/Include -O0 -ffunction-sections -fdata-sections -Wall -fstack-usage -MMD -MP -MF"Core/Src/imu.d" -MT"Core/Src/imu.o" --specs=nano.specs -mfloat-abi=soft -mthumb -o "Core/Src/imu.o"
arm-none-eabi-gcc "../Core/Src/stm32l0xx_hal_msp.c" -mcpu=cortex-m0plus -std=gnu11 -g3 -DDEBUG -DUSE_HAL_DRIVER -DSTM32L081xx -c -I../Core/Inc -I../Drivers/STM32L0xx_HAL_Driver/Inc -I../Drivers/STM32L0xx_HAL_Driver/Inc/Legacy -I../Drivers/CMSIS/Device/ST/STM32L0xx/Include -I../Drivers/CMSIS/Include -O0 -ffunction-sections -fdata-sections -Wall -fstack-usage -MMD -MP -MF"Core/Src/stm32l0xx_hal_msp.d" -MT"Core/Src/stm32l0xx_hal_msp.o" --specs=nano.specs -mfloat-abi=soft -mthumb -o "Core/Src/stm32l0xx_hal_msp.o"
arm-none-eabi-gcc "../Core/Src/stm32l0xx_it.c" -mcpu=cortex-m0plus -std=gnu11 -g3 -DDEBUG -DUSE_HAL_DRIVER -DSTM32L081xx -c -I../Core/Inc -I../Drivers/STM32L0xx_HAL_Driver/Inc -I../Drivers/STM32L0xx_HAL_Driver/Inc/Legacy -I../Drivers/CMSIS/Device/ST/STM32L0xx/Include -I../Drivers/CMSIS/Include -O0 -ffunction-sections -fdata-sections -Wall -fstack-usage -MMD -MP -MF"Core/Src/stm32l0xx_it.d" -MT"Core/Src/stm32l0xx_it.o" --specs=nano.specs -mfloat-abi=soft -mthumb -o "Core/Src/stm32l0xx_it.o"
arm-none-eabi-gcc "../Core/Src/syscalls.c" -mcpu=cortex-m0plus -std=gnu11 -g3 -DDEBUG -DUSE_HAL_DRIVER -DSTM32L081xx -c -I../Core/Inc -I../Drivers/STM32L0xx_HAL_Driver/Inc -I../Drivers/STM32L0xx_HAL_Driver/Inc/Legacy -I../Drivers/CMSIS/Device/ST/STM32L0xx/Include -I../Drivers/CMSIS/Include -O0 -ffunction-sections -fdata-sections -Wall -fstack-usage -MMD -MP -MF"Core/Src/syscalls.d" -MT"Core/Src/syscalls.o" --specs=nano.specs -mfloat-abi=soft -mthumb -o "Core/Src/syscalls.o"
arm-none-eabi-gcc "../Core/Src/sysmem.c" -mcpu=cortex-m0plus -std=gnu11 -g3 -DDEBUG -DUSE_HAL_DRIVER -DSTM32L081xx -c -I../Core/Inc -I../Drivers/STM32L0xx_HAL_Driver/Inc -I../Drivers/STM32L0xx_HAL_Driver/Inc/Legacy -I../Drivers/CMSIS/Device/ST/STM32L0xx/Include -I../Drivers/CMSIS/Include -O0 -ffunction-sections -fdata-sections -Wall -fstack-usage -MMD -MP -MF"Core/Src/sysmem.d" -MT"Core/Src/sysmem.o" --specs=nano.specs -mfloat-abi=soft -mthumb -o "Core/Src/sysmem.o"
arm-none-eabi-gcc "../Core/Src/system_stm32l0xx.c" -mcpu=cortex-m0plus -std=gnu11 -g3 -DDEBUG -DUSE_HAL_DRIVER -DSTM32L081xx -c -I../Core/Inc -I../Drivers/STM32L0xx_HAL_Driver/Inc -I../Drivers/STM32L0xx_HAL_Driver/Inc/Legacy -I../Drivers/CMSIS/Device/ST/STM32L0xx/Include -I../Drivers/CMSIS/Include -O0 -ffunction-sections -fdata-sections -Wall -fstack-usage -MMD -MP -MF"Core/Src/system_stm32l0xx.d" -MT"Core/Src/system_stm32l0xx.o" --specs=nano.specs -mfloat-abi=soft -mthumb -o "Core/Src/system_stm32l0xx.o"
arm-none-eabi-gcc "../Core/Src/tim.c" -mcpu=cortex-m0plus -std=gnu11 -g3 -DDEBUG -DUSE_HAL_DRIVER -DSTM32L081xx -c -I../Core/Inc -I../Drivers/STM32L0xx_HAL_Driver/Inc -I../Drivers/STM32L0xx_HAL_Driver/Inc/Legacy -I../Drivers/CMSIS/Device/ST/STM32L0xx/Include -I../Drivers/CMSIS/Include -O0 -ffunction-sections -fdata-sections -Wall -fstack-usage -MMD -MP -MF"Core/Src/tim.d" -MT"Core/Src/tim.o" --specs=nano.specs -mfloat-abi=soft -mthumb -o "Core/Src/tim.o"
arm-none-eabi-gcc "../Core/Src/usart.c" -mcpu=cortex-m0plus -std=gnu11 -g3 -DDEBUG -DUSE_HAL_DRIVER -DSTM32L081xx -c -I../Core/Inc -I../Drivers/STM32L0xx_HAL_Driver/Inc -I../Drivers/STM32L0xx_HAL_Driver/Inc/Legacy -I../Drivers/CMSIS/Device/ST/STM32L0xx/Include -I../Drivers/CMSIS/Include -O0 -ffunction-sections -fdata-sections -Wall -fstack-usage -MMD -MP -MF"Core/Src/usart.d" -MT"Core/Src/usart.o" --specs=nano.specs -mfloat-abi=soft -mthumb -o "Core/Src/usart.o"
arm-none-eabi-gcc -o "RevEx.elf" @"objects.list"   -mcpu=cortex-m0plus -T"C:\Users\rumple0\Documents\Embedded-Software\revex\STM32L081KZTX_FLASH.ld" --specs=nosys.specs -Wl,-Map="RevEx.map" -Wl,--gc-sections -static --specs=nano.specs -mfloat-abi=soft -mthumb -Wl,--start-group -lc -lm -Wl,--end-group
Finished building target: RevEx.elf
 
arm-none-eabi-size   RevEx.elf 
arm-none-eabi-objdump -h -S  RevEx.elf  > "RevEx.list"
arm-none-eabi-objcopy  -O binary  RevEx.elf  "RevEx.bin"
   text	   data	    bss	    dec	    hex	filename
  31400	    312	   2344	  34056	   8508	RevEx.elf
Finished building: default.size.stdout
 
Finished building: RevEx.bin
 
Finished building: RevEx.list
 
19:06:42 **** Incremental Build of configuration Debug for project RevEx ****
make -j8 all 
arm-none-eabi-size   RevEx.elf 
   text	   data	    bss	    dec	    hex	filename
  31400	    312	   2344	  34056	   8508	RevEx.elf
Finished building: default.size.stdout
 
19:07:05 **** Incremental Build of configuration Debug for project RevEx ****
make -j8 all 
arm-none-eabi-size   RevEx.elf 
   text	   data	    bss	    dec	    hex	filename
  31400	    312	   2344	  34056	   8508	RevEx.elf
Finished building: default.size.stdout
 
19:16:31 **** Incremental Build of configuration Debug for project RevEx ****
make -j8 all 
arm-none-eabi-size   RevEx.elf 
   text	   data	    bss	    dec	    hex	filename
  31400	    312	   2344	  34056	   8508	RevEx.elf
Finished building: default.size.stdout
 
19:42:19 **** Incremental Build of configuration Debug for project RevEx ****
make -j8 all 
arm-none-eabi-gcc "../Core/Src/imu.c" -mcpu=cortex-m0plus -std=gnu11 -g3 -DDEBUG -DUSE_HAL_DRIVER -DSTM32L081xx -c -I../Core/Inc -I../Drivers/STM32L0xx_HAL_Driver/Inc -I../Drivers/STM32L0xx_HAL_Driver/Inc/Legacy -I../Drivers/CMSIS/Device/ST/STM32L0xx/Include -I../Drivers/CMSIS/Include -O0 -ffunction-sections -fdata-sections -Wall -fstack-usage -MMD -MP -MF"Core/Src/imu.d" -MT"Core/Src/imu.o" --specs=nano.specs -mfloat-abi=soft -mthumb -o "Core/Src/imu.o"
arm-none-eabi-gcc -o "RevEx.elf" @"objects.list"   -mcpu=cortex-m0plus -T"C:\Users\rumple0\Documents\Embedded-Software\revex\STM32L081KZTX_FLASH.ld" --specs=nosys.specs -Wl,-Map="RevEx.map" -Wl,--gc-sections -static --specs=nano.specs -mfloat-abi=soft -mthumb -Wl,--start-group -lc -lm -Wl,--end-group
Finished building target: RevEx.elf
 
arm-none-eabi-size   RevEx.elf 
arm-none-eabi-objdump -h -S  RevEx.elf  > "RevEx.list"
arm-none-eabi-objcopy  -O binary  RevEx.elf  "RevEx.bin"
   text	   data	    bss	    dec	    hex	filename
  31400	    312	   2344	  34056	   8508	RevEx.elf
Finished building: default.size.stdout
 
Finished building: RevEx.bin
 
Finished building: RevEx.list
 
19:44:35 **** Incremental Build of configuration Debug for project RevEx ****
make -j8 all 
arm-none-eabi-size   RevEx.elf 
   text	   data	    bss	    dec	    hex	filename
  31400	    312	   2344	  34056	   8508	RevEx.elf
Finished building: default.size.stdout
 
19:54:18 **** Incremental Build of configuration Debug for project RevEx ****
make -j8 all 
arm-none-eabi-gcc "../Core/Src/imu.c" -mcpu=cortex-m0plus -std=gnu11 -g3 -DDEBUG -DUSE_HAL_DRIVER -DSTM32L081xx -c -I../Core/Inc -I../Drivers/STM32L0xx_HAL_Driver/Inc -I../Drivers/STM32L0xx_HAL_Driver/Inc/Legacy -I../Drivers/CMSIS/Device/ST/STM32L0xx/Include -I../Drivers/CMSIS/Include -O0 -ffunction-sections -fdata-sections -Wall -fstack-usage -MMD -MP -MF"Core/Src/imu.d" -MT"Core/Src/imu.o" --specs=nano.specs -mfloat-abi=soft -mthumb -o "Core/Src/imu.o"
arm-none-eabi-gcc -o "RevEx.elf" @"objects.list"   -mcpu=cortex-m0plus -T"C:\Users\rumple0\Documents\Embedded-Software\revex\STM32L081KZTX_FLASH.ld" --specs=nosys.specs -Wl,-Map="RevEx.map" -Wl,--gc-sections -static --specs=nano.specs -mfloat-abi=soft -mthumb -Wl,--start-group -lc -lm -Wl,--end-group
Finished building target: RevEx.elf
 
arm-none-eabi-size   RevEx.elf 
arm-none-eabi-objdump -h -S  RevEx.elf  > "RevEx.list"
arm-none-eabi-objcopy  -O binary  RevEx.elf  "RevEx.bin"
Finished building: RevEx.bin
 
   text	   data	    bss	    dec	    hex	filename
  31400	    312	   2344	  34056	   8508	RevEx.elf
Finished building: default.size.stdout
Finished building: RevEx.list
 
 
19:59:10 **** Incremental Build of configuration Debug for project RevEx ****
make -j8 all 
arm-none-eabi-gcc "../Core/Src/icm20948.c" -mcpu=cortex-m0plus -std=gnu11 -g3 -DDEBUG -DUSE_HAL_DRIVER -DSTM32L081xx -c -I../Core/Inc -I../Drivers/STM32L0xx_HAL_Driver/Inc -I../Drivers/STM32L0xx_HAL_Driver/Inc/Legacy -I../Drivers/CMSIS/Device/ST/STM32L0xx/Include -I../Drivers/CMSIS/Include -O0 -ffunction-sections -fdata-sections -Wall -fstack-usage -MMD -MP -MF"Core/Src/icm20948.d" -MT"Core/Src/icm20948.o" --specs=nano.specs -mfloat-abi=soft -mthumb -o "Core/Src/icm20948.o"
arm-none-eabi-gcc -o "RevEx.elf" @"objects.list"   -mcpu=cortex-m0plus -T"C:\Users\rumple0\Documents\Embedded-Software\revex\STM32L081KZTX_FLASH.ld" --specs=nosys.specs -Wl,-Map="RevEx.map" -Wl,--gc-sections -static --specs=nano.specs -mfloat-abi=soft -mthumb -Wl,--start-group -lc -lm -Wl,--end-group
Finished building target: RevEx.elf
 
arm-none-eabi-size   RevEx.elf 
arm-none-eabi-objdump -h -S  RevEx.elf  > "RevEx.list"
arm-none-eabi-objcopy  -O binary  RevEx.elf  "RevEx.bin"
   text	   data	    bss	    dec	    hex	filename
  30488	    312	   2344	  33144	   8178	RevEx.elf
Finished building: default.size.stdout
 
Finished building: RevEx.bin
 
Finished building: RevEx.list
 
20:01:58 **** Incremental Build of configuration Debug for project RevEx ****
make -j8 all 
arm-none-eabi-gcc "../Core/Src/imu.c" -mcpu=cortex-m0plus -std=gnu11 -g3 -DDEBUG -DUSE_HAL_DRIVER -DSTM32L081xx -c -I../Core/Inc -I../Drivers/STM32L0xx_HAL_Driver/Inc -I../Drivers/STM32L0xx_HAL_Driver/Inc/Legacy -I../Drivers/CMSIS/Device/ST/STM32L0xx/Include -I../Drivers/CMSIS/Include -O0 -ffunction-sections -fdata-sections -Wall -fstack-usage -MMD -MP -MF"Core/Src/imu.d" -MT"Core/Src/imu.o" --specs=nano.specs -mfloat-abi=soft -mthumb -o "Core/Src/imu.o"
arm-none-eabi-gcc -o "RevEx.elf" @"objects.list"   -mcpu=cortex-m0plus -T"C:\Users\rumple0\Documents\Embedded-Software\revex\STM32L081KZTX_FLASH.ld" --specs=nosys.specs -Wl,-Map="RevEx.map" -Wl,--gc-sections -static --specs=nano.specs -mfloat-abi=soft -mthumb -Wl,--start-group -lc -lm -Wl,--end-group
Finished building target: RevEx.elf
 
arm-none-eabi-size   RevEx.elf 
arm-none-eabi-objdump -h -S  RevEx.elf  > "RevEx.list"
arm-none-eabi-objcopy  -O binary  RevEx.elf  "RevEx.bin"
   text	   data	    bss	    dec	    hex	filename
  30488	    312	   2344	  33144	   8178	RevEx.elf
Finished building: default.size.stdout
 
Finished building: RevEx.bin
 
Finished building: RevEx.list
 
20:08:44 **** Incremental Build of configuration Debug for project RevEx ****
make -j8 all 
arm-none-eabi-gcc "../Core/Src/icm20948.c" -mcpu=cortex-m0plus -std=gnu11 -g3 -DDEBUG -DUSE_HAL_DRIVER -DSTM32L081xx -c -I../Core/Inc -I../Drivers/STM32L0xx_HAL_Driver/Inc -I../Drivers/STM32L0xx_HAL_Driver/Inc/Legacy -I../Drivers/CMSIS/Device/ST/STM32L0xx/Include -I../Drivers/CMSIS/Include -O0 -ffunction-sections -fdata-sections -Wall -fstack-usage -MMD -MP -MF"Core/Src/icm20948.d" -MT"Core/Src/icm20948.o" --specs=nano.specs -mfloat-abi=soft -mthumb -o "Core/Src/icm20948.o"
arm-none-eabi-gcc -o "RevEx.elf" @"objects.list"   -mcpu=cortex-m0plus -T"C:\Users\rumple0\Documents\Embedded-Software\revex\STM32L081KZTX_FLASH.ld" --specs=nosys.specs -Wl,-Map="RevEx.map" -Wl,--gc-sections -static --specs=nano.specs -mfloat-abi=soft -mthumb -Wl,--start-group -lc -lm -Wl,--end-group
Finished building target: RevEx.elf
 
arm-none-eabi-size   RevEx.elf 
arm-none-eabi-objdump -h -S  RevEx.elf  > "RevEx.list"
arm-none-eabi-objcopy  -O binary  RevEx.elf  "RevEx.bin"
   text	   data	    bss	    dec	    hex	filename
  31400	    312	   2344	  34056	   8508	RevEx.elf
Finished building: default.size.stdout
 
Finished building: RevEx.bin
 
Finished building: RevEx.list
 
20:14:14 **** Incremental Build of configuration Debug for project RevEx ****
make -j8 all 
arm-none-eabi-gcc "../Core/Src/icm20948.c" -mcpu=cortex-m0plus -std=gnu11 -g3 -DDEBUG -DUSE_HAL_DRIVER -DSTM32L081xx -c -I../Core/Inc -I../Drivers/STM32L0xx_HAL_Driver/Inc -I../Drivers/STM32L0xx_HAL_Driver/Inc/Legacy -I../Drivers/CMSIS/Device/ST/STM32L0xx/Include -I../Drivers/CMSIS/Include -O0 -ffunction-sections -fdata-sections -Wall -fstack-usage -MMD -MP -MF"Core/Src/icm20948.d" -MT"Core/Src/icm20948.o" --specs=nano.specs -mfloat-abi=soft -mthumb -o "Core/Src/icm20948.o"
arm-none-eabi-gcc -o "RevEx.elf" @"objects.list"   -mcpu=cortex-m0plus -T"C:\Users\rumple0\Documents\Embedded-Software\revex\STM32L081KZTX_FLASH.ld" --specs=nosys.specs -Wl,-Map="RevEx.map" -Wl,--gc-sections -static --specs=nano.specs -mfloat-abi=soft -mthumb -Wl,--start-group -lc -lm -Wl,--end-group
Finished building target: RevEx.elf
 
arm-none-eabi-size   RevEx.elf 
arm-none-eabi-objdump -h -S  RevEx.elf  > "RevEx.list"
arm-none-eabi-objcopy  -O binary  RevEx.elf  "RevEx.bin"
   text	   data	    bss	    dec	    hex	filename
  31400	    312	   2344	  34056	   8508	RevEx.elf
Finished building: default.size.stdout
 
Finished building: RevEx.list
 
Finished building: RevEx.bin
 
20:15:43 **** Incremental Build of configuration Debug for project RevEx ****
make -j8 all 
arm-none-eabi-gcc "../Core/Src/icm20948.c" -mcpu=cortex-m0plus -std=gnu11 -g3 -DDEBUG -DUSE_HAL_DRIVER -DSTM32L081xx -c -I../Core/Inc -I../Drivers/STM32L0xx_HAL_Driver/Inc -I../Drivers/STM32L0xx_HAL_Driver/Inc/Legacy -I../Drivers/CMSIS/Device/ST/STM32L0xx/Include -I../Drivers/CMSIS/Include -O0 -ffunction-sections -fdata-sections -Wall -fstack-usage -MMD -MP -MF"Core/Src/icm20948.d" -MT"Core/Src/icm20948.o" --specs=nano.specs -mfloat-abi=soft -mthumb -o "Core/Src/icm20948.o"
arm-none-eabi-gcc -o "RevEx.elf" @"objects.list"   -mcpu=cortex-m0plus -T"C:\Users\rumple0\Documents\Embedded-Software\revex\STM32L081KZTX_FLASH.ld" --specs=nosys.specs -Wl,-Map="RevEx.map" -Wl,--gc-sections -static --specs=nano.specs -mfloat-abi=soft -mthumb -Wl,--start-group -lc -lm -Wl,--end-group
Finished building target: RevEx.elf
 
arm-none-eabi-size   RevEx.elf 
arm-none-eabi-objdump -h -S  RevEx.elf  > "RevEx.list"
arm-none-eabi-objcopy  -O binary  RevEx.elf  "RevEx.bin"
   text	   data	    bss	    dec	    hex	filename
  31400	    312	   2344	  34056	   8508	RevEx.elf
Finished building: default.size.stdout
 
Finished building: RevEx.bin
 
Finished building: RevEx.list
 
20:23:18 **** Incremental Build of configuration Debug for project RevEx ****
make -j8 all 
arm-none-eabi-gcc "../Core/Src/icm20948.c" -mcpu=cortex-m0plus -std=gnu11 -g3 -DDEBUG -DUSE_HAL_DRIVER -DSTM32L081xx -c -I../Core/Inc -I../Drivers/STM32L0xx_HAL_Driver/Inc -I../Drivers/STM32L0xx_HAL_Driver/Inc/Legacy -I../Drivers/CMSIS/Device/ST/STM32L0xx/Include -I../Drivers/CMSIS/Include -O0 -ffunction-sections -fdata-sections -Wall -fstack-usage -MMD -MP -MF"Core/Src/icm20948.d" -MT"Core/Src/icm20948.o" --specs=nano.specs -mfloat-abi=soft -mthumb -o "Core/Src/icm20948.o"
arm-none-eabi-gcc -o "RevEx.elf" @"objects.list"   -mcpu=cortex-m0plus -T"C:\Users\rumple0\Documents\Embedded-Software\revex\STM32L081KZTX_FLASH.ld" --specs=nosys.specs -Wl,-Map="RevEx.map" -Wl,--gc-sections -static --specs=nano.specs -mfloat-abi=soft -mthumb -Wl,--start-group -lc -lm -Wl,--end-group
Finished building target: RevEx.elf
 
arm-none-eabi-size   RevEx.elf 
arm-none-eabi-objdump -h -S  RevEx.elf  > "RevEx.list"
arm-none-eabi-objcopy  -O binary  RevEx.elf  "RevEx.bin"
   text	   data	    bss	    dec	    hex	filename
  31416	    312	   2344	  34072	   8518	RevEx.elf
Finished building: default.size.stdout
 
Finished building: RevEx.bin
 
Finished building: RevEx.list
 
