20:23:18 **** Incremental Build of configuration Debug for project RevEx ****
make -j8 all 
arm-none-eabi-gcc "../Core/Src/icm20948.c" -mcpu=cortex-m0plus -std=gnu11 -g3 -DDEBUG -DUSE_HAL_DRIVER -DSTM32L081xx -c -I../Core/Inc -I../Drivers/STM32L0xx_HAL_Driver/Inc -I../Drivers/STM32L0xx_HAL_Driver/Inc/Legacy -I../Drivers/CMSIS/Device/ST/STM32L0xx/Include -I../Drivers/CMSIS/Include -O0 -ffunction-sections -fdata-sections -Wall -fstack-usage -MMD -MP -MF"Core/Src/icm20948.d" -MT"Core/Src/icm20948.o" --specs=nano.specs -mfloat-abi=soft -mthumb -o "Core/Src/icm20948.o"
arm-none-eabi-gcc -o "RevEx.elf" @"objects.list"   -mcpu=cortex-m0plus -T"C:\Users\rumple0\Documents\Embedded-Software\revex\STM32L081KZTX_FLASH.ld" --specs=nosys.specs -Wl,-Map="RevEx.map" -Wl,--gc-sections -static --specs=nano.specs -mfloat-abi=soft -mthumb -Wl,--start-group -lc -lm -Wl,--end-group
Finished building target: RevEx.elf
 
arm-none-eabi-size   RevEx.elf 
arm-none-eabi-objdump -h -S  RevEx.elf  > "RevEx.list"
arm-none-eabi-objcopy  -O binary  RevEx.elf  "RevEx.bin"
   text	   data	    bss	    dec	    hex	filename
  31416	    312	   2344	  34072	   8518	RevEx.elf
Finished building: default.size.stdout
 
Finished building: RevEx.bin
 
Finished building: RevEx.list
 

20:23:20 Build Finished. 0 errors, 0 warnings. (took 1s.147ms)

